Microchip MPLAB XC8 Compiler V1.30 ()

Linker command line:

--edf=C:\Program Files (x86)\Microchip\xc8\v1.30\dat\en_msgs.txt -cs \
  -h+dist/default/production\Tomcat_Surface.X.production.sym \
  --cmf=dist/default/production\Tomcat_Surface.X.production.cmf -z \
  -Q18F4520 -oC:\Users\Mike\AppData\Local\Temp\s1gs.6 \
  -Mdist/default/production/Tomcat_Surface.X.production.map -E1 -ver=XC8 \
  -ASTACK=01A6h-05ffh -pstack=STACK -ACODE=00h-07FFFh -ACONST=00h-07FFFh \
  -ASMALLCONST=0600h-06FFhx122 -AMEDIUMCONST=0600h-07FFFh -ACOMRAM=01h-07Fh \
  -AABS1=00h-05FFh -ABIGRAM=01h-05FFh -ARAM=080h-0FFh,0100h-01FFhx5 \
  -ABANK0=080h-0FFh -ABANK1=0100h-01FFh -ABANK2=0200h-02FFh \
  -ABANK3=0300h-03FFh -ABANK4=0400h-04FFh -ABANK5=0500h-05FFh \
  -ASFR=0F80h-0FFFh \
  -preset_vec=00h,intcode=08h,intcodelo,powerup,init,end_init \
  -pramtop=0600h -psmallconst=SMALLCONST -pmediumconst=MEDIUMCONST \
  -pconst=CONST -AFARRAM=00h-00h -ACONFIG=0300000h-030000Dh -pconfig=CONFIG \
  -AIDLOC=0200000h-0200007h -pidloc=IDLOC -AEEDATA=0F00000h-0F000FFh \
  -peeprom_data=EEDATA \
  -prdata=COMRAM,nvrram=COMRAM,nvbit=COMRAM,rbss=COMRAM,rbit=COMRAM \
  -pfarbss=FARRAM,fardata=FARRAM,nvFARRAM=FARRAM \
  -pintsave_regs=BIGRAM,bigbss=BIGRAM,bigdata=BIGRAM -pbss=RAM \
  -pidata=CODE,irdata=CODE,ibigdata=CODE,ifardata=CODE \
  C:\Users\Mike\AppData\Local\Temp\s1gs.obj \
  dist/default/production\Tomcat_Surface.X.production.obj 

Object code version is 3.11

Machine type is 18F4520

Call graph: (short form)




                Name                               Link     Load   Length Selector   Space Scale
C:\Users\Mike\AppData\Local\Temp\s1gs.obj
                end_init                             14       14        4        4       0
                reset_vec                             0        0        4        0       0
                idloc                            200000   200000        8   200000       0
                config                           300000   300000        E   300000       0
dist/default/production\Tomcat_Surface.X.production.obj
                intcode                               8        8        C        4       0
                smallconst                          600      600       E4      300       0
                intcode_body                       1190     1190       8E      372       0
                text24                             171E     171E       12      372       0
                text23                             16D8     16D8       1A      372       0
                text22                             1550     1550       3C      372       0
                text21                             135A     135A       5C      372       0
                text20                              F04      F04      106      372       0
                text19                             1290     1290       6A      372       0
                text18                             15C6     15C6       3A      372       0
                text17                             121E     121E       72      372       0
                text16                             14BC     14BC       4E      372       0
                text15                             1688     1688       2A      372       0
                text14                             100A     100A       CE      372       0
                text13                             165E     165E       2A      372       0
                text12                             1634     1634       2A      372       0
                text11                             170A     170A       14      372       0
                text10                             16B2     16B2       26      372       0
                text9                              1600     1600       34      372       0
                text8                              1466     1466       56      372       0
                text7                              150A     150A       46      372       0
                text6                               D9E      D9E      166      372       0
                text5                              158C     158C       3A      372       0
                text4                              12FA     12FA       60      372       0
                text3                              140E     140E       58      372       0
                text2                              13B6     13B6       58      372       0
                text1                              10D8     10D8       B8      372       0
                text0                               6E4      6E4      6BA      372       0
                cstackCOMRAM                          1        1       45        1       1
                cstackBANK1                         100      100       A4      100       1
                bssBANK1                            1A4      1A4        2      100       1
                bssCOMRAM                            46       46        4        1       1
                cinit                              16F2     16F2       18      372       0

TOTAL           Name                               Link     Load   Length     Space
        CLASS   STACK          

        CLASS   CODE           
                end_init                             14       14        4         0
                intcode                               8        8        C         0
                reset_vec                             0        0        4         0
                intcode_body                       1190     1190       8E         0
                text24                             171E     171E       12         0
                text23                             16D8     16D8       1A         0
                text22                             1550     1550       3C         0
                text21                             135A     135A       5C         0
                text20                              F04      F04      106         0
                text19                             1290     1290       6A         0
                text18                             15C6     15C6       3A         0
                text17                             121E     121E       72         0
                text16                             14BC     14BC       4E         0
                text15                             1688     1688       2A         0
                text14                             100A     100A       CE         0
                text13                             165E     165E       2A         0
                text12                             1634     1634       2A         0
                text11                             170A     170A       14         0
                text10                             16B2     16B2       26         0
                text9                              1600     1600       34         0
                text8                              1466     1466       56         0
                text7                              150A     150A       46         0
                text6                               D9E      D9E      166         0
                text5                              158C     158C       3A         0
                text4                              12FA     12FA       60         0
                text3                              140E     140E       58         0
                text2                              13B6     13B6       58         0
                text1                              10D8     10D8       B8         0
                text0                               6E4      6E4      6BA         0
                cinit                              16F2     16F2       18         0

        CLASS   CONST          

        CLASS   SMALLCONST     
                smallconst                          600      600       E4         0

        CLASS   MEDIUMCONST    

        CLASS   COMRAM         
                cstackCOMRAM                          1        1       45         1
                bssCOMRAM                            46       46        4         1

        CLASS   ABS1           

        CLASS   BIGRAM         

        CLASS   RAM            

        CLASS   BANK0          

        CLASS   BANK1          
                cstackBANK1                         100      100       A4         1
                bssBANK1                            1A4      1A4        2         1

        CLASS   BANK2          

        CLASS   BANK3          

        CLASS   BANK4          

        CLASS   BANK5          

        CLASS   SFR            

        CLASS   FARRAM         

        CLASS   CONFIG         
                config                           300000   300000        E         0

        CLASS   IDLOC          
                idloc                            200000   200000        8         0

        CLASS   EEDATA         



SEGMENTS        Name                           Load    Length   Top    Selector   Space  Class

                reset_vec                      000000  000004  000004         0       0  CODE    
                cstackCOMRAM                   000001  000049  00004A         1       1  COMRAM  
                intcode                        000008  000010  000018         4       0  CODE    
                cstackBANK1                    000100  0000A6  0001A6       100       1  BANK1   
                smallconst                     000600  0000E4  0006E4       300       0  SMALLCON
                text0                          0006E4  00104C  001730       372       0  CODE    
                idloc                          200000  000008  200008    200000       0  IDLOC   
                config                         300000  00000E  30000E    300000       0  CONFIG  


UNUSED ADDRESS RANGES

        Name                Unused          Largest block    Delta
        BANK0            000080-0000FF               80
        BANK1            0001A6-0001FF               5A
        BANK2            000200-0002FF              100
        BANK3            000300-0003FF              100
        BANK4            000400-0004FF              100
        BANK5            000500-0005FF              100
        BIGRAM           00004A-0000FF               B6
                         0001A6-0005FF              45A
        CODE             000004-000007                4
                         000018-0005FF              5E8
                         001730-007FFF             68D0
        COMRAM           00004A-00007F               36
        CONST            000004-000007                4
                         000018-0005FF              5E8
                         001730-007FFF             68D0
        EEDATA           F00000-F000FF              100
        MEDIUMCONST      001730-007FFF             68D0
        RAM              000080-0000FF               80
                         0001A6-0005FF              100
        SFR              000F80-000FFF               80
        SMALLCONST       001730-007FFF              100
        STACK            0001A6-0005FF              45A

                                  Symbol Table

?___lwdiv                cstackCOMRAM 000010
?___lwmod                cstackCOMRAM 000018
?___wmul                 cstackCOMRAM 000010
?_atoi                   cstackCOMRAM 000016
?_get_claw               cstackCOMRAM 000010
?_get_wrist              cstackCOMRAM 000010
?_sprintf                cstackCOMRAM 00001E
?_strchr                 cstackCOMRAM 000010
?_strcspn                cstackCOMRAM 000018
?_strlen                 cstackCOMRAM 000010
?_strspn                 cstackCOMRAM 000018
?_strtok                 cstackCOMRAM 000020
OSD_disp@_on             cstackCOMRAM 000013
OSD_disp@vm0             cstackCOMRAM 000014
OSD_write@_col           cstackCOMRAM 000016
OSD_write@_font          cstackCOMRAM 000017
OSD_write@_row           cstackCOMRAM 00001B
OSD_write@pos            cstackCOMRAM 00001E
OSD_write@posh           cstackCOMRAM 00001D
OSD_write@posl           cstackCOMRAM 00001C
OpenSPI@bus_mode         cstackCOMRAM 000010
OpenSPI@smp_phase        cstackCOMRAM 000011
OpenSPI@sync_mode        cstackCOMRAM 000012
OpenUSART@config         cstackCOMRAM 000015
OpenUSART@spbrg          cstackCOMRAM 000010
ReadSPI@TempVar          cstackCOMRAM 000010
Str_output@col           cstackCOMRAM 000022
Str_output@n             cstackCOMRAM 000028
Str_output@num           cstackCOMRAM 000026
Str_output@row           cstackCOMRAM 000020
Str_output@word          cstackCOMRAM 000024
WriteSPI@TempVar         cstackCOMRAM 000010
WriteSPI@data_out        cstackCOMRAM 000011
WriteUSART@data          cstackCOMRAM 000010
_ADCON0                  (abs)        000FC2
_ADCON0bits              (abs)        000FC2
_ADCON1                  (abs)        000FC1
_ADCON2                  (abs)        000FC0
_ADRESH                  (abs)        000FC4
_INTCON                  (abs)        000FF2
_INTCON2bits             (abs)        000FF1
_INTCONbits              (abs)        000FF2
_LATCbits                (abs)        000F8B
_LATEbits                (abs)        000F8D
_OSD_disp                text22       001550
_OSD_init                text20       000F04
_OSD_write               text17       00121E
_OpenSPI                 text21       00135A
_OpenUSART               text19       001290
_PIE1                    (abs)        000F9D
_PIE1bits                (abs)        000F9D
_PIR1bits                (abs)        000F9E
_PORTAbits               (abs)        000F80
_PORTBbits               (abs)        000F81
_PORTCbits               (abs)        000F82
_PORTDbits               (abs)        000F83
_RCREG                   (abs)        000FAE
_RCSTA                   (abs)        000FAB
_RCSTAbits               (abs)        000FAB
_ReadSPI                 text24       00171E
_SPBRG                   (abs)        000FAF
_SPBRGH                  (abs)        000FB0
_SSPBUF                  (abs)        000FC9
_SSPCON1                 (abs)        000FC6
_SSPCON1bits             (abs)        000FC6
_SSPSTAT                 (abs)        000FC7
_SSPSTATbits             (abs)        000FC7
_Str_output              text16       0014BC
_T0CON                   (abs)        000FD5
_TRISA                   (abs)        000F92
_TRISAbits               (abs)        000F92
_TRISB                   (abs)        000F93
_TRISC                   (abs)        000F94
_TRISCbits               (abs)        000F94
_TRISD                   (abs)        000F95
_TRISE                   (abs)        000F96
_TXREG                   (abs)        000FAD
_TXSTA                   (abs)        000FAC
_TXSTAbits               (abs)        000FAC
_USART_Status            bssCOMRAM    000048
_WriteSPI                text23       0016D8
_WriteUSART              text11       00170A
__CFG_BOREN$OFF          (abs)        000000
__CFG_BORV$3             (abs)        000000
__CFG_CCP2MX$PORTC       (abs)        000000
__CFG_CP0$OFF            (abs)        000000
__CFG_CP1$OFF            (abs)        000000
__CFG_CP2$OFF            (abs)        000000
__CFG_CP3$OFF            (abs)        000000
__CFG_CPB$OFF            (abs)        000000
__CFG_CPD$OFF            (abs)        000000
__CFG_EBTR0$OFF          (abs)        000000
__CFG_EBTR1$OFF          (abs)        000000
__CFG_EBTR2$OFF          (abs)        000000
__CFG_EBTR3$OFF          (abs)        000000
__CFG_EBTRB$OFF          (abs)        000000
__CFG_FCMEN$OFF          (abs)        000000
__CFG_IESO$OFF           (abs)        000000
__CFG_LPT1OSC$OFF        (abs)        000000
__CFG_LVP$OFF            (abs)        000000
__CFG_MCLRE$ON           (abs)        000000
__CFG_OSC$HS             (abs)        000000
__CFG_PBADEN$ON          (abs)        000000
__CFG_PWRT$OFF           (abs)        000000
__CFG_STVREN$OFF         (abs)        000000
__CFG_WDT$OFF            (abs)        000000
__CFG_WDTPS$32768        (abs)        000000
__CFG_WRT0$OFF           (abs)        000000
__CFG_WRT1$OFF           (abs)        000000
__CFG_WRT2$OFF           (abs)        000000
__CFG_WRT3$OFF           (abs)        000000
__CFG_WRTB$OFF           (abs)        000000
__CFG_WRTC$OFF           (abs)        000000
__CFG_WRTD$OFF           (abs)        000000
__CFG_XINST$OFF          (abs)        000000
__HRAM                   (abs)        000000
__Habs1                  abs1         000000
__Hbank0                 bank0        000000
__Hbank1                 bank1        000000
__Hbank2                 bank2        000000
__Hbank3                 bank3        000000
__Hbank4                 bank4        000000
__Hbank5                 bank5        000000
__Hbigbss                bigbss       000000
__Hbigdata               bigdata      000000
__Hbigram                bigram       000000
__Hbss                   bss          000000
__HbssBANK1              bssBANK1     000000
__HbssCOMRAM             bssCOMRAM    000000
__Hcinit                 cinit        000000
__Hclrtext               clrtext      000000
__Hcomram                comram       000000
__Hconfig                config       30000E
__Hconst                 const        000000
__HcstackBANK1           cstackBANK1  000000
__HcstackCOMRAM          cstackCOMRAM 000000
__Hdata                  data         000000
__Heeprom_data           eeprom_data  000000
__Hend_init              end_init     000018
__Hfarbss                farbss       000000
__Hfardata               fardata      000000
__Hibigdata              ibigdata     000000
__Hidata                 idata        000000
__Hidloc                 idloc        200008
__Hifardata              ifardata     000000
__Hinit                  init         000014
__Hintcode               intcode      000014
__Hintcode_body          intcode_body 000000
__Hintcodelo             intcodelo    000014
__Hintentry              intentry     000000
__Hintret                intret       000000
__Hintsave_regs          intsave_regs 000000
__Hirdata                irdata       000000
__Hmediumconst           mediumconst  000000
__HnvFARRAM              nvFARRAM     000000
__Hnvbit                 nvbit        000000
__Hnvrram                nvrram       000000
__Hparam                 rparam       000000
__Hpowerup               powerup      000014
__Hram                   ram          000000
__Hramtop                ramtop       000600
__Hrbit                  rbit         000000
__Hrbss                  rbss         000000
__Hrdata                 rdata        000000
__Hreset_vec             reset_vec    000004
__Hrparam                rparam       000000
__Hsfr                   sfr          000000
__Hsmallconst            smallconst   0006E4
__Hstack                 stack        000000
__Hstruct                struct       000000
__Htemp                  temp         000000
__Htext                  text         000000
__Htext0                 text0        000000
__Htext1                 text1        000000
__Htext10                text10       000000
__Htext11                text11       000000
__Htext12                text12       000000
__Htext13                text13       000000
__Htext14                text14       000000
__Htext15                text15       000000
__Htext16                text16       000000
__Htext17                text17       000000
__Htext18                text18       000000
__Htext19                text19       000000
__Htext2                 text2        000000
__Htext20                text20       000000
__Htext21                text21       000000
__Htext22                text22       000000
__Htext23                text23       000000
__Htext24                text24       000000
__Htext3                 text3        000000
__Htext4                 text4        000000
__Htext5                 text5        000000
__Htext6                 text6        000000
__Htext7                 text7        000000
__Htext8                 text8        000000
__Htext9                 text9        000000
__LRAM                   (abs)        000001
__Labs1                  abs1         000000
__Lbank0                 bank0        000000
__Lbank1                 bank1        000000
__Lbank2                 bank2        000000
__Lbank3                 bank3        000000
__Lbank4                 bank4        000000
__Lbank5                 bank5        000000
__Lbigbss                bigbss       000000
__Lbigdata               bigdata      000000
__Lbigram                bigram       000000
__Lbss                   bss          000000
__LbssBANK1              bssBANK1     000000
__LbssCOMRAM             bssCOMRAM    000000
__Lcinit                 cinit        000000
__Lclrtext               clrtext      000000
__Lcomram                comram       000000
__Lconfig                config       300000
__Lconst                 const        000000
__LcstackBANK1           cstackBANK1  000000
__LcstackCOMRAM          cstackCOMRAM 000000
__Ldata                  data         000000
__Leeprom_data           eeprom_data  000000
__Lend_init              end_init     000014
__Lfarbss                farbss       000000
__Lfardata               fardata      000000
__Libigdata              ibigdata     000000
__Lidata                 idata        000000
__Lidloc                 idloc        200000
__Lifardata              ifardata     000000
__Linit                  init         000014
__Lintcode               intcode      000008
__Lintcode_body          intcode_body 000000
__Lintcodelo             intcodelo    000014
__Lintentry              intentry     000000
__Lintret                intret       000000
__Lintsave_regs          intsave_regs 000000
__Lirdata                irdata       000000
__Lmediumconst           mediumconst  000000
__LnvFARRAM              nvFARRAM     000000
__Lnvbit                 nvbit        000000
__Lnvrram                nvrram       000000
__Lparam                 rparam       000000
__Lpowerup               powerup      000014
__Lram                   ram          000000
__Lramtop                ramtop       000600
__Lrbit                  rbit         000000
__Lrbss                  rbss         000000
__Lrdata                 rdata        000000
__Lreset_vec             reset_vec    000000
__Lrparam                rparam       000000
__Lsfr                   sfr          000000
__Lsmallconst            smallconst   000600
__Lstack                 stack        000000
__Lstruct                struct       000000
__Ltemp                  temp         000000
__Ltext                  text         000000
__Ltext0                 text0        000000
__Ltext1                 text1        000000
__Ltext10                text10       000000
__Ltext11                text11       000000
__Ltext12                text12       000000
__Ltext13                text13       000000
__Ltext14                text14       000000
__Ltext15                text15       000000
__Ltext16                text16       000000
__Ltext17                text17       000000
__Ltext18                text18       000000
__Ltext19                text19       000000
__Ltext2                 text2        000000
__Ltext20                text20       000000
__Ltext21                text21       000000
__Ltext22                text22       000000
__Ltext23                text23       000000
__Ltext24                text24       000000
__Ltext3                 text3        000000
__Ltext4                 text4        000000
__Ltext5                 text5        000000
__Ltext6                 text6        000000
__Ltext7                 text7        000000
__Ltext8                 text8        000000
__Ltext9                 text9        000000
__S0                     (abs)        30000E
__S1                     (abs)        0001A6
__S2                     (abs)        000000
___inthi_sp              stack        000000
___intlo_sp              stack        000000
___lwdiv                 text8        001466
___lwdiv@counter         cstackCOMRAM 000017
___lwdiv@dividend        cstackCOMRAM 000010
___lwdiv@divisor         cstackCOMRAM 000012
___lwdiv@quotient        cstackCOMRAM 000015
___lwmod                 text7        00150A
___lwmod@counter         cstackCOMRAM 00001D
___lwmod@dividend        cstackCOMRAM 000018
___lwmod@divisor         cstackCOMRAM 00001A
___sp                    stack        000000
___wmul                  text18       0015C6
___wmul@multiplicand     cstackCOMRAM 000012
___wmul@multiplier       cstackCOMRAM 000010
___wmul@product          cstackCOMRAM 000014
__accesstop              (abs)        000080
__activetblptr           (abs)        000002
__end_of_OSD_disp        text22       00158C
__end_of_OSD_init        text20       00100A
__end_of_OSD_write       text17       001290
__end_of_OpenSPI         text21       0013B6
__end_of_OpenUSART       text19       0012FA
__end_of_ReadSPI         text24       001730
__end_of_Str_output      text16       00150A
__end_of_WriteSPI        text23       0016F2
__end_of_WriteUSART      text11       00171E
__end_of___lwdiv         text8        0014BC
__end_of___lwmod         text7        001550
__end_of___wmul          text18       001600
__end_of__initialization cinit        001700
__end_of__stringdata     smallconst   0006E3
__end_of_atoi            text14       0010D8
__end_of_char_map        smallconst   000681
__end_of_dpowers         smallconst   00068B
__end_of_get_claw        text13       001688
__end_of_get_wrist       text12       00165E
__end_of_isdigit         text15       0016B2
__end_of_isr             intcode_body 00121E
__end_of_main            text0        000D9E
__end_of_putsUSART       text10       0016D8
__end_of_read_an         text9        001634
__end_of_sprintf         text6        000F04
__end_of_strchr          text4        00135A
__end_of_strcspn         text3        001466
__end_of_strlen          text5        0015C6
__end_of_strspn          text2        00140E
__end_of_strtok          text1        001190
__initialization         cinit        0016F2
__mediumconst            mediumconst  000000
__pbssBANK1              bssBANK1     0001A4
__pbssCOMRAM             bssCOMRAM    000046
__pcinit                 cinit        0016F2
__pcstackBANK1           cstackBANK1  000100
__pcstackCOMRAM          cstackCOMRAM 000001
__pintcode               intcode      000008
__pintcode_body          intcode_body 001190
__psmallconst            smallconst   000600
__ptext0                 text0        0006E4
__ptext1                 text1        0010D8
__ptext10                text10       0016B2
__ptext11                text11       00170A
__ptext12                text12       001634
__ptext13                text13       00165E
__ptext14                text14       00100A
__ptext15                text15       001688
__ptext16                text16       0014BC
__ptext17                text17       00121E
__ptext18                text18       0015C6
__ptext19                text19       001290
__ptext2                 text2        0013B6
__ptext20                text20       000F04
__ptext21                text21       00135A
__ptext22                text22       001550
__ptext23                text23       0016D8
__ptext24                text24       00171E
__ptext3                 text3        00140E
__ptext4                 text4        0012FA
__ptext5                 text5        00158C
__ptext6                 text6        000D9E
__ptext7                 text7        00150A
__ptext8                 text8        001466
__ptext9                 text9        001600
__ramtop                 ramtop       000600
__size_of_OSD_disp       (abs)        000000
__size_of_OSD_init       (abs)        000000
__size_of_OSD_write      (abs)        000000
__size_of_OpenSPI        (abs)        000000
__size_of_OpenUSART      (abs)        000000
__size_of_ReadSPI        (abs)        000000
__size_of_Str_output     (abs)        000000
__size_of_WriteSPI       (abs)        000000
__size_of_WriteUSART     (abs)        000000
__size_of___lwdiv        (abs)        000000
__size_of___lwmod        (abs)        000000
__size_of___wmul         (abs)        000000
__size_of_atoi           (abs)        000000
__size_of_get_claw       (abs)        000000
__size_of_get_wrist      (abs)        000000
__size_of_isdigit        (abs)        000000
__size_of_isr            (abs)        000000
__size_of_main           (abs)        000000
__size_of_putsUSART      (abs)        000000
__size_of_read_an        (abs)        000000
__size_of_sprintf        (abs)        000000
__size_of_strchr         (abs)        000000
__size_of_strcspn        (abs)        000000
__size_of_strlen         (abs)        000000
__size_of_strspn         (abs)        000000
__size_of_strtok         (abs)        000000
__smallconst             smallconst   000600
__stringdata             smallconst   00068B
_atoi                    text14       00100A
_char_map                smallconst   000601
_dpowers                 smallconst   000681
_get_claw                text13       00165E
_get_wrist               text12       001634
_isdigit                 text15       001688
_isdigit$2144            cstackCOMRAM 000011
_isr                     intcode      000008
_main                    text0        0006E4
_n                       bssCOMRAM    000049
_putsUSART               text10       0016B2
_read_an                 text9        001600
_recv_buff               bssBANK1     0001A4
_recv_flag               bssBANK1     0001A5
_sprintf                 text6        000D9E
_strchr                  text4        0012FA
_strcspn                 text3        00140E
_strlen                  text5        00158C
_strspn                  text2        0013B6
_strtok                  text1        0010D8
atoi@a                   cstackCOMRAM 00001B
atoi@s                   cstackCOMRAM 000016
atoi@sign                cstackCOMRAM 00001A
end_of_initialization    cinit        001700
get_claw@claw            cstackCOMRAM 000012
get_wrist@wrist          cstackCOMRAM 000012
int_func                 intcode_body 001190
intlevel0                text         000000
intlevel1                text         000000
intlevel2                text         000000
intlevel3                text         000000
isdigit@c                cstackCOMRAM 000012
main@buff                cstackBANK1  000100
main@check               cstackBANK1  00019C
main@depth               cstackBANK1  00017E
main@ex_temp             cstackBANK1  000180
main@heading             cstackBANK1  0001A0
main@int_press           cstackBANK1  00015E
main@int_temp            cstackBANK1  000182
main@osd_buff            cstackBANK1  00013C
main@osd_buff_870        cstackBANK1  000160
main@out_count           cstackBANK1  00019E
main@output              cstackBANK1  000184
main@pitch               cstackBANK1  00015A
main@roll                cstackBANK1  00015C
main@temp1               cstackBANK1  000198
main@temp2               cstackBANK1  00019A
main@token               cstackBANK1  0001A2
putsUSART@data           cstackCOMRAM 000011
read_an@channel          cstackCOMRAM 000011
read_an@num              cstackCOMRAM 000012
sprintf@_val             cstackCOMRAM 00003C
sprintf@ap               cstackCOMRAM 000038
sprintf@c                cstackCOMRAM 000041
sprintf@f                cstackCOMRAM 000020
sprintf@flag             cstackCOMRAM 00003A
sprintf@prec             cstackCOMRAM 00003B
sprintf@sp               cstackCOMRAM 00001E
stackhi                  (abs)        0005FF
stacklo                  (abs)        0001A6
start                    init         000014
start_initialization     cinit        0016F2
strchr@chr               cstackCOMRAM 000013
strchr@ptr               cstackCOMRAM 000010
strcspn@i                cstackCOMRAM 00001E
strcspn@s1               cstackCOMRAM 000018
strcspn@s2               cstackCOMRAM 00001A
strlen@cp                cstackCOMRAM 000014
strlen@s                 cstackCOMRAM 000010
strspn@i                 cstackCOMRAM 00001E
strspn@s1                cstackCOMRAM 000018
strspn@s2                cstackCOMRAM 00001A
strtok@s1                cstackCOMRAM 000020
strtok@s2                cstackCOMRAM 000022
strtok@sp                bssCOMRAM    000046


FUNCTION INFORMATION:

 *************** function _main *****************
 Defined at:
		line 39 in file "Tomcat_S_main.c"
 Parameters:    Size  Location     Type
		None
 Auto vars:     Size  Location     Type
  token           2  162[BANK1 ] PTR unsigned char 
		 -> NULL(0), RAM(1535), 
  osd_buff       30   96[BANK1 ] unsigned char [30]
  buff           60    0[BANK1 ] unsigned char [60]
  osd_buff       30   60[BANK1 ] unsigned char [30]
  output         20  132[BANK1 ] int [10]
  heading         2  160[BANK1 ] int 
  out_count       2  158[BANK1 ] int 
  check           2  156[BANK1 ] unsigned int 
  temp2           2  154[BANK1 ] int 
  temp1           2  152[BANK1 ] int 
  int_temp        2  130[BANK1 ] int 
  ex_temp         2  128[BANK1 ] int 
  depth           2  126[BANK1 ] int 
  int_press       2   94[BANK1 ] int 
  roll            2   92[BANK1 ] int 
  pitch           2   90[BANK1 ] int 
 Return value:  Size  Location     Type
		None               void
 Registers used:
		wreg, fsr0l, fsr0h, fsr1l, fsr1h, fsr1l, fsr1h, fsr2l, fsr2h, status,2, status,0, pclat, btemp, btemp+1, btemp+2, btemp+3, btemp+4, btemp+5, btemp+6, btemp+7, btemp+8, btemp+9, btemp+10, btemp+11, tosl, structret, tblptrl, tblptrh, tblptru, prodl, prodh, bsr, cstack
 Tracked objects:
		On entry : 
		On exit  : 
		Unchanged: 
 Data sizes:     COMRAM   BANK0   BANK1   BANK2   BANK3   BANK4   BANK5
      Params:         0       0       0       0       0       0       0
      Locals:         0       0     164       0       0       0       0
      Temps:          4       0       0       0       0       0       0
      Totals:         4       0     164       0       0       0       0
Total ram usage:      168 bytes
 Hardware stack levels required when called:    4
 This function calls:
		_OSD_init
		_OSD_write
		_OpenUSART
		_Str_output
		_atoi
		_get_claw
		_get_wrist
		_putsUSART
		_read_an
		_sprintf
		_strlen
		_strtok
 This function is called by:
		Startup code after reset
 This function uses a non-reentrant model


 *************** function _strtok *****************
 Defined at:
		line 8 in file "C:\Program Files (x86)\Microchip\xc8\v1.30\sources\common\strtok.c"
 Parameters:    Size  Location     Type
  s1              2   31[COMRAM] PTR unsigned char 
		 -> NULL(0), RAM(1535), 
  s2              3   33[COMRAM] PTR const unsigned char 
		 -> ROM(32767), 
 Auto vars:     Size  Location     Type
		None
 Return value:  Size  Location     Type
                  2   31[COMRAM] PTR unsigned char 
 Registers used:
		wreg, fsr0l, fsr0h, fsr1l, fsr1h, fsr1l, fsr1h, fsr2l, fsr2h, status,2, status,0, pclat, btemp, btemp+1, btemp+2, btemp+3, btemp+4, btemp+5, btemp+6, btemp+7, btemp+8, btemp+9, btemp+10, btemp+11, tosl, structret, tblptrl, tblptrh, tblptru, prodl, prodh, bsr, cstack
 Tracked objects:
		On entry : 
		On exit  : 
		Unchanged: 
 Data sizes:     COMRAM   BANK0   BANK1   BANK2   BANK3   BANK4   BANK5
      Params:         5       0       0       0       0       0       0
      Locals:         0       0       0       0       0       0       0
      Temps:          0       0       0       0       0       0       0
      Totals:         5       0       0       0       0       0       0
Total ram usage:        5 bytes
 Hardware stack levels used:    1
 Hardware stack levels required when called:    3
 This function calls:
		_strcspn
		_strspn
 This function is called by:
		_main
 This function uses a non-reentrant model


 *************** function _strspn *****************
 Defined at:
		line 4 in file "C:\Program Files (x86)\Microchip\xc8\v1.30\sources\common\strspn.c"
 Parameters:    Size  Location     Type
  s1              2   23[COMRAM] PTR const unsigned char 
		 -> NULL(0), RAM(1535), 
  s2              3   25[COMRAM] PTR const unsigned char 
		 -> ROM(32767), 
 Auto vars:     Size  Location     Type
  i               2   29[COMRAM] unsigned int 
 Return value:  Size  Location     Type
                  2   23[COMRAM] unsigned int 
 Registers used:
		wreg, fsr2l, fsr2h, status,2, status,0, tblptrl, tblptrh, tblptru, cstack
 Tracked objects:
		On entry : 
		On exit  : 
		Unchanged: 
 Data sizes:     COMRAM   BANK0   BANK1   BANK2   BANK3   BANK4   BANK5
      Params:         5       0       0       0       0       0       0
      Locals:         2       0       0       0       0       0       0
      Temps:          1       0       0       0       0       0       0
      Totals:         8       0       0       0       0       0       0
Total ram usage:        8 bytes
 Hardware stack levels used:    1
 Hardware stack levels required when called:    2
 This function calls:
		_strchr
 This function is called by:
		_strtok
 This function uses a non-reentrant model


 *************** function _strcspn *****************
 Defined at:
		line 4 in file "C:\Program Files (x86)\Microchip\xc8\v1.30\sources\common\strcspn.c"
 Parameters:    Size  Location     Type
  s1              2   23[COMRAM] PTR const unsigned char 
		 -> NULL(0), RAM(1535), 
  s2              3   25[COMRAM] PTR const unsigned char 
		 -> ROM(32767), 
 Auto vars:     Size  Location     Type
  i               2   29[COMRAM] unsigned int 
 Return value:  Size  Location     Type
                  2   23[COMRAM] unsigned int 
 Registers used:
		wreg, fsr2l, fsr2h, status,2, status,0, tblptrl, tblptrh, tblptru, cstack
 Tracked objects:
		On entry : 
		On exit  : 
		Unchanged: 
 Data sizes:     COMRAM   BANK0   BANK1   BANK2   BANK3   BANK4   BANK5
      Params:         5       0       0       0       0       0       0
      Locals:         2       0       0       0       0       0       0
      Temps:          1       0       0       0       0       0       0
      Totals:         8       0       0       0       0       0       0
Total ram usage:        8 bytes
 Hardware stack levels used:    1
 Hardware stack levels required when called:    2
 This function calls:
		_strchr
 This function is called by:
		_strtok
 This function uses a non-reentrant model


 *************** function _strchr *****************
 Defined at:
		line 4 in file "C:\Program Files (x86)\Microchip\xc8\v1.30\sources\common\strchr.c"
 Parameters:    Size  Location     Type
  ptr             3   15[COMRAM] PTR const unsigned char 
		 -> ROM(32767), 
  chr             2   18[COMRAM] int 
 Auto vars:     Size  Location     Type
		None
 Return value:  Size  Location     Type
                  3   15[COMRAM] PTR unsigned char 
 Registers used:
		wreg, fsr2l, fsr2h, status,2, status,0, tblptrl, tblptrh, tblptru
 Tracked objects:
		On entry : 
		On exit  : 
		Unchanged: 
 Data sizes:     COMRAM   BANK0   BANK1   BANK2   BANK3   BANK4   BANK5
      Params:         5       0       0       0       0       0       0
      Locals:         0       0       0       0       0       0       0
      Temps:          3       0       0       0       0       0       0
      Totals:         8       0       0       0       0       0       0
Total ram usage:        8 bytes
 Hardware stack levels used:    1
 Hardware stack levels required when called:    1
 This function calls:
		Nothing
 This function is called by:
		_strcspn
		_strspn
 This function uses a non-reentrant model


 *************** function _strlen *****************
 Defined at:
		line 4 in file "C:\Program Files (x86)\Microchip\xc8\v1.30\sources\common\strlen.c"
 Parameters:    Size  Location     Type
  s               2   15[COMRAM] PTR const unsigned char 
		 -> main@osd_buff_870(30), main@osd_buff(30), 
 Auto vars:     Size  Location     Type
  cp              2   19[COMRAM] PTR const unsigned char 
		 -> main@osd_buff_870(30), main@osd_buff(30), 
 Return value:  Size  Location     Type
                  2   15[COMRAM] unsigned int 
 Registers used:
		wreg, fsr2l, fsr2h, status,2, status,0
 Tracked objects:
		On entry : 
		On exit  : 
		Unchanged: 
 Data sizes:     COMRAM   BANK0   BANK1   BANK2   BANK3   BANK4   BANK5
      Params:         2       0       0       0       0       0       0
      Locals:         2       0       0       0       0       0       0
      Temps:          2       0       0       0       0       0       0
      Totals:         6       0       0       0       0       0       0
Total ram usage:        6 bytes
 Hardware stack levels used:    1
 Hardware stack levels required when called:    1
 This function calls:
		Nothing
 This function is called by:
		_main
 This function uses a non-reentrant model


 *************** function _sprintf *****************
 Defined at:
		line 492 in file "C:\Program Files (x86)\Microchip\xc8\v1.30\sources\common\doprnt.c"
 Parameters:    Size  Location     Type
  sp              2   29[COMRAM] PTR unsigned char 
		 -> main@osd_buff_870(30), main@osd_buff(30), main@buff(60), 
  f               2   31[COMRAM] PTR const unsigned char 
		 -> STR_9(2), STR_8(2), STR_7(6), STR_6(5), 
		 -> STR_5(9), STR_4(11), STR_3(10), STR_2(13), 
		 -> STR_1(32), 
 Auto vars:     Size  Location     Type
  _val            5   59[COMRAM] struct .
  ap              2   55[COMRAM] PTR void [1]
		 -> ?_sprintf(2), 
  c               1   64[COMRAM] char 
  prec            1   58[COMRAM] char 
  flag            1   57[COMRAM] unsigned char 
 Return value:  Size  Location     Type
                  2   29[COMRAM] int 
 Registers used:
		wreg, fsr2l, fsr2h, status,2, status,0, tblptrl, tblptrh, tblptru, prodl, prodh, cstack
 Tracked objects:
		On entry : 
		On exit  : 
		Unchanged: 
 Data sizes:     COMRAM   BANK0   BANK1   BANK2   BANK3   BANK4   BANK5
      Params:        24       0       0       0       0       0       0
      Locals:        10       0       0       0       0       0       0
      Temps:          2       0       0       0       0       0       0
      Totals:        36       0       0       0       0       0       0
Total ram usage:       36 bytes
 Hardware stack levels used:    1
 Hardware stack levels required when called:    2
 This function calls:
		___lwdiv
		___lwmod
 This function is called by:
		_main
 This function uses a non-reentrant model


 *************** function ___lwmod *****************
 Defined at:
		line 8 in file "C:\Program Files (x86)\Microchip\xc8\v1.30\sources\common\lwmod.c"
 Parameters:    Size  Location     Type
  dividend        2   23[COMRAM] unsigned int 
  divisor         2   25[COMRAM] unsigned int 
 Auto vars:     Size  Location     Type
  counter         1   28[COMRAM] unsigned char 
 Return value:  Size  Location     Type
                  2   23[COMRAM] unsigned int 
 Registers used:
		wreg, status,2, status,0
 Tracked objects:
		On entry : 
		On exit  : 
		Unchanged: 
 Data sizes:     COMRAM   BANK0   BANK1   BANK2   BANK3   BANK4   BANK5
      Params:         4       0       0       0       0       0       0
      Locals:         1       0       0       0       0       0       0
      Temps:          1       0       0       0       0       0       0
      Totals:         6       0       0       0       0       0       0
Total ram usage:        6 bytes
 Hardware stack levels used:    1
 Hardware stack levels required when called:    1
 This function calls:
		Nothing
 This function is called by:
		_sprintf
 This function uses a non-reentrant model


 *************** function ___lwdiv *****************
 Defined at:
		line 8 in file "C:\Program Files (x86)\Microchip\xc8\v1.30\sources\common\lwdiv.c"
 Parameters:    Size  Location     Type
  dividend        2   15[COMRAM] unsigned int 
  divisor         2   17[COMRAM] unsigned int 
 Auto vars:     Size  Location     Type
  quotient        2   20[COMRAM] unsigned int 
  counter         1   22[COMRAM] unsigned char 
 Return value:  Size  Location     Type
                  2   15[COMRAM] unsigned int 
 Registers used:
		wreg, status,2, status,0
 Tracked objects:
		On entry : 
		On exit  : 
		Unchanged: 
 Data sizes:     COMRAM   BANK0   BANK1   BANK2   BANK3   BANK4   BANK5
      Params:         4       0       0       0       0       0       0
      Locals:         3       0       0       0       0       0       0
      Temps:          1       0       0       0       0       0       0
      Totals:         8       0       0       0       0       0       0
Total ram usage:        8 bytes
 Hardware stack levels used:    1
 Hardware stack levels required when called:    1
 This function calls:
		Nothing
 This function is called by:
		_sprintf
 This function uses a non-reentrant model


 *************** function _read_an *****************
 Defined at:
		line 201 in file "Tomcat_S_main.c"
 Parameters:    Size  Location     Type
  channel         1    wreg     unsigned char 
 Auto vars:     Size  Location     Type
  channel         1   16[COMRAM] unsigned char 
  num             1   17[COMRAM] unsigned char 
 Return value:  Size  Location     Type
                  1    wreg      unsigned char 
 Registers used:
		wreg, status,2, status,0
 Tracked objects:
		On entry : 
		On exit  : 
		Unchanged: 
 Data sizes:     COMRAM   BANK0   BANK1   BANK2   BANK3   BANK4   BANK5
      Params:         0       0       0       0       0       0       0
      Locals:         2       0       0       0       0       0       0
      Temps:          1       0       0       0       0       0       0
      Totals:         3       0       0       0       0       0       0
Total ram usage:        3 bytes
 Hardware stack levels used:    1
 Hardware stack levels required when called:    1
 This function calls:
		Nothing
 This function is called by:
		_main
 This function uses a non-reentrant model


 *************** function _putsUSART *****************
 Defined at:
		line 14 in file "C:\Program Files (x86)\Microchip\xc8\v1.30\sources\pic18\plib\USART\uputs.c"
 Parameters:    Size  Location     Type
  data            2   16[COMRAM] PTR unsigned char 
		 -> main@buff(60), 
 Auto vars:     Size  Location     Type
		None
 Return value:  Size  Location     Type
		None               void
 Registers used:
		wreg, fsr2l, fsr2h, status,2, status,0, cstack
 Tracked objects:
		On entry : 
		On exit  : 
		Unchanged: 
 Data sizes:     COMRAM   BANK0   BANK1   BANK2   BANK3   BANK4   BANK5
      Params:         2       0       0       0       0       0       0
      Locals:         0       0       0       0       0       0       0
      Temps:          0       0       0       0       0       0       0
      Totals:         2       0       0       0       0       0       0
Total ram usage:        2 bytes
 Hardware stack levels used:    1
 Hardware stack levels required when called:    2
 This function calls:
		_WriteUSART
 This function is called by:
		_main
 This function uses a non-reentrant model


 *************** function _WriteUSART *****************
 Defined at:
		line 13 in file "C:\Program Files (x86)\Microchip\xc8\v1.30\sources\pic18\plib\USART\uwrite.c"
 Parameters:    Size  Location     Type
  data            1    wreg     unsigned char 
 Auto vars:     Size  Location     Type
  data            1   15[COMRAM] unsigned char 
 Return value:  Size  Location     Type
		None               void
 Registers used:
		wreg
 Tracked objects:
		On entry : 
		On exit  : 
		Unchanged: 
 Data sizes:     COMRAM   BANK0   BANK1   BANK2   BANK3   BANK4   BANK5
      Params:         0       0       0       0       0       0       0
      Locals:         1       0       0       0       0       0       0
      Temps:          0       0       0       0       0       0       0
      Totals:         1       0       0       0       0       0       0
Total ram usage:        1 bytes
 Hardware stack levels used:    1
 Hardware stack levels required when called:    1
 This function calls:
		Nothing
 This function is called by:
		_putsUSART
		_tx_chars
 This function uses a non-reentrant model


 *************** function _get_wrist *****************
 Defined at:
		line 223 in file "Tomcat_S_main.c"
 Parameters:    Size  Location     Type
		None
 Auto vars:     Size  Location     Type
  wrist           2   17[COMRAM] int 
 Return value:  Size  Location     Type
                  2   15[COMRAM] unsigned int 
 Registers used:
		wreg, status,2
 Tracked objects:
		On entry : 
		On exit  : 
		Unchanged: 
 Data sizes:     COMRAM   BANK0   BANK1   BANK2   BANK3   BANK4   BANK5
      Params:         2       0       0       0       0       0       0
      Locals:         2       0       0       0       0       0       0
      Temps:          0       0       0       0       0       0       0
      Totals:         4       0       0       0       0       0       0
Total ram usage:        4 bytes
 Hardware stack levels used:    1
 Hardware stack levels required when called:    1
 This function calls:
		Nothing
 This function is called by:
		_main
 This function uses a non-reentrant model


 *************** function _get_claw *****************
 Defined at:
		line 211 in file "Tomcat_S_main.c"
 Parameters:    Size  Location     Type
		None
 Auto vars:     Size  Location     Type
  claw            2   17[COMRAM] int 
 Return value:  Size  Location     Type
                  2   15[COMRAM] unsigned int 
 Registers used:
		wreg, status,2
 Tracked objects:
		On entry : 
		On exit  : 
		Unchanged: 
 Data sizes:     COMRAM   BANK0   BANK1   BANK2   BANK3   BANK4   BANK5
      Params:         2       0       0       0       0       0       0
      Locals:         2       0       0       0       0       0       0
      Temps:          0       0       0       0       0       0       0
      Totals:         4       0       0       0       0       0       0
Total ram usage:        4 bytes
 Hardware stack levels used:    1
 Hardware stack levels required when called:    1
 This function calls:
		Nothing
 This function is called by:
		_main
 This function uses a non-reentrant model


 *************** function _atoi *****************
 Defined at:
		line 5 in file "C:\Program Files (x86)\Microchip\xc8\v1.30\sources\common\atoi.c"
 Parameters:    Size  Location     Type
  s               2   21[COMRAM] PTR const unsigned char 
		 -> NULL(0), RAM(1535), 
 Auto vars:     Size  Location     Type
  a               2   26[COMRAM] int 
  sign            1   25[COMRAM] unsigned char 
 Return value:  Size  Location     Type
                  2   21[COMRAM] int 
 Registers used:
		wreg, fsr2l, fsr2h, status,2, status,0, prodl, prodh, cstack
 Tracked objects:
		On entry : 
		On exit  : 
		Unchanged: 
 Data sizes:     COMRAM   BANK0   BANK1   BANK2   BANK3   BANK4   BANK5
      Params:         2       0       0       0       0       0       0
      Locals:         3       0       0       0       0       0       0
      Temps:          2       0       0       0       0       0       0
      Totals:         7       0       0       0       0       0       0
Total ram usage:        7 bytes
 Hardware stack levels used:    1
 Hardware stack levels required when called:    2
 This function calls:
		___wmul
		_isdigit
 This function is called by:
		_main
 This function uses a non-reentrant model


 *************** function _isdigit *****************
 Defined at:
		line 8 in file "C:\Program Files (x86)\Microchip\xc8\v1.30\sources\common\isdigit.c"
 Parameters:    Size  Location     Type
  c               1    wreg     unsigned char 
 Auto vars:     Size  Location     Type
  c               1   17[COMRAM] unsigned char 
 Return value:  Size  Location     Type
		None               void
 Registers used:
		wreg, status,2, status,0
 Tracked objects:
		On entry : 
		On exit  : 
		Unchanged: 
 Data sizes:     COMRAM   BANK0   BANK1   BANK2   BANK3   BANK4   BANK5
      Params:         0       0       0       0       0       0       0
      Locals:         2       0       0       0       0       0       0
      Temps:          1       0       0       0       0       0       0
      Totals:         3       0       0       0       0       0       0
Total ram usage:        3 bytes
 Hardware stack levels used:    1
 Hardware stack levels required when called:    1
 This function calls:
		Nothing
 This function is called by:
		_atoi
 This function uses a non-reentrant model


 *************** function _Str_output *****************
 Defined at:
		line 118 in file "OSD.c"
 Parameters:    Size  Location     Type
  row             2   31[COMRAM] int 
  col             2   33[COMRAM] int 
  word            2   35[COMRAM] PTR unsigned char 
		 -> main@osd_buff_870(30), main@osd_buff(30), 
  num             1   37[COMRAM] unsigned char 
 Auto vars:     Size  Location     Type
  n               1   39[COMRAM] unsigned char 
 Return value:  Size  Location     Type
		None               void
 Registers used:
		wreg, fsr0l, fsr0h, fsr1l, fsr1h, fsr1l, fsr1h, fsr2l, fsr2h, status,2, status,0, pclat, btemp, btemp+1, btemp+2, btemp+3, btemp+4, btemp+5, btemp+6, btemp+7, btemp+8, btemp+9, btemp+10, btemp+11, tosl, structret, tblptrl, tblptrh, tblptru, prodl, prodh, bsr, cstack
 Tracked objects:
		On entry : 
		On exit  : 
		Unchanged: 
 Data sizes:     COMRAM   BANK0   BANK1   BANK2   BANK3   BANK4   BANK5
      Params:         7       0       0       0       0       0       0
      Locals:         1       0       0       0       0       0       0
      Temps:          1       0       0       0       0       0       0
      Totals:         9       0       0       0       0       0       0
Total ram usage:        9 bytes
 Hardware stack levels used:    1
 Hardware stack levels required when called:    3
 This function calls:
		_OSD_write
 This function is called by:
		_main
 This function uses a non-reentrant model


 *************** function _OSD_write *****************
 Defined at:
		line 4 in file "OSD.c"
 Parameters:    Size  Location     Type
  _row            1    wreg     unsigned char 
  _col            1   21[COMRAM] unsigned char 
  _font           1   22[COMRAM] unsigned char 
 Auto vars:     Size  Location     Type
  _row            1   26[COMRAM] unsigned char 
  pos             2   29[COMRAM] unsigned int 
  posh            1   28[COMRAM] unsigned char 
  posl            1   27[COMRAM] unsigned char 
 Return value:  Size  Location     Type
		None               void
 Registers used:
		wreg, status,2, status,0, prodl, prodh, cstack
 Tracked objects:
		On entry : 
		On exit  : 
		Unchanged: 
 Data sizes:     COMRAM   BANK0   BANK1   BANK2   BANK3   BANK4   BANK5
      Params:         2       0       0       0       0       0       0
      Locals:         5       0       0       0       0       0       0
      Temps:          3       0       0       0       0       0       0
      Totals:        10       0       0       0       0       0       0
Total ram usage:       10 bytes
 Hardware stack levels used:    1
 Hardware stack levels required when called:    2
 This function calls:
		_WriteSPI
		___wmul
 This function is called by:
		_main
		_Str_output
 This function uses a non-reentrant model


 *************** function ___wmul *****************
 Defined at:
		line 4 in file "C:\Program Files (x86)\Microchip\xc8\v1.30\sources\common\wmul.c"
 Parameters:    Size  Location     Type
  multiplier      2   15[COMRAM] unsigned int 
  multiplicand    2   17[COMRAM] unsigned int 
 Auto vars:     Size  Location     Type
  product         2   19[COMRAM] unsigned int 
 Return value:  Size  Location     Type
                  2   15[COMRAM] unsigned int 
 Registers used:
		wreg, status,2, status,0, prodl, prodh
 Tracked objects:
		On entry : 
		On exit  : 
		Unchanged: 
 Data sizes:     COMRAM   BANK0   BANK1   BANK2   BANK3   BANK4   BANK5
      Params:         4       0       0       0       0       0       0
      Locals:         2       0       0       0       0       0       0
      Temps:          0       0       0       0       0       0       0
      Totals:         6       0       0       0       0       0       0
Total ram usage:        6 bytes
 Hardware stack levels used:    1
 Hardware stack levels required when called:    1
 This function calls:
		Nothing
 This function is called by:
		_OSD_write
		_atoi
		_OSD_write_blink
 This function uses a non-reentrant model


 *************** function _OpenUSART *****************
 Defined at:
		line 73 in file "C:\Program Files (x86)\Microchip\xc8\v1.30\sources\pic18\plib\USART\uopen.c"
 Parameters:    Size  Location     Type
  config          1    wreg     unsigned char 
  spbrg           2   15[COMRAM] unsigned int 
 Auto vars:     Size  Location     Type
  config          1   20[COMRAM] unsigned char 
 Return value:  Size  Location     Type
		None               void
 Registers used:
		wreg, status,2
 Tracked objects:
		On entry : 
		On exit  : 
		Unchanged: 
 Data sizes:     COMRAM   BANK0   BANK1   BANK2   BANK3   BANK4   BANK5
      Params:         2       0       0       0       0       0       0
      Locals:         1       0       0       0       0       0       0
      Temps:          3       0       0       0       0       0       0
      Totals:         6       0       0       0       0       0       0
Total ram usage:        6 bytes
 Hardware stack levels used:    1
 Hardware stack levels required when called:    1
 This function calls:
		Nothing
 This function is called by:
		_main
		_Tomcat_S_Setup
 This function uses a non-reentrant model


 *************** function _OSD_init *****************
 Defined at:
		line 51 in file "OSD.c"
 Parameters:    Size  Location     Type
		None
 Auto vars:     Size  Location     Type
		None
 Return value:  Size  Location     Type
		None               void
 Registers used:
		wreg, status,2, status,0, cstack
 Tracked objects:
		On entry : 
		On exit  : 
		Unchanged: 
 Data sizes:     COMRAM   BANK0   BANK1   BANK2   BANK3   BANK4   BANK5
      Params:         0       0       0       0       0       0       0
      Locals:         0       0       0       0       0       0       0
      Temps:          2       0       0       0       0       0       0
      Totals:         2       0       0       0       0       0       0
Total ram usage:        2 bytes
 Hardware stack levels used:    1
 Hardware stack levels required when called:    3
 This function calls:
		_OSD_disp
		_OpenSPI
		_WriteSPI
 This function is called by:
		_main
		_Tomcat_S_Setup
 This function uses a non-reentrant model


 *************** function _OpenSPI *****************
 Defined at:
		line 14 in file "C:\Program Files (x86)\Microchip\xc8\v1.30\sources\pic18\plib\SPI\spi_open.c"
 Parameters:    Size  Location     Type
  sync_mode       1    wreg     unsigned char 
  bus_mode        1   15[COMRAM] unsigned char 
  smp_phase       1   16[COMRAM] unsigned char 
 Auto vars:     Size  Location     Type
  sync_mode       1   17[COMRAM] unsigned char 
 Return value:  Size  Location     Type
		None               void
 Registers used:
		wreg, status,2, status,0
 Tracked objects:
		On entry : 
		On exit  : 
		Unchanged: 
 Data sizes:     COMRAM   BANK0   BANK1   BANK2   BANK3   BANK4   BANK5
      Params:         2       0       0       0       0       0       0
      Locals:         1       0       0       0       0       0       0
      Temps:          0       0       0       0       0       0       0
      Totals:         3       0       0       0       0       0       0
Total ram usage:        3 bytes
 Hardware stack levels used:    1
 Hardware stack levels required when called:    1
 This function calls:
		Nothing
 This function is called by:
		_OSD_init
 This function uses a non-reentrant model


 *************** function _OSD_disp *****************
 Defined at:
		line 89 in file "OSD.c"
 Parameters:    Size  Location     Type
  _on             1    wreg     unsigned char 
 Auto vars:     Size  Location     Type
  _on             1   18[COMRAM] unsigned char 
  vm0             1   19[COMRAM] unsigned char 
 Return value:  Size  Location     Type
		None               void
 Registers used:
		wreg, status,2, status,0, cstack
 Tracked objects:
		On entry : 
		On exit  : 
		Unchanged: 
 Data sizes:     COMRAM   BANK0   BANK1   BANK2   BANK3   BANK4   BANK5
      Params:         0       0       0       0       0       0       0
      Locals:         2       0       0       0       0       0       0
      Temps:          1       0       0       0       0       0       0
      Totals:         3       0       0       0       0       0       0
Total ram usage:        3 bytes
 Hardware stack levels used:    1
 Hardware stack levels required when called:    2
 This function calls:
		_ReadSPI
		_WriteSPI
 This function is called by:
		_OSD_init
		_Tomcat_S_Setup
 This function uses a non-reentrant model


 *************** function _WriteSPI *****************
 Defined at:
		line 13 in file "C:\Program Files (x86)\Microchip\xc8\v1.30\sources\pic18\plib\SPI\spi_writ.c"
 Parameters:    Size  Location     Type
  data_out        1    wreg     unsigned char 
 Auto vars:     Size  Location     Type
  data_out        1   16[COMRAM] unsigned char 
  TempVar         1   15[COMRAM] unsigned char 
 Return value:  Size  Location     Type
                  1    wreg      char 
 Registers used:
		wreg
 Tracked objects:
		On entry : 
		On exit  : 
		Unchanged: 
 Data sizes:     COMRAM   BANK0   BANK1   BANK2   BANK3   BANK4   BANK5
      Params:         0       0       0       0       0       0       0
      Locals:         2       0       0       0       0       0       0
      Temps:          0       0       0       0       0       0       0
      Totals:         2       0       0       0       0       0       0
Total ram usage:        2 bytes
 Hardware stack levels used:    1
 Hardware stack levels required when called:    1
 This function calls:
		Nothing
 This function is called by:
		_OSD_write
		_OSD_init
		_OSD_disp
		_OSD_write_blink
		_OSD_clear
 This function uses a non-reentrant model


 *************** function _ReadSPI *****************
 Defined at:
		line 12 in file "C:\Program Files (x86)\Microchip\xc8\v1.30\sources\pic18\plib\SPI\spi_read.c"
 Parameters:    Size  Location     Type
		None
 Auto vars:     Size  Location     Type
  TempVar         1   15[COMRAM] unsigned char 
 Return value:  Size  Location     Type
                  1    wreg      unsigned char 
 Registers used:
		wreg, status,2
 Tracked objects:
		On entry : 
		On exit  : 
		Unchanged: 
 Data sizes:     COMRAM   BANK0   BANK1   BANK2   BANK3   BANK4   BANK5
      Params:         0       0       0       0       0       0       0
      Locals:         1       0       0       0       0       0       0
      Temps:          0       0       0       0       0       0       0
      Totals:         1       0       0       0       0       0       0
Total ram usage:        1 bytes
 Hardware stack levels used:    1
 Hardware stack levels required when called:    1
 This function calls:
		Nothing
 This function is called by:
		_OSD_disp
		_OSD_write_blink
		_OSD_clear
 This function uses a non-reentrant model


 *************** function _isr *****************
 Defined at:
		line 28 in file "Tomcat_S_main.c"
 Parameters:    Size  Location     Type
		None
 Auto vars:     Size  Location     Type
		None
 Return value:  Size  Location     Type
		None               void
 Registers used:
		wreg, status,2, status,0
 Tracked objects:
		On entry : 
		On exit  : 
		Unchanged: 
 Data sizes:     COMRAM   BANK0   BANK1   BANK2   BANK3   BANK4   BANK5
      Params:         0       0       0       0       0       0       0
      Locals:         0       0       0       0       0       0       0
      Temps:         15       0       0       0       0       0       0
      Totals:        15       0       0       0       0       0       0
Total ram usage:       15 bytes
 Hardware stack levels used:    1
 This function calls:
		Nothing
 This function is called by:
		Interrupt level 2
 This function uses a non-reentrant model



MODULE INFORMATION

Module		Function		Class		Link	Load	Size
C:\Program Files (x86)\Microchip\xc8\v1.30\sources\common\strchr.c
		_strchr        		CODE           	12FA	0000	96

C:\Program Files (x86)\Microchip\xc8\v1.30\sources\common\strchr.c estimated size: 96

C:\Program Files (x86)\Microchip\xc8\v1.30\sources\common\lwdiv.c
		___lwdiv       		CODE           	1466	0000	86

C:\Program Files (x86)\Microchip\xc8\v1.30\sources\common\lwdiv.c estimated size: 86

C:\Program Files (x86)\Microchip\xc8\v1.30\sources\pic18\plib\SPI\spi_writ.c
		_WriteSPI      		CODE           	16D8	0000	26

C:\Program Files (x86)\Microchip\xc8\v1.30\sources\pic18\plib\SPI\spi_writ.c estimated size: 26

Tomcat_S_main.c
		_main          		CODE           	06E4	0000	1722
		_get_claw      		CODE           	165E	0000	42
		_get_wrist     		CODE           	1634	0000	42
		_isr           		CODE           	0008	0000	4630
		_read_an       		CODE           	1600	0000	52

Tomcat_S_main.c estimated size: 6488

C:\Program Files (x86)\Microchip\xc8\v1.30\sources\common\wmul.c
		___wmul        		CODE           	15C6	0000	58

C:\Program Files (x86)\Microchip\xc8\v1.30\sources\common\wmul.c estimated size: 58

C:\Program Files (x86)\Microchip\xc8\v1.30\sources\pic18\plib\SPI\spi_read.c
		_ReadSPI       		CODE           	171E	0000	18

C:\Program Files (x86)\Microchip\xc8\v1.30\sources\pic18\plib\SPI\spi_read.c estimated size: 18

shared
		__stringdata   		SMALLCONST     	068B	0000	88
		_dpowers       		SMALLCONST     	0681	0000	10
		__initializatio		CODE           	16F2	0000	14
		_char_map      		SMALLCONST     	0601	0000	128

shared estimated size: 240

C:\Program Files (x86)\Microchip\xc8\v1.30\sources\common\doprnt.c
		_sprintf       		CODE           	0D9E	0000	358

C:\Program Files (x86)\Microchip\xc8\v1.30\sources\common\doprnt.c estimated size: 358

C:\Program Files (x86)\Microchip\xc8\v1.30\sources\common\strcspn.c
		_strcspn       		CODE           	140E	0000	88

C:\Program Files (x86)\Microchip\xc8\v1.30\sources\common\strcspn.c estimated size: 88

C:\Program Files (x86)\Microchip\xc8\v1.30\sources\common\isdigit.c
		_isdigit       		CODE           	1688	0000	42

C:\Program Files (x86)\Microchip\xc8\v1.30\sources\common\isdigit.c estimated size: 42

OSD.c
		_OSD_disp      		CODE           	1550	0000	60
		_Str_output    		CODE           	14BC	0000	78
		_OSD_write     		CODE           	121E	0000	114
		_OSD_init      		CODE           	0F04	0000	262

OSD.c estimated size: 514

C:\Program Files (x86)\Microchip\xc8\v1.30\sources\pic18\plib\SPI\spi_open.c
		_OpenSPI       		CODE           	135A	0000	92

C:\Program Files (x86)\Microchip\xc8\v1.30\sources\pic18\plib\SPI\spi_open.c estimated size: 92

C:\Program Files (x86)\Microchip\xc8\v1.30\sources\common\strlen.c
		_strlen        		CODE           	158C	0000	58

C:\Program Files (x86)\Microchip\xc8\v1.30\sources\common\strlen.c estimated size: 58

C:\Program Files (x86)\Microchip\xc8\v1.30\sources\common\strtok.c
		_strtok        		CODE           	10D8	0000	184

C:\Program Files (x86)\Microchip\xc8\v1.30\sources\common\strtok.c estimated size: 184

C:\Program Files (x86)\Microchip\xc8\v1.30\sources\pic18\plib\USART\uwrite.c
		_WriteUSART    		CODE           	170A	0000	20

C:\Program Files (x86)\Microchip\xc8\v1.30\sources\pic18\plib\USART\uwrite.c estimated size: 20

C:\Program Files (x86)\Microchip\xc8\v1.30\sources\pic18\plib\USART\uputs.c
		_putsUSART     		CODE           	16B2	0000	38

C:\Program Files (x86)\Microchip\xc8\v1.30\sources\pic18\plib\USART\uputs.c estimated size: 38

C:\Program Files (x86)\Microchip\xc8\v1.30\sources\common\strspn.c
		_strspn        		CODE           	13B6	0000	88

C:\Program Files (x86)\Microchip\xc8\v1.30\sources\common\strspn.c estimated size: 88

C:\Program Files (x86)\Microchip\xc8\v1.30\sources\pic18\plib\USART\uopen.c
		_OpenUSART     		CODE           	1290	0000	106

C:\Program Files (x86)\Microchip\xc8\v1.30\sources\pic18\plib\USART\uopen.c estimated size: 106

C:\Program Files (x86)\Microchip\xc8\v1.30\sources\common\lwmod.c
		___lwmod       		CODE           	150A	0000	70

C:\Program Files (x86)\Microchip\xc8\v1.30\sources\common\lwmod.c estimated size: 70

C:\Program Files (x86)\Microchip\xc8\v1.30\sources\common\atoi.c
		_atoi          		CODE           	100A	0000	206

C:\Program Files (x86)\Microchip\xc8\v1.30\sources\common\atoi.c estimated size: 206

