Microchip MPLAB XC8 Compiler V1.30 ()

Linker command line:

--edf=C:\Program Files (x86)\Microchip\xc8\v1.30\dat\en_msgs.txt -cs \
  -h+dist/default/production\Tomcat_Vehicle.X.production.sym \
  --cmf=dist/default/production\Tomcat_Vehicle.X.production.cmf -z \
  -Q18F45K22 -oC:\Users\Mike\AppData\Local\Temp\s650.6 \
  -Mdist/default/production/Tomcat_Vehicle.X.production.map -E1 -ver=XC8 \
  -ASTACK=01BEh-05ffh -pstack=STACK -ACODE=00h-07FFFh -ACONST=00h-07FFFh \
  -ASMALLCONST=0600h-06FFhx122 -AMEDIUMCONST=0600h-07FFFh -ACOMRAM=01h-05Fh \
  -AABS1=00h-05FFh -ABIGRAM=01h-05FFh -ARAM=060h-0FFh,0100h-01FFhx5 \
  -ABANK0=060h-0FFh -ABANK1=0100h-01FFh -ABANK2=0200h-02FFh \
  -ABANK3=0300h-03FFh -ABANK4=0400h-04FFh -ABANK5=0500h-05FFh \
  -ASFR=0F38h-0F5Fh,0F60h-0FFFh \
  -preset_vec=00h,intcode=08h,intcodelo,powerup,init,end_init \
  -pramtop=0600h -psmallconst=SMALLCONST -pmediumconst=MEDIUMCONST \
  -pconst=CONST -AFARRAM=00h-00h -ACONFIG=0300000h-030000Dh -pconfig=CONFIG \
  -AIDLOC=0200000h-0200007h -pidloc=IDLOC -AEEDATA=0F00000h-0F000FFh \
  -peeprom_data=EEDATA \
  -prdata=COMRAM,nvrram=COMRAM,nvbit=COMRAM,rbss=COMRAM,rbit=COMRAM \
  -pfarbss=FARRAM,fardata=FARRAM,nvFARRAM=FARRAM \
  -pintsave_regs=BIGRAM,bigbss=BIGRAM,bigdata=BIGRAM -pbss=RAM \
  -pidata=CODE,irdata=CODE,ibigdata=CODE,ifardata=CODE \
  C:\Users\Mike\AppData\Local\Temp\s650.obj \
  dist/default/production\Tomcat_Vehicle.X.production.obj 

Object code version is 3.11

Machine type is 18F45K22

Call graph: (short form)




                Name                               Link     Load   Length Selector   Space Scale
C:\Users\Mike\AppData\Local\Temp\s650.obj
                end_init                            144      144        4        4       0
                reset_vec                             0        0        4        0       0
                idloc                            200000   200000        8   200000       0
                config                           300000   300000        E   300000       0
dist/default/production\Tomcat_Vehicle.X.production.obj
                intcode                               8        8      13C        4       0
                smallconst                          600      600       66      300       0
                text45                             27F8     27F8       14      333       0
                text44                             2702     2702       2E      333       0
                text42                             1C26     1C26       E6      333       0
                text41                             1F5C     1F5C       A8      333       0
                text40                             229E     229E       56      333       0
                text39                             22F4     22F4       54      333       0
                text38                             2630     2630       3A      333       0
                text37                             25F6     25F6       3A      333       0
                text36                             2506     2506       42      333       0
                text35                             24C4     24C4       42      333       0
                text34                             12F8     12F8      1A8      333       0
                text33                              EF8      EF8      228      333       0
                text32                             27AA     27AA       1E      333       0
                text31                             23E8     23E8       4E      333       0
                text30                              BCC      BCC      32C      333       0
                text29                             1120     1120      1D8      333       0
                text28                             2730     2730       2C      333       0
                text27                             266A     266A       36      333       0
                text26                             194A     194A       FC      333       0
                text25                             2134     2134       92      333       0
                text24                             2244     2244       5A      333       0
                text23                             27C8     27C8       1C      333       0
                text22                             1B3C     1B3C       EA      333       0
                text21                             27E4     27E4       14      333       0
                text20                             2436     2436       48      333       0
                text19                             26D4     26D4       2E      333       0
                text18                             2786     2786       24      333       0
                text17                             1EAC     1EAC       B0      333       0
                text16                             25BC     25BC       3A      333       0
                text15                             2582     2582       3A      333       0
                text14                             1A46     1A46       F6      333       0
                text13                             20A0     20A0       94      333       0
                text12                             14A0     14A0      19C      333       0
                text11                             163C     163C      188      333       0
                text10                             2004     2004       9C      333       0
                text9                              275C     275C       2A      333       0
                text8                              1DDE     1DDE       CE      333       0
                text7                              247E     247E       46      333       0
                text6                              17C4     17C4      186      333       0
                text5                              2548     2548       3A      333       0
                text4                              26A0     26A0       34      333       0
                text3                              2398     2398       50      333       0
                text2                              2348     2348       50      333       0
                text1                              1D0C     1D0C       D2      333       0
                text0                               666      666      566      333       0
                cstackCOMRAM                          1        1       37        1       1
                cstackBANK0                          60       60       4B       60       1
                cstackBANK1                         100      100       74      100       1
                dataBANK1                           1BD      1BD        1      100       1
                bssBANK1                            174      174       49      100       1
                dataBANK0                            C1       C1        C       60       1
                bssBANK0                             AB       AB       16       60       1
                dataCOMRAM                           38       38        C        1       1
                bssCOMRAM                            45       45        4        1       1
                bitbssCOMRAM                        220       44        8        1       1     8
                cinit                              21C6     21C6       7E      333       0
                idataBANK1                         2824     2824        1      333       0
                idataBANK0                         2818     2818        C      333       0
                idataCOMRAM                        280C     280C        C      333       0

TOTAL           Name                               Link     Load   Length     Space
        CLASS   STACK          

        CLASS   CODE           
                end_init                            144      144        4         0
                intcode                               8        8      13C         0
                reset_vec                             0        0        4         0
                text45                             27F8     27F8       14         0
                text44                             2702     2702       2E         0
                text42                             1C26     1C26       E6         0
                text41                             1F5C     1F5C       A8         0
                text40                             229E     229E       56         0
                text39                             22F4     22F4       54         0
                text38                             2630     2630       3A         0
                text37                             25F6     25F6       3A         0
                text36                             2506     2506       42         0
                text35                             24C4     24C4       42         0
                text34                             12F8     12F8      1A8         0
                text33                              EF8      EF8      228         0
                text32                             27AA     27AA       1E         0
                text31                             23E8     23E8       4E         0
                text30                              BCC      BCC      32C         0
                text29                             1120     1120      1D8         0
                text28                             2730     2730       2C         0
                text27                             266A     266A       36         0
                text26                             194A     194A       FC         0
                text25                             2134     2134       92         0
                text24                             2244     2244       5A         0
                text23                             27C8     27C8       1C         0
                text22                             1B3C     1B3C       EA         0
                text21                             27E4     27E4       14         0
                text20                             2436     2436       48         0
                text19                             26D4     26D4       2E         0
                text18                             2786     2786       24         0
                text17                             1EAC     1EAC       B0         0
                text16                             25BC     25BC       3A         0
                text15                             2582     2582       3A         0
                text14                             1A46     1A46       F6         0
                text13                             20A0     20A0       94         0
                text12                             14A0     14A0      19C         0
                text11                             163C     163C      188         0
                text10                             2004     2004       9C         0
                text9                              275C     275C       2A         0
                text8                              1DDE     1DDE       CE         0
                text7                              247E     247E       46         0
                text6                              17C4     17C4      186         0
                text5                              2548     2548       3A         0
                text4                              26A0     26A0       34         0
                text3                              2398     2398       50         0
                text2                              2348     2348       50         0
                text1                              1D0C     1D0C       D2         0
                text0                               666      666      566         0
                cinit                              21C6     21C6       7E         0
                idataBANK1                         2824     2824        1         0
                idataBANK0                         2818     2818        C         0
                idataCOMRAM                        280C     280C        C         0

        CLASS   CONST          

        CLASS   SMALLCONST     
                smallconst                          600      600       66         0

        CLASS   MEDIUMCONST    

        CLASS   COMRAM         
                cstackCOMRAM                          1        1       37         1
                dataCOMRAM                           38       38        C         1
                bssCOMRAM                            45       45        4         1
                bitbssCOMRAM                        220       44        8         1

        CLASS   ABS1           

        CLASS   BIGRAM         

        CLASS   RAM            

        CLASS   BANK0          
                cstackBANK0                          60       60       4B         1
                dataBANK0                            C1       C1        C         1
                bssBANK0                             AB       AB       16         1

        CLASS   BANK1          
                cstackBANK1                         100      100       74         1
                dataBANK1                           1BD      1BD        1         1
                bssBANK1                            174      174       49         1

        CLASS   BANK2          

        CLASS   BANK3          

        CLASS   BANK4          

        CLASS   BANK5          

        CLASS   SFR            

        CLASS   FARRAM         

        CLASS   CONFIG         
                config                           300000   300000        E         0

        CLASS   IDLOC          
                idloc                            200000   200000        8         0

        CLASS   EEDATA         



SEGMENTS        Name                           Load    Length   Top    Selector   Space  Class

                reset_vec                      000000  000004  000004         0       0  CODE    
                cstackCOMRAM                   000001  000048  000049         1       1  COMRAM  
                intcode                        000008  000140  000148         4       0  CODE    
                cstackBANK0                    000060  00006D  0000CD        60       1  BANK0   
                cstackBANK1                    000100  0000BE  0001BE       100       1  BANK1   
                smallconst                     000600  000066  000666       300       0  SMALLCON
                text0                          000666  0021BF  002825       333       0  CODE    
                idloc                          200000  000008  200008    200000       0  IDLOC   
                config                         300000  00000E  30000E    300000       0  CONFIG  


UNUSED ADDRESS RANGES

        Name                Unused          Largest block    Delta
        BANK0            0000CD-0000FF               33
        BANK1            0001BE-0001FF               42
        BANK2            000200-0002FF              100
        BANK3            000300-0003FF              100
        BANK4            000400-0004FF              100
        BANK5            000500-0005FF              100
        BIGRAM           000049-00005F               17
                         0000CD-0000FF               33
                         0001BE-0005FF              442
        CODE             000004-000007                4
                         000148-0005FF              4B8
                         002825-007FFF             57DB
        COMRAM           000049-00005F               17
        CONST            000004-000007                4
                         000148-0005FF              4B8
                         002825-007FFF             57DB
        EEDATA           F00000-F000FF              100
        MEDIUMCONST      002825-007FFF             57DB
        RAM              0000CD-0000FF               33
                         0001BE-0005FF              100
        SFR              000F38-000FFF               28
        SMALLCONST       002825-007FFF              100
        STACK            0001BE-0005FF              442

                                  Symbol Table

?_Tomcat_Depth              cstackBANK0  000084
?_Tomcat_Press_Int          cstackBANK0  000084
?_Tomcat_Temp               cstackBANK0  000084
?_Tomcat_Temp_Ex            cstackBANK0  00009D
?___awmod                   cstackCOMRAM 000012
?___awtoft                  cstackCOMRAM 00001A
?___ftadd                   cstackBANK0  000075
?___ftdiv                   cstackCOMRAM 000020
?___ftmul                   cstackBANK0  000060
?___ftneg                   cstackBANK0  00009A
?___ftpack                  cstackCOMRAM 000012
?___fttol                   cstackBANK0  000075
?___lwdiv                   cstackCOMRAM 00001B
?___lwmod                   cstackCOMRAM 000026
?___lwtoft                  cstackCOMRAM 000026
?___wmul                    cstackCOMRAM 00001B
?_analogRead                cstackCOMRAM 000012
?_atoi                      cstackCOMRAM 000023
?_eval_poly                 cstackBANK0  000084
?_frexp                     cstackCOMRAM 000012
?_log                       cstackBANK0  000093
?_sprintf                   cstackBANK0  000060
?_strchr                    cstackCOMRAM 000012
?_strcspn                   cstackCOMRAM 000016
?_strlen                    cstackCOMRAM 000012
?_strspn                    cstackCOMRAM 000016
?_strtok                    cstackCOMRAM 00001D
Open1USART@config           cstackCOMRAM 000017
Open1USART@spbrg            cstackCOMRAM 000012
OpenI2C1@slew               cstackCOMRAM 000012
OpenI2C1@sync_mode          cstackCOMRAM 000013
SetDCEPWM1@DCycle           cstackCOMRAM 000016
SetDCEPWM1@dutycycle        cstackCOMRAM 000012
SetDCEPWM2@DCycle           cstackCOMRAM 000016
SetDCEPWM2@dutycycle        cstackCOMRAM 000012
SetDCEPWM3@DCycle           cstackCOMRAM 000016
SetDCEPWM3@dutycycle        cstackCOMRAM 000012
SetDCPWM4@DCycle            cstackCOMRAM 000016
SetDCPWM4@dutycycle         cstackCOMRAM 000012
Thruster_Driver@dc          cstackBANK0  00008E
Thruster_Driver@dir         cstackBANK0  00008D
Thruster_Driver@input       cstackBANK0  000084
Thruster_Driver@thruster    cstackBANK0  000086
Tomcat_Camera@pan           cstackCOMRAM 00001B
Tomcat_Camera@pan_pos       cstackCOMRAM 00001F
Tomcat_Camera@tilt          cstackCOMRAM 00001D
Tomcat_Camera@tilt_pos      cstackCOMRAM 000021
Tomcat_Claw@grip            cstackCOMRAM 000012
Tomcat_Claw@wrist           cstackCOMRAM 000014
Tomcat_Depth@depth          cstackBANK0  00008A
Tomcat_Depth@tempPress      cstackBANK0  00008C
Tomcat_Press_Int@press      cstackBANK0  00008A
Tomcat_TX_data@k            cstackCOMRAM 00001C
Tomcat_TX_data@num_bytes    cstackCOMRAM 00001A
Tomcat_TX_data@tx_buff      cstackCOMRAM 000018
Tomcat_TX_error@code        cstackCOMRAM 000013
Tomcat_TX_warn@code         cstackCOMRAM 000013
Tomcat_Temp@temp            cstackBANK0  00008A
Tomcat_Temp_Ex@temp         cstackBANK0  0000A6
Write1USART@data            cstackCOMRAM 000012
_ADCON0                     (abs)        000FC2
_ADCON0bits                 (abs)        000FC2
_ADCON1                     (abs)        000FC1
_ADCON2                     (abs)        000FC0
_ADRES                      (abs)        000FC3
_ANSELA                     (abs)        000F38
_ANSELB                     (abs)        000F39
_ANSELC                     (abs)        000F3A
_ANSELD                     (abs)        000F3B
_ANSELE                     (abs)        000F3C
_CCP1CON                    (abs)        000FBD
_CCP2CON                    (abs)        000F66
_CCP3CON                    (abs)        000F5D
_CCP4CON                    (abs)        000F57
_CCPR1L                     (abs)        000FBE
_CCPR2L                     (abs)        000F67
_CCPR3L                     (abs)        000F5E
_CCPR4L                     (abs)        000F58
_CCPTMRS0                   (abs)        000F49
_CCPTMRS1                   (abs)        000F48
_ECCP1AS                    (abs)        000FB6
_ECCP2AS                    (abs)        000F64
_ECCP3AS                    (abs)        000F5B
_INTCON                     (abs)        000FF2
_INTCONbits                 (abs)        000FF2
_LATAbits                   (abs)        000F89
_LATBbits                   (abs)        000F8A
_LATCbits                   (abs)        000F8B
_LATDbits                   (abs)        000F8C
_LATEbits                   (abs)        000F8D
_Open1USART                 text24       002244
_OpenI2C1                   text23       0027C8
_PIE1                       (abs)        000F9D
_PIE1bits                   (abs)        000F9D
_PIR1bits                   (abs)        000F9E
_PIR2bits                   (abs)        000FA1
_PIR3bits                   (abs)        000FA4
_PORTA                      (abs)        000F80
_PORTB                      (abs)        000F81
_PORTBbits                  (abs)        000F81
_PORTC                      (abs)        000F82
_PORTD                      (abs)        000F83
_PORTE                      (abs)        000F84
_PSTR1CON                   (abs)        000FB9
_PSTR2CON                   (abs)        000F63
_PSTR3CON                   (abs)        000F5A
_RCON                       (abs)        000FD0
_RCREG                      (abs)        000FAE
_RCSTA1                     (abs)        000FAB
_RCSTA1bits                 (abs)        000FAB
_SPBRG1                     (abs)        000FAF
_SPBRGH1                    (abs)        000FB0
_SSP1ADD                    (abs)        000FC8
_SSP1BUF                    (abs)        000FC9
_SSP1CON1                   (abs)        000FC6
_SSP1CON1bits               (abs)        000FC6
_SSP1CON2                   (abs)        000FC5
_SSP1CON2bits               (abs)        000FC5
_SSP1STAT                   (abs)        000FC7
_SSP1STATbits               (abs)        000FC7
_SetDCEPWM1                 text38       002630
_SetDCEPWM2                 text37       0025F6
_SetDCEPWM3                 text36       002506
_SetDCPWM4                  text35       0024C4
_T0CON                      (abs)        000FD5
_T1CON                      (abs)        000FCD
_T2CON                      (abs)        000FBA
_T4CON                      (abs)        000F51
_TMR0                       (abs)        000FD6
_TMR1                       (abs)        000FCE
_TRISA                      (abs)        000F92
_TRISB                      (abs)        000F93
_TRISC                      (abs)        000F94
_TRISD                      (abs)        000F95
_TRISE                      (abs)        000F96
_TXREG1                     (abs)        000FAD
_TXSTA1                     (abs)        000FAC
_TXSTA1bits                 (abs)        000FAC
_Thruster_Driver            text33       000EF8
_Tomcat_Camera              text32       0027AA
_Tomcat_Claw                text31       0023E8
_Tomcat_Depth               text26       00194A
_Tomcat_Press_Int           text25       002134
_Tomcat_Setup               text22       001B3C
_Tomcat_TX_data             text20       002436
_Tomcat_TX_error            text19       0026D4
_Tomcat_TX_warn             text18       002786
_Tomcat_Temp                text17       001EAC
_Tomcat_Temp_Ex             text11       00163C
_Tomcat_Temp_Ex$3357        cstackBANK0  0000A3
_USART1_Status              bssCOMRAM    000045
_Write1USART                text21       0027E4
__CFG_BOREN$SBORDIS         (abs)        000000
__CFG_BORV$285              (abs)        000000
__CFG_CCP2MX$PORTC1         (abs)        000000
__CFG_CCP3MX$PORTB5         (abs)        000000
__CFG_CP0$OFF               (abs)        000000
__CFG_CP1$OFF               (abs)        000000
__CFG_CP2$OFF               (abs)        000000
__CFG_CP3$OFF               (abs)        000000
__CFG_CPB$OFF               (abs)        000000
__CFG_CPD$OFF               (abs)        000000
__CFG_EBTR0$OFF             (abs)        000000
__CFG_EBTR1$OFF             (abs)        000000
__CFG_EBTR2$OFF             (abs)        000000
__CFG_EBTR3$OFF             (abs)        000000
__CFG_EBTRB$OFF             (abs)        000000
__CFG_FCMEN$OFF             (abs)        000000
__CFG_FOSC$HSHP             (abs)        000000
__CFG_HFOFST$OFF            (abs)        000000
__CFG_IESO$OFF              (abs)        000000
__CFG_LVP$OFF               (abs)        000000
__CFG_MCLRE$EXTMCLR         (abs)        000000
__CFG_P2BMX$PORTD2          (abs)        000000
__CFG_PBADEN$ON             (abs)        000000
__CFG_PLLCFG$OFF            (abs)        000000
__CFG_PRICLKEN$ON           (abs)        000000
__CFG_PWRTEN$ON             (abs)        000000
__CFG_STVREN$OFF            (abs)        000000
__CFG_T3CMX$PORTC0          (abs)        000000
__CFG_WDTEN$ON              (abs)        000000
__CFG_WDTPS$32768           (abs)        000000
__CFG_WRT0$OFF              (abs)        000000
__CFG_WRT1$OFF              (abs)        000000
__CFG_WRT2$OFF              (abs)        000000
__CFG_WRT3$OFF              (abs)        000000
__CFG_WRTB$OFF              (abs)        000000
__CFG_WRTC$OFF              (abs)        000000
__CFG_WRTD$OFF              (abs)        000000
__CFG_XINST$OFF             (abs)        000000
__HRAM                      (abs)        000000
__Habs1                     abs1         000000
__Hbank0                    bank0        000000
__Hbank1                    bank1        000000
__Hbank2                    bank2        000000
__Hbank3                    bank3        000000
__Hbank4                    bank4        000000
__Hbank5                    bank5        000000
__Hbigbss                   bigbss       000000
__Hbigdata                  bigdata      000000
__Hbigram                   bigram       000000
__HbitbssCOMRAM             bitbssCOMRAM 000000
__Hbss                      bss          000000
__HbssBANK0                 bssBANK0     000000
__HbssBANK1                 bssBANK1     000000
__HbssCOMRAM                bssCOMRAM    000000
__Hcinit                    cinit        000000
__Hclrtext                  clrtext      000000
__Hcomram                   comram       000000
__Hconfig                   config       30000E
__Hconst                    const        000000
__HcstackBANK0              cstackBANK0  000000
__HcstackBANK1              cstackBANK1  000000
__HcstackCOMRAM             cstackCOMRAM 000000
__Hdata                     data         000000
__HdataBANK0                dataBANK0    000000
__HdataBANK1                dataBANK1    000000
__HdataCOMRAM               dataCOMRAM   000000
__Heeprom_data              eeprom_data  000000
__Hend_init                 end_init     000148
__Hfarbss                   farbss       000000
__Hfardata                  fardata      000000
__Hibigdata                 ibigdata     000000
__Hidata                    idata        000000
__HidataBANK0               idataBANK0   000000
__HidataBANK1               idataBANK1   000000
__HidataCOMRAM              idataCOMRAM  000000
__Hidloc                    idloc        200008
__Hifardata                 ifardata     000000
__Hinit                     init         000144
__Hintcode                  intcode      000144
__Hintcode_body             intcode_body 000000
__Hintcodelo                intcodelo    000144
__Hintentry                 intentry     000000
__Hintret                   intret       000000
__Hintsave_regs             intsave_regs 000000
__Hirdata                   irdata       000000
__Hmediumconst              mediumconst  000000
__HnvFARRAM                 nvFARRAM     000000
__Hnvbit                    nvbit        000000
__Hnvrram                   nvrram       000000
__Hparam                    rparam       000000
__Hpowerup                  powerup      000144
__Hram                      ram          000000
__Hramtop                   ramtop       000600
__Hrbit                     rbit         000000
__Hrbss                     rbss         000000
__Hrdata                    rdata        000000
__Hreset_vec                reset_vec    000004
__Hrparam                   rparam       000000
__Hsfr                      sfr          000000
__Hsmallconst               smallconst   000666
__Hstack                    stack        000000
__Hstruct                   struct       000000
__Htemp                     temp         000000
__Htext                     text         000000
__Htext0                    text0        000000
__Htext1                    text1        000000
__Htext10                   text10       000000
__Htext11                   text11       000000
__Htext12                   text12       000000
__Htext13                   text13       000000
__Htext14                   text14       000000
__Htext15                   text15       000000
__Htext16                   text16       000000
__Htext17                   text17       000000
__Htext18                   text18       000000
__Htext19                   text19       000000
__Htext2                    text2        000000
__Htext20                   text20       000000
__Htext21                   text21       000000
__Htext22                   text22       000000
__Htext23                   text23       000000
__Htext24                   text24       000000
__Htext25                   text25       000000
__Htext26                   text26       000000
__Htext27                   text27       000000
__Htext28                   text28       000000
__Htext29                   text29       000000
__Htext3                    text3        000000
__Htext30                   text30       000000
__Htext31                   text31       000000
__Htext32                   text32       000000
__Htext33                   text33       000000
__Htext34                   text34       000000
__Htext35                   text35       000000
__Htext36                   text36       000000
__Htext37                   text37       000000
__Htext38                   text38       000000
__Htext39                   text39       000000
__Htext4                    text4        000000
__Htext40                   text40       000000
__Htext41                   text41       000000
__Htext42                   text42       000000
__Htext44                   text44       000000
__Htext45                   text45       000000
__Htext5                    text5        000000
__Htext6                    text6        000000
__Htext7                    text7        000000
__Htext8                    text8        000000
__Htext9                    text9        000000
__LRAM                      (abs)        000001
__Labs1                     abs1         000000
__Lbank0                    bank0        000000
__Lbank1                    bank1        000000
__Lbank2                    bank2        000000
__Lbank3                    bank3        000000
__Lbank4                    bank4        000000
__Lbank5                    bank5        000000
__Lbigbss                   bigbss       000000
__Lbigdata                  bigdata      000000
__Lbigram                   bigram       000000
__LbitbssCOMRAM             bitbssCOMRAM 000000
__Lbss                      bss          000000
__LbssBANK0                 bssBANK0     000000
__LbssBANK1                 bssBANK1     000000
__LbssCOMRAM                bssCOMRAM    000000
__Lcinit                    cinit        000000
__Lclrtext                  clrtext      000000
__Lcomram                   comram       000000
__Lconfig                   config       300000
__Lconst                    const        000000
__LcstackBANK0              cstackBANK0  000000
__LcstackBANK1              cstackBANK1  000000
__LcstackCOMRAM             cstackCOMRAM 000000
__Ldata                     data         000000
__LdataBANK0                dataBANK0    000000
__LdataBANK1                dataBANK1    000000
__LdataCOMRAM               dataCOMRAM   000000
__Leeprom_data              eeprom_data  000000
__Lend_init                 end_init     000144
__Lfarbss                   farbss       000000
__Lfardata                  fardata      000000
__Libigdata                 ibigdata     000000
__Lidata                    idata        000000
__LidataBANK0               idataBANK0   000000
__LidataBANK1               idataBANK1   000000
__LidataCOMRAM              idataCOMRAM  000000
__Lidloc                    idloc        200000
__Lifardata                 ifardata     000000
__Linit                     init         000144
__Lintcode                  intcode      000008
__Lintcode_body             intcode_body 000000
__Lintcodelo                intcodelo    000144
__Lintentry                 intentry     000000
__Lintret                   intret       000000
__Lintsave_regs             intsave_regs 000000
__Lirdata                   irdata       000000
__Lmediumconst              mediumconst  000000
__LnvFARRAM                 nvFARRAM     000000
__Lnvbit                    nvbit        000000
__Lnvrram                   nvrram       000000
__Lparam                    rparam       000000
__Lpowerup                  powerup      000144
__Lram                      ram          000000
__Lramtop                   ramtop       000600
__Lrbit                     rbit         000000
__Lrbss                     rbss         000000
__Lrdata                    rdata        000000
__Lreset_vec                reset_vec    000000
__Lrparam                   rparam       000000
__Lsfr                      sfr          000000
__Lsmallconst               smallconst   000600
__Lstack                    stack        000000
__Lstruct                   struct       000000
__Ltemp                     temp         000000
__Ltext                     text         000000
__Ltext0                    text0        000000
__Ltext1                    text1        000000
__Ltext10                   text10       000000
__Ltext11                   text11       000000
__Ltext12                   text12       000000
__Ltext13                   text13       000000
__Ltext14                   text14       000000
__Ltext15                   text15       000000
__Ltext16                   text16       000000
__Ltext17                   text17       000000
__Ltext18                   text18       000000
__Ltext19                   text19       000000
__Ltext2                    text2        000000
__Ltext20                   text20       000000
__Ltext21                   text21       000000
__Ltext22                   text22       000000
__Ltext23                   text23       000000
__Ltext24                   text24       000000
__Ltext25                   text25       000000
__Ltext26                   text26       000000
__Ltext27                   text27       000000
__Ltext28                   text28       000000
__Ltext29                   text29       000000
__Ltext3                    text3        000000
__Ltext30                   text30       000000
__Ltext31                   text31       000000
__Ltext32                   text32       000000
__Ltext33                   text33       000000
__Ltext34                   text34       000000
__Ltext35                   text35       000000
__Ltext36                   text36       000000
__Ltext37                   text37       000000
__Ltext38                   text38       000000
__Ltext39                   text39       000000
__Ltext4                    text4        000000
__Ltext40                   text40       000000
__Ltext41                   text41       000000
__Ltext42                   text42       000000
__Ltext44                   text44       000000
__Ltext45                   text45       000000
__Ltext5                    text5        000000
__Ltext6                    text6        000000
__Ltext7                    text7        000000
__Ltext8                    text8        000000
__Ltext9                    text9        000000
__S0                        (abs)        30000E
__S1                        (abs)        0001BE
__S2                        (abs)        000000
___awmod                    text10       002004
___awmod@counter            cstackCOMRAM 000017
___awmod@dividend           cstackCOMRAM 000012
___awmod@divisor            cstackCOMRAM 000014
___awmod@sign               cstackCOMRAM 000018
___awtoft                   text39       0022F4
___awtoft@c                 cstackCOMRAM 00001A
___awtoft@sign              cstackCOMRAM 00001F
___ftadd                    text30       000BCC
___ftadd@exp1               cstackBANK0  000083
___ftadd@exp2               cstackBANK0  000082
___ftadd@f1                 cstackBANK0  000075
___ftadd@f2                 cstackBANK0  000078
___ftadd@sign               cstackBANK0  000081
___ftdiv                    text42       001C26
___ftdiv@cntr               cstackCOMRAM 00002F
___ftdiv@exp                cstackCOMRAM 000030
___ftdiv@f1                 cstackCOMRAM 000020
___ftdiv@f2                 cstackCOMRAM 000023
___ftdiv@f3                 cstackCOMRAM 000031
___ftdiv@sign               cstackCOMRAM 000034
___ftmul                    text29       001120
___ftmul@cntr               cstackBANK0  000073
___ftmul@exp                cstackBANK0  00006F
___ftmul@f1                 cstackBANK0  000060
___ftmul@f2                 cstackBANK0  000063
___ftmul@f3_as_product      cstackBANK0  000070
___ftmul@sign               cstackBANK0  000074
___ftneg                    text16       0025BC
___ftneg@f1                 cstackBANK0  00009A
___ftpack                   text41       001F5C
___ftpack@arg               cstackCOMRAM 000012
___ftpack@exp               cstackCOMRAM 000015
___ftpack@sign              cstackCOMRAM 000016
___fttol                    text34       0012F8
___fttol@exp1               cstackBANK0  000083
___fttol@f1                 cstackBANK0  000075
___fttol@lval               cstackBANK0  00007F
___fttol@sign1              cstackBANK0  00007E
___inthi_sp                 stack        000000
___intlo_sp                 stack        000000
___lwdiv                    text40       00229E
___lwdiv@counter            cstackCOMRAM 000025
___lwdiv@dividend           cstackCOMRAM 00001B
___lwdiv@divisor            cstackCOMRAM 00001D
___lwdiv@quotient           cstackCOMRAM 000023
___lwmod                    text7        00247E
___lwmod@counter            cstackCOMRAM 00002B
___lwmod@dividend           cstackCOMRAM 000026
___lwmod@divisor            cstackCOMRAM 000028
___lwtoft                   text28       002730
___lwtoft@c                 cstackCOMRAM 000026
___sp                       stack        000000
___wmul                     text15       002582
___wmul@multiplicand        cstackCOMRAM 00001D
___wmul@multiplier          cstackCOMRAM 00001B
___wmul@product             cstackCOMRAM 000021
__accesstop                 (abs)        000060
__activetblptr              (abs)        000002
__end_of_Open1USART         text24       00229E
__end_of_OpenI2C1           text23       0027E4
__end_of_SetDCEPWM1         text38       00266A
__end_of_SetDCEPWM2         text37       002630
__end_of_SetDCEPWM3         text36       002548
__end_of_SetDCPWM4          text35       002506
__end_of_Thruster_Driver    text33       001120
__end_of_Tomcat_Camera      text32       0027C8
__end_of_Tomcat_Claw        text31       002436
__end_of_Tomcat_Depth       text26       001A46
__end_of_Tomcat_Press_Int   text25       0021C6
__end_of_Tomcat_Setup       text22       001C26
__end_of_Tomcat_TX_data     text20       00247E
__end_of_Tomcat_TX_error    text19       002702
__end_of_Tomcat_TX_warn     text18       0027AA
__end_of_Tomcat_Temp        text17       001F5C
__end_of_Tomcat_Temp_Ex     text11       0017C4
__end_of_Write1USART        text21       0027F8
__end_of___awmod            text10       0020A0
__end_of___awtoft           text39       002348
__end_of___ftadd            text30       000EF8
__end_of___ftdiv            text42       001D0C
__end_of___ftmul            text29       0012F8
__end_of___ftneg            text16       0025F6
__end_of___ftpack           text41       002004
__end_of___fttol            text34       0014A0
__end_of___lwdiv            text40       0022F4
__end_of___lwmod            text7        0024C4
__end_of___lwtoft           text28       00275C
__end_of___wmul             text15       0025BC
__end_of__initialization    cinit        00223A
__end_of__stringdata        smallconst   000664
__end_of_analogRead         text27       0026A0
__end_of_atoi               text8        001EAC
__end_of_dpowers            smallconst   00060B
__end_of_eval_poly          text14       001B3C
__end_of_frexp              text13       002134
__end_of_isdigit            text9        002786
__end_of_isr                intcode      000144
__end_of_log                text12       00163C
__end_of_main               text0        000BCC
__end_of_sprintf            text6        00194A
__end_of_strchr             text4        0026D4
__end_of_strcspn            text3        0023E8
__end_of_strlen             text5        002582
__end_of_strspn             text2        002398
__end_of_strtok             text1        001DDE
__end_ofatan@coeff_a        smallconst   00063A
__end_ofatan@coeff_b        smallconst   000649
__end_ofi2_Tomcat_TX_error  text44       002730
__end_ofi2_Write1USART      text45       00280C
__end_oflog@coeff           smallconst   000628
__end_ofmain@F8438          smallconst   00060D
__gaddress                  bssCOMRAM    000046
__initialization            cinit        0021C6
__mediumconst               mediumconst  000000
__pbitbssCOMRAM             bitbssCOMRAM 000220
__pbssBANK0                 bssBANK0     0000AB
__pbssBANK1                 bssBANK1     000174
__pbssCOMRAM                bssCOMRAM    000045
__pcinit                    cinit        0021C6
__pcstackBANK0              cstackBANK0  000060
__pcstackBANK1              cstackBANK1  000100
__pcstackCOMRAM             cstackCOMRAM 000001
__pdataBANK0                dataBANK0    0000C1
__pdataBANK1                dataBANK1    0001BD
__pdataCOMRAM               dataCOMRAM   000038
__pidataBANK0               idataBANK0   002818
__pidataBANK1               idataBANK1   002824
__pidataCOMRAM              idataCOMRAM  00280C
__pintcode                  intcode      000008
__psmallconst               smallconst   000600
__ptext0                    text0        000666
__ptext1                    text1        001D0C
__ptext10                   text10       002004
__ptext11                   text11       00163C
__ptext12                   text12       0014A0
__ptext13                   text13       0020A0
__ptext14                   text14       001A46
__ptext15                   text15       002582
__ptext16                   text16       0025BC
__ptext17                   text17       001EAC
__ptext18                   text18       002786
__ptext19                   text19       0026D4
__ptext2                    text2        002348
__ptext20                   text20       002436
__ptext21                   text21       0027E4
__ptext22                   text22       001B3C
__ptext23                   text23       0027C8
__ptext24                   text24       002244
__ptext25                   text25       002134
__ptext26                   text26       00194A
__ptext27                   text27       00266A
__ptext28                   text28       002730
__ptext29                   text29       001120
__ptext3                    text3        002398
__ptext30                   text30       000BCC
__ptext31                   text31       0023E8
__ptext32                   text32       0027AA
__ptext33                   text33       000EF8
__ptext34                   text34       0012F8
__ptext35                   text35       0024C4
__ptext36                   text36       002506
__ptext37                   text37       0025F6
__ptext38                   text38       002630
__ptext39                   text39       0022F4
__ptext4                    text4        0026A0
__ptext40                   text40       00229E
__ptext41                   text41       001F5C
__ptext42                   text42       001C26
__ptext44                   text44       002702
__ptext45                   text45       0027F8
__ptext5                    text5        002548
__ptext6                    text6        0017C4
__ptext7                    text7        00247E
__ptext8                    text8        001DDE
__ptext9                    text9        00275C
__ramtop                    ramtop       000600
__size_of_Open1USART        (abs)        000000
__size_of_OpenI2C1          (abs)        000000
__size_of_SetDCEPWM1        (abs)        000000
__size_of_SetDCEPWM2        (abs)        000000
__size_of_SetDCEPWM3        (abs)        000000
__size_of_SetDCPWM4         (abs)        000000
__size_of_Thruster_Driver   (abs)        000000
__size_of_Tomcat_Camera     (abs)        000000
__size_of_Tomcat_Claw       (abs)        000000
__size_of_Tomcat_Depth      (abs)        000000
__size_of_Tomcat_Press_Int  (abs)        000000
__size_of_Tomcat_Setup      (abs)        000000
__size_of_Tomcat_TX_data    (abs)        000000
__size_of_Tomcat_TX_error   (abs)        000000
__size_of_Tomcat_TX_warn    (abs)        000000
__size_of_Tomcat_Temp       (abs)        000000
__size_of_Tomcat_Temp_Ex    (abs)        000000
__size_of_Write1USART       (abs)        000000
__size_of___awmod           (abs)        000000
__size_of___awtoft          (abs)        000000
__size_of___ftadd           (abs)        000000
__size_of___ftdiv           (abs)        000000
__size_of___ftmul           (abs)        000000
__size_of___ftneg           (abs)        000000
__size_of___ftpack          (abs)        000000
__size_of___fttol           (abs)        000000
__size_of___lwdiv           (abs)        000000
__size_of___lwmod           (abs)        000000
__size_of___lwtoft          (abs)        000000
__size_of___wmul            (abs)        000000
__size_of_analogRead        (abs)        000000
__size_of_atoi              (abs)        000000
__size_of_eval_poly         (abs)        000000
__size_of_frexp             (abs)        000000
__size_of_isdigit           (abs)        000000
__size_of_isr               (abs)        000000
__size_of_log               (abs)        000000
__size_of_main              (abs)        000000
__size_of_sprintf           (abs)        000000
__size_of_strchr            (abs)        000000
__size_of_strcspn           (abs)        000000
__size_of_strlen            (abs)        000000
__size_of_strspn            (abs)        000000
__size_of_strtok            (abs)        000000
__size_ofi2_Tomcat_TX_error (abs)        000000
__size_ofi2_Write1USART     (abs)        000000
__smallconst                smallconst   000600
__stringdata                smallconst   000649
__xmaddress                 bssCOMRAM    000047
_accel                      bssBANK0     0000B5
_analogRead                 text27       00266A
_atoi                       text8        001DDE
_comms_time                 bssBANK1     000192
_dpowers                    smallconst   000601
_errno                      bssBANK0     0000B1
_eval_poly                  text14       001A46
_freg_acc_x                 dataCOMRAM   000038
_freg_acc_y                 dataCOMRAM   00003C
_freg_acc_z                 dataCOMRAM   000040
_freg_mag_x                 dataBANK0    0000C1
_freg_mag_y                 dataBANK0    0000C5
_freg_mag_z                 dataBANK0    0000C9
_frexp                      text13       0020A0
_gyro                       bssBANK0     0000AB
_isdigit                    text9        00275C
_isdigit$2910               cstackCOMRAM 000013
_isr                        intcode      000008
_leak1_flag                 bitbssCOMRAM 000220
_leak2_flag                 bitbssCOMRAM 000221
_log                        text12       0014A0
_mag                        bssBANK0     0000BB
_main                       text0        000666
_rx1_255_flag               bssCOMRAM    000048
_rx1_buff                   bssBANK1     000195
_rx1_count                  bssBANK1     000194
_rx1_flag                   bitbssCOMRAM 000222
_rx2_flag                   bitbssCOMRAM 000223
_sprintf                    text6        0017C4
_strchr                     text4        0026A0
_strcspn                    text3        002398
_strlen                     text5        002548
_strspn                     text2        002348
_strtok                     text1        001D0C
_time                       dataBANK1    0001BD
_tmr0_flag                  bitbssCOMRAM 000224
_tmr1_flag                  bitbssCOMRAM 000225
_tmr2_flag                  bitbssCOMRAM 000226
_tmr3_flag                  bitbssCOMRAM 000227
analogRead@channel          cstackCOMRAM 000018
analogRead@num              cstackCOMRAM 000019
atan@coeff_a                smallconst   000628
atan@coeff_b                smallconst   00063A
atoi@a                      cstackCOMRAM 000028
atoi@s                      cstackCOMRAM 000023
atoi@sign                   cstackCOMRAM 000027
end_of_initialization       cinit        00223A
eval_poly@d                 cstackBANK0  000087
eval_poly@n                 cstackBANK0  000089
eval_poly@res               cstackBANK0  000090
eval_poly@x                 cstackBANK0  000084
frexp@eptr                  cstackCOMRAM 000015
frexp@value                 cstackCOMRAM 000012
i2Tomcat_TX_error@code      cstackCOMRAM 000002
i2Write1USART@data          cstackCOMRAM 000001
i2_Tomcat_TX_error          text44       002702
i2_Write1USART              text45       0027F8
intlevel0                   text         000000
intlevel1                   text         000000
intlevel2                   text         000000
intlevel3                   text         000000
isdigit@c                   cstackCOMRAM 000014
log@coeff                   smallconst   00060D
log@exponent                cstackBANK0  000098
log@x                       cstackBANK0  000093
main@F8435                  bssBANK1     000174
main@F8438                  smallconst   00060B
main@check                  cstackBANK1  00016B
main@comms_timed_out        cstackBANK1  000168
main@delimit                cstackBANK1  000166
main@depth                  cstackBANK1  000160
main@ex_temp                cstackBANK1  000162
main@heading                cstackBANK1  00015A
main@in_count               cstackBANK1  000173
main@input                  cstackBANK1  00013C
main@int_press              cstackBANK1  00016D
main@int_temp               cstackBANK1  00016F
main@main_current           cstackBANK1  000164
main@pitch                  cstackBANK1  00015C
main@roll                   cstackBANK1  00015E
main@surf_buff              cstackBANK1  000100
main@token                  cstackBANK1  000169
main@v_current              cstackBANK1  000171
sprintf@_val                cstackCOMRAM 000032
sprintf@ap                  cstackCOMRAM 00002E
sprintf@c                   cstackCOMRAM 000037
sprintf@f                   cstackBANK0  000062
sprintf@flag                cstackCOMRAM 000030
sprintf@prec                cstackCOMRAM 000031
sprintf@sp                  cstackBANK0  000060
stackhi                     (abs)        0005FF
stacklo                     (abs)        0001BE
start                       init         000144
start_initialization        cinit        0021C6
strchr@chr                  cstackCOMRAM 000014
strchr@ptr                  cstackCOMRAM 000012
strcspn@i                   cstackCOMRAM 00001B
strcspn@s1                  cstackCOMRAM 000016
strcspn@s2                  cstackCOMRAM 000018
strlen@cp                   cstackCOMRAM 000016
strlen@s                    cstackCOMRAM 000012
strspn@i                    cstackCOMRAM 00001B
strspn@s1                   cstackCOMRAM 000016
strspn@s2                   cstackCOMRAM 000018
strtok@s1                   cstackCOMRAM 00001D
strtok@s2                   cstackCOMRAM 00001F
strtok@sp                   bssBANK0     0000B3


FUNCTION INFORMATION:

 *************** function _main *****************
 Defined at:
		line 51 in file "Tom_V_Main.c"
 Parameters:    Size  Location     Type
		None
 Auto vars:     Size  Location     Type
  surf_buff      60    0[BANK1 ] unsigned char [60]
  input          30   60[BANK1 ] int [15]
  v_current       2  113[BANK1 ] int 
  delimit         2  102[BANK1 ] const unsigned char [2]
  int_temp        2  111[BANK1 ] int 
  int_press       2  109[BANK1 ] int 
  check           2  107[BANK1 ] unsigned int 
  token           2  105[BANK1 ] PTR unsigned char 
		 -> NULL(0), rx1_buff(40), 
  main_current    2  100[BANK1 ] int 
  ex_temp         2   98[BANK1 ] int 
  depth           2   96[BANK1 ] int 
  roll            2   94[BANK1 ] int 
  pitch           2   92[BANK1 ] int 
  heading         2   90[BANK1 ] int 
  in_count        1  115[BANK1 ] unsigned char 
  comms_timed_    1  104[BANK1 ] unsigned char 
 Return value:  Size  Location     Type
		None               void
 Registers used:
		wreg, fsr0l, fsr0h, fsr1l, fsr1h, fsr1l, fsr1h, fsr2l, fsr2h, status,2, status,0, pclat, btemp, btemp+1, btemp+2, btemp+3, btemp+4, btemp+5, btemp+6, btemp+7, btemp+8, btemp+9, btemp+10, btemp+11, tosl, structret, tblptrl, tblptrh, tblptru, prodl, prodh, bsr, cstack
 Tracked objects:
		On entry : 
		On exit  : 
		Unchanged: 
 Data sizes:     COMRAM   BANK0   BANK1   BANK2   BANK3   BANK4   BANK5
      Params:         0       0       0       0       0       0       0
      Locals:         0       0     116       0       0       0       0
      Temps:          0       2       0       0       0       0       0
      Totals:         0       2     116       0       0       0       0
Total ram usage:      118 bytes
 Hardware stack levels required when called:    8
 This function calls:
		_Thruster_Driver
		_Tomcat_Camera
		_Tomcat_Claw
		_Tomcat_Depth
		_Tomcat_Press_Int
		_Tomcat_Setup
		_Tomcat_TX_data
		_Tomcat_TX_error
		_Tomcat_TX_warn
		_Tomcat_Temp
		_Tomcat_Temp_Ex
		___awmod
		___wmul
		_analogRead
		_atoi
		_sprintf
		_strlen
		_strtok
 This function is called by:
		Startup code after reset
 This function uses a non-reentrant model


 *************** function _strtok *****************
 Defined at:
		line 8 in file "C:\Program Files (x86)\Microchip\xc8\v1.30\sources\common\strtok.c"
 Parameters:    Size  Location     Type
  s1              2   28[COMRAM] PTR unsigned char 
		 -> NULL(0), rx1_buff(40), 
  s2              2   30[COMRAM] PTR const unsigned char 
		 -> main@delimit(2), 
 Auto vars:     Size  Location     Type
		None
 Return value:  Size  Location     Type
                  2   28[COMRAM] PTR unsigned char 
 Registers used:
		wreg, fsr0l, fsr0h, fsr1l, fsr1h, fsr1l, fsr1h, fsr2l, fsr2h, status,2, status,0, pclat, btemp, btemp+1, btemp+2, btemp+3, btemp+4, btemp+5, btemp+6, btemp+7, btemp+8, btemp+9, btemp+10, btemp+11, tosl, structret, tblptrl, tblptrh, tblptru, prodl, prodh, bsr, cstack
 Tracked objects:
		On entry : 
		On exit  : 
		Unchanged: 
 Data sizes:     COMRAM   BANK0   BANK1   BANK2   BANK3   BANK4   BANK5
      Params:         4       0       0       0       0       0       0
      Locals:         0       0       0       0       0       0       0
      Temps:          0       0       0       0       0       0       0
      Totals:         4       0       0       0       0       0       0
Total ram usage:        4 bytes
 Hardware stack levels used:    1
 Hardware stack levels required when called:    5
 This function calls:
		_strcspn
		_strspn
 This function is called by:
		_main
 This function uses a non-reentrant model


 *************** function _strspn *****************
 Defined at:
		line 4 in file "C:\Program Files (x86)\Microchip\xc8\v1.30\sources\common\strspn.c"
 Parameters:    Size  Location     Type
  s1              2   21[COMRAM] PTR const unsigned char 
		 -> NULL(0), rx1_buff(40), 
  s2              2   23[COMRAM] PTR const unsigned char 
		 -> main@delimit(2), 
 Auto vars:     Size  Location     Type
  i               2   26[COMRAM] unsigned int 
 Return value:  Size  Location     Type
                  2   21[COMRAM] unsigned int 
 Registers used:
		wreg, fsr2l, fsr2h, status,2, status,0, cstack
 Tracked objects:
		On entry : 
		On exit  : 
		Unchanged: 
 Data sizes:     COMRAM   BANK0   BANK1   BANK2   BANK3   BANK4   BANK5
      Params:         4       0       0       0       0       0       0
      Locals:         2       0       0       0       0       0       0
      Temps:          1       0       0       0       0       0       0
      Totals:         7       0       0       0       0       0       0
Total ram usage:        7 bytes
 Hardware stack levels used:    1
 Hardware stack levels required when called:    4
 This function calls:
		_strchr
 This function is called by:
		_strtok
 This function uses a non-reentrant model


 *************** function _strcspn *****************
 Defined at:
		line 4 in file "C:\Program Files (x86)\Microchip\xc8\v1.30\sources\common\strcspn.c"
 Parameters:    Size  Location     Type
  s1              2   21[COMRAM] PTR const unsigned char 
		 -> NULL(0), rx1_buff(40), 
  s2              2   23[COMRAM] PTR const unsigned char 
		 -> main@delimit(2), 
 Auto vars:     Size  Location     Type
  i               2   26[COMRAM] unsigned int 
 Return value:  Size  Location     Type
                  2   21[COMRAM] unsigned int 
 Registers used:
		wreg, fsr2l, fsr2h, status,2, status,0, cstack
 Tracked objects:
		On entry : 
		On exit  : 
		Unchanged: 
 Data sizes:     COMRAM   BANK0   BANK1   BANK2   BANK3   BANK4   BANK5
      Params:         4       0       0       0       0       0       0
      Locals:         2       0       0       0       0       0       0
      Temps:          1       0       0       0       0       0       0
      Totals:         7       0       0       0       0       0       0
Total ram usage:        7 bytes
 Hardware stack levels used:    1
 Hardware stack levels required when called:    4
 This function calls:
		_strchr
 This function is called by:
		_strtok
 This function uses a non-reentrant model


 *************** function _strchr *****************
 Defined at:
		line 4 in file "C:\Program Files (x86)\Microchip\xc8\v1.30\sources\common\strchr.c"
 Parameters:    Size  Location     Type
  ptr             2   17[COMRAM] PTR const unsigned char 
		 -> main@delimit(2), 
  chr             2   19[COMRAM] int 
 Auto vars:     Size  Location     Type
		None
 Return value:  Size  Location     Type
                  2   17[COMRAM] PTR unsigned char 
 Registers used:
		wreg, fsr2l, fsr2h, status,2, status,0
 Tracked objects:
		On entry : 
		On exit  : 
		Unchanged: 
 Data sizes:     COMRAM   BANK0   BANK1   BANK2   BANK3   BANK4   BANK5
      Params:         4       0       0       0       0       0       0
      Locals:         0       0       0       0       0       0       0
      Temps:          0       0       0       0       0       0       0
      Totals:         4       0       0       0       0       0       0
Total ram usage:        4 bytes
 Hardware stack levels used:    1
 Hardware stack levels required when called:    3
 This function calls:
		Nothing
 This function is called by:
		_strcspn
		_strspn
 This function uses a non-reentrant model


 *************** function _strlen *****************
 Defined at:
		line 4 in file "C:\Program Files (x86)\Microchip\xc8\v1.30\sources\common\strlen.c"
 Parameters:    Size  Location     Type
  s               2   17[COMRAM] PTR const unsigned char 
		 -> main@surf_buff(60), 
 Auto vars:     Size  Location     Type
  cp              2   21[COMRAM] PTR const unsigned char 
		 -> main@surf_buff(60), 
 Return value:  Size  Location     Type
                  2   17[COMRAM] unsigned int 
 Registers used:
		wreg, fsr2l, fsr2h, status,2, status,0
 Tracked objects:
		On entry : 
		On exit  : 
		Unchanged: 
 Data sizes:     COMRAM   BANK0   BANK1   BANK2   BANK3   BANK4   BANK5
      Params:         2       0       0       0       0       0       0
      Locals:         2       0       0       0       0       0       0
      Temps:          2       0       0       0       0       0       0
      Totals:         6       0       0       0       0       0       0
Total ram usage:        6 bytes
 Hardware stack levels used:    1
 Hardware stack levels required when called:    3
 This function calls:
		Nothing
 This function is called by:
		_main
 This function uses a non-reentrant model


 *************** function _sprintf *****************
 Defined at:
		line 492 in file "C:\Program Files (x86)\Microchip\xc8\v1.30\sources\common\doprnt.c"
 Parameters:    Size  Location     Type
  sp              2    0[BANK0 ] PTR unsigned char 
		 -> main@surf_buff(60), 
  f               2    2[BANK0 ] PTR const unsigned char 
		 -> STR_1(27), 
 Auto vars:     Size  Location     Type
  _val            5   49[COMRAM] struct .
  ap              2   45[COMRAM] PTR void [1]
		 -> ?_sprintf(2), 
  c               1   54[COMRAM] char 
  prec            1   48[COMRAM] char 
  flag            1   47[COMRAM] unsigned char 
 Return value:  Size  Location     Type
                  2    0[BANK0 ] int 
 Registers used:
		wreg, fsr2l, fsr2h, status,2, status,0, tblptrl, tblptrh, tblptru, prodl, prodh, cstack
 Tracked objects:
		On entry : 
		On exit  : 
		Unchanged: 
 Data sizes:     COMRAM   BANK0   BANK1   BANK2   BANK3   BANK4   BANK5
      Params:         0      22       0       0       0       0       0
      Locals:        10       0       0       0       0       0       0
      Temps:          2       0       0       0       0       0       0
      Totals:        12      22       0       0       0       0       0
Total ram usage:       34 bytes
 Hardware stack levels used:    1
 Hardware stack levels required when called:    4
 This function calls:
		___lwdiv
		___lwmod
 This function is called by:
		_main
 This function uses a non-reentrant model


 *************** function ___lwmod *****************
 Defined at:
		line 8 in file "C:\Program Files (x86)\Microchip\xc8\v1.30\sources\common\lwmod.c"
 Parameters:    Size  Location     Type
  dividend        2   37[COMRAM] unsigned int 
  divisor         2   39[COMRAM] unsigned int 
 Auto vars:     Size  Location     Type
  counter         1   42[COMRAM] unsigned char 
 Return value:  Size  Location     Type
                  2   37[COMRAM] unsigned int 
 Registers used:
		wreg, status,2, status,0
 Tracked objects:
		On entry : 
		On exit  : 
		Unchanged: 
 Data sizes:     COMRAM   BANK0   BANK1   BANK2   BANK3   BANK4   BANK5
      Params:         4       0       0       0       0       0       0
      Locals:         1       0       0       0       0       0       0
      Temps:          1       0       0       0       0       0       0
      Totals:         6       0       0       0       0       0       0
Total ram usage:        6 bytes
 Hardware stack levels used:    1
 Hardware stack levels required when called:    3
 This function calls:
		Nothing
 This function is called by:
		_sprintf
 This function uses a non-reentrant model


 *************** function _atoi *****************
 Defined at:
		line 5 in file "C:\Program Files (x86)\Microchip\xc8\v1.30\sources\common\atoi.c"
 Parameters:    Size  Location     Type
  s               2   34[COMRAM] PTR const unsigned char 
		 -> NULL(0), rx1_buff(40), 
 Auto vars:     Size  Location     Type
  a               2   39[COMRAM] int 
  sign            1   38[COMRAM] unsigned char 
 Return value:  Size  Location     Type
                  2   34[COMRAM] int 
 Registers used:
		wreg, fsr2l, fsr2h, status,2, status,0, prodl, prodh, cstack
 Tracked objects:
		On entry : 
		On exit  : 
		Unchanged: 
 Data sizes:     COMRAM   BANK0   BANK1   BANK2   BANK3   BANK4   BANK5
      Params:         2       0       0       0       0       0       0
      Locals:         3       0       0       0       0       0       0
      Temps:          2       0       0       0       0       0       0
      Totals:         7       0       0       0       0       0       0
Total ram usage:        7 bytes
 Hardware stack levels used:    1
 Hardware stack levels required when called:    4
 This function calls:
		___wmul
		_isdigit
 This function is called by:
		_main
 This function uses a non-reentrant model


 *************** function _isdigit *****************
 Defined at:
		line 8 in file "C:\Program Files (x86)\Microchip\xc8\v1.30\sources\common\isdigit.c"
 Parameters:    Size  Location     Type
  c               1    wreg     unsigned char 
 Auto vars:     Size  Location     Type
  c               1   19[COMRAM] unsigned char 
 Return value:  Size  Location     Type
		None               void
 Registers used:
		wreg, status,2, status,0
 Tracked objects:
		On entry : 
		On exit  : 
		Unchanged: 
 Data sizes:     COMRAM   BANK0   BANK1   BANK2   BANK3   BANK4   BANK5
      Params:         0       0       0       0       0       0       0
      Locals:         2       0       0       0       0       0       0
      Temps:          1       0       0       0       0       0       0
      Totals:         3       0       0       0       0       0       0
Total ram usage:        3 bytes
 Hardware stack levels used:    1
 Hardware stack levels required when called:    3
 This function calls:
		Nothing
 This function is called by:
		_atoi
 This function uses a non-reentrant model


 *************** function ___awmod *****************
 Defined at:
		line 8 in file "C:\Program Files (x86)\Microchip\xc8\v1.30\sources\common\awmod.c"
 Parameters:    Size  Location     Type
  dividend        2   17[COMRAM] int 
  divisor         2   19[COMRAM] int 
 Auto vars:     Size  Location     Type
  sign            1   23[COMRAM] unsigned char 
  counter         1   22[COMRAM] unsigned char 
 Return value:  Size  Location     Type
                  2   17[COMRAM] int 
 Registers used:
		wreg, status,2, status,0, prodl
 Tracked objects:
		On entry : 
		On exit  : 
		Unchanged: 
 Data sizes:     COMRAM   BANK0   BANK1   BANK2   BANK3   BANK4   BANK5
      Params:         4       0       0       0       0       0       0
      Locals:         2       0       0       0       0       0       0
      Temps:          1       0       0       0       0       0       0
      Totals:         7       0       0       0       0       0       0
Total ram usage:        7 bytes
 Hardware stack levels used:    1
 Hardware stack levels required when called:    3
 This function calls:
		Nothing
 This function is called by:
		_main
 This function uses a non-reentrant model


 *************** function _Tomcat_Temp_Ex *****************
 Defined at:
		line 231 in file "Tomcat_V_driver.c"
 Parameters:    Size  Location     Type
		None
 Auto vars:     Size  Location     Type
  temp            3   70[BANK0 ] float 
 Return value:  Size  Location     Type
                  2   61[BANK0 ] int 
 Registers used:
		wreg, fsr2l, fsr2h, status,2, status,0, tblptrl, tblptrh, tblptru, prodl, prodh, cstack
 Tracked objects:
		On entry : 
		On exit  : 
		Unchanged: 
 Data sizes:     COMRAM   BANK0   BANK1   BANK2   BANK3   BANK4   BANK5
      Params:         0       2       0       0       0       0       0
      Locals:         0       6       0       0       0       0       0
      Temps:          0       4       0       0       0       0       0
      Totals:         0      12       0       0       0       0       0
Total ram usage:       12 bytes
 Hardware stack levels used:    1
 Hardware stack levels required when called:    7
 This function calls:
		___ftadd
		___ftdiv
		___ftmul
		___ftneg
		___fttol
		___lwtoft
		_analogRead
		_log
 This function is called by:
		_main
 This function uses a non-reentrant model


 *************** function _log *****************
 Defined at:
		line 5 in file "C:\Program Files (x86)\Microchip\xc8\v1.30\sources\common\log.c"
 Parameters:    Size  Location     Type
  x               3   51[BANK0 ] int 
 Auto vars:     Size  Location     Type
  exponent        2   56[BANK0 ] int 
 Return value:  Size  Location     Type
                  3   51[BANK0 ] int 
 Registers used:
		wreg, fsr2l, fsr2h, status,2, status,0, tblptrl, tblptrh, tblptru, prodl, prodh, cstack
 Tracked objects:
		On entry : 
		On exit  : 
		Unchanged: 
 Data sizes:     COMRAM   BANK0   BANK1   BANK2   BANK3   BANK4   BANK5
      Params:         0       3       0       0       0       0       0
      Locals:         0       4       0       0       0       0       0
      Temps:          0       0       0       0       0       0       0
      Totals:         0       7       0       0       0       0       0
Total ram usage:        7 bytes
 Hardware stack levels used:    1
 Hardware stack levels required when called:    6
 This function calls:
		___awtoft
		___ftadd
		___ftmul
		_eval_poly
		_frexp
 This function is called by:
		_Tomcat_Temp_Ex
 This function uses a non-reentrant model


 *************** function _frexp *****************
 Defined at:
		line 254 in file "C:\Program Files (x86)\Microchip\xc8\v1.30\sources\common\frexp.c"
 Parameters:    Size  Location     Type
  value           3   17[COMRAM] int 
  eptr            2   20[COMRAM] PTR int 
		 -> log@exponent(2), 
 Auto vars:     Size  Location     Type
		None
 Return value:  Size  Location     Type
                  3   17[COMRAM] PTR int 
 Registers used:
		wreg, fsr2l, fsr2h, status,2, status,0
 Tracked objects:
		On entry : 
		On exit  : 
		Unchanged: 
 Data sizes:     COMRAM   BANK0   BANK1   BANK2   BANK3   BANK4   BANK5
      Params:         5       0       0       0       0       0       0
      Locals:         0       0       0       0       0       0       0
      Temps:          3       0       0       0       0       0       0
      Totals:         8       0       0       0       0       0       0
Total ram usage:        8 bytes
 Hardware stack levels used:    1
 Hardware stack levels required when called:    3
 This function calls:
		Nothing
 This function is called by:
		_log
 This function uses a non-reentrant model


 *************** function _eval_poly *****************
 Defined at:
		line 4 in file "C:\Program Files (x86)\Microchip\xc8\v1.30\sources\common\evalpoly.c"
 Parameters:    Size  Location     Type
  x               3   36[BANK0 ] PTR int 
  d               2   39[BANK0 ] PTR const 
		 -> log@coeff(27), atan@coeff_a(18), atan@coeff_b(15), 
  n               2   41[BANK0 ] int 
 Auto vars:     Size  Location     Type
  res             3   48[BANK0 ] int 
 Return value:  Size  Location     Type
                  3   36[BANK0 ] int 
 Registers used:
		wreg, status,2, status,0, tblptrl, tblptrh, tblptru, prodl, prodh, cstack
 Tracked objects:
		On entry : 
		On exit  : 
		Unchanged: 
 Data sizes:     COMRAM   BANK0   BANK1   BANK2   BANK3   BANK4   BANK5
      Params:         0       7       0       0       0       0       0
      Locals:         0       6       0       0       0       0       0
      Temps:          0       2       0       0       0       0       0
      Totals:         0      15       0       0       0       0       0
Total ram usage:       15 bytes
 Hardware stack levels used:    1
 Hardware stack levels required when called:    5
 This function calls:
		___ftadd
		___ftmul
		___wmul
 This function is called by:
		_log
		_atan
 This function uses a non-reentrant model


 *************** function ___wmul *****************
 Defined at:
		line 4 in file "C:\Program Files (x86)\Microchip\xc8\v1.30\sources\common\wmul.c"
 Parameters:    Size  Location     Type
  multiplier      2   26[COMRAM] unsigned int 
  multiplicand    2   28[COMRAM] unsigned int 
 Auto vars:     Size  Location     Type
  product         2   32[COMRAM] unsigned int 
 Return value:  Size  Location     Type
                  2   26[COMRAM] unsigned int 
 Registers used:
		wreg, status,2, status,0, prodl, prodh
 Tracked objects:
		On entry : 
		On exit  : 
		Unchanged: 
 Data sizes:     COMRAM   BANK0   BANK1   BANK2   BANK3   BANK4   BANK5
      Params:         4       0       0       0       0       0       0
      Locals:         4       0       0       0       0       0       0
      Temps:          0       0       0       0       0       0       0
      Totals:         8       0       0       0       0       0       0
Total ram usage:        8 bytes
 Hardware stack levels used:    1
 Hardware stack levels required when called:    3
 This function calls:
		Nothing
 This function is called by:
		_main
		_atoi
		_eval_poly
 This function uses a non-reentrant model


 *************** function ___ftneg *****************
 Defined at:
		line 15 in file "C:\Program Files (x86)\Microchip\xc8\v1.30\sources\common\ftneg.c"
 Parameters:    Size  Location     Type
  f1              3   58[BANK0 ] float 
 Auto vars:     Size  Location     Type
		None
 Return value:  Size  Location     Type
                  3   58[BANK0 ] float 
 Registers used:
		wreg, status,2, status,0
 Tracked objects:
		On entry : 
		On exit  : 
		Unchanged: 
 Data sizes:     COMRAM   BANK0   BANK1   BANK2   BANK3   BANK4   BANK5
      Params:         0       3       0       0       0       0       0
      Locals:         0       0       0       0       0       0       0
      Temps:          0       0       0       0       0       0       0
      Totals:         0       3       0       0       0       0       0
Total ram usage:        3 bytes
 Hardware stack levels used:    1
 Hardware stack levels required when called:    3
 This function calls:
		Nothing
 This function is called by:
		_Tomcat_Temp_Ex
		_Tomcat_Heading
		_atan
		_fabs
 This function uses a non-reentrant model


 *************** function _Tomcat_Temp *****************
 Defined at:
		line 224 in file "Tomcat_V_driver.c"
 Parameters:    Size  Location     Type
		None
 Auto vars:     Size  Location     Type
  temp            3   42[BANK0 ] float 
 Return value:  Size  Location     Type
                  2   36[BANK0 ] int 
 Registers used:
		wreg, status,2, status,0, cstack
 Tracked objects:
		On entry : 
		On exit  : 
		Unchanged: 
 Data sizes:     COMRAM   BANK0   BANK1   BANK2   BANK3   BANK4   BANK5
      Params:         0       2       0       0       0       0       0
      Locals:         0       3       0       0       0       0       0
      Temps:          0       4       0       0       0       0       0
      Totals:         0       9       0       0       0       0       0
Total ram usage:        9 bytes
 Hardware stack levels used:    1
 Hardware stack levels required when called:    5
 This function calls:
		___ftdiv
		___ftmul
		___fttol
		___lwtoft
		_analogRead
 This function is called by:
		_main
 This function uses a non-reentrant model


 *************** function _Tomcat_TX_warn *****************
 Defined at:
		line 279 in file "Tomcat_V_driver.c"
 Parameters:    Size  Location     Type
  code            1    wreg     unsigned char 
 Auto vars:     Size  Location     Type
  code            1   18[COMRAM] unsigned char 
 Return value:  Size  Location     Type
		None               void
 Registers used:
		wreg, status,2, cstack
 Tracked objects:
		On entry : 
		On exit  : 
		Unchanged: 
 Data sizes:     COMRAM   BANK0   BANK1   BANK2   BANK3   BANK4   BANK5
      Params:         0       0       0       0       0       0       0
      Locals:         1       0       0       0       0       0       0
      Temps:          0       0       0       0       0       0       0
      Totals:         1       0       0       0       0       0       0
Total ram usage:        1 bytes
 Hardware stack levels used:    1
 Hardware stack levels required when called:    4
 This function calls:
		_Write1USART
 This function is called by:
		_main
 This function uses a non-reentrant model


 *************** function _Tomcat_TX_error *****************
 Defined at:
		line 289 in file "Tomcat_V_driver.c"
 Parameters:    Size  Location     Type
  code            1    wreg     unsigned char 
 Auto vars:     Size  Location     Type
  code            1   18[COMRAM] unsigned char 
 Return value:  Size  Location     Type
		None               void
 Registers used:
		wreg, status,2, cstack
 Tracked objects:
		On entry : 
		On exit  : 
		Unchanged: 
 Data sizes:     COMRAM   BANK0   BANK1   BANK2   BANK3   BANK4   BANK5
      Params:         0       0       0       0       0       0       0
      Locals:         1       0       0       0       0       0       0
      Temps:          0       0       0       0       0       0       0
      Totals:         1       0       0       0       0       0       0
Total ram usage:        1 bytes
 Hardware stack levels used:    1
 Hardware stack levels required when called:    4
 This function calls:
		_Write1USART
 This function is called by:
		_main
 This function uses a non-reentrant model


 *************** function _Tomcat_TX_data *****************
 Defined at:
		line 267 in file "Tomcat_V_driver.c"
 Parameters:    Size  Location     Type
  tx_buff         2   23[COMRAM] PTR unsigned char 
		 -> main@surf_buff(60), 
  num_bytes       1   25[COMRAM] unsigned char 
 Auto vars:     Size  Location     Type
  k               1   27[COMRAM] unsigned char 
 Return value:  Size  Location     Type
		None               void
 Registers used:
		wreg, fsr2l, fsr2h, status,2, status,0, prodl, prodh, cstack
 Tracked objects:
		On entry : 
		On exit  : 
		Unchanged: 
 Data sizes:     COMRAM   BANK0   BANK1   BANK2   BANK3   BANK4   BANK5
      Params:         3       0       0       0       0       0       0
      Locals:         1       0       0       0       0       0       0
      Temps:          1       0       0       0       0       0       0
      Totals:         5       0       0       0       0       0       0
Total ram usage:        5 bytes
 Hardware stack levels used:    1
 Hardware stack levels required when called:    4
 This function calls:
		_Write1USART
 This function is called by:
		_main
 This function uses a non-reentrant model


 *************** function _Write1USART *****************
 Defined at:
[...]
      Locals:         2       0       0       0       0       0       0
      Temps:          2       0       0       0       0       0       0
      Totals:         6       0       0       0       0       0       0
Total ram usage:        6 bytes
 Hardware stack levels used:    1
 Hardware stack levels required when called:    3
 This function calls:
		Nothing
 This function is called by:
		_Thruster_Driver
 This function uses a non-reentrant model


 *************** function _SetDCEPWM3 *****************
 Defined at:
		line 16 in file "C:\Program Files (x86)\Microchip\xc8\v1.30\sources\pic18\plib\PWM\ew3setdc.c"
 Parameters:    Size  Location     Type
  dutycycle       2   17[COMRAM] unsigned int 
 Auto vars:     Size  Location     Type
  DCycle          2   21[COMRAM] struct PWMDC
 Return value:  Size  Location     Type
		None               void
 Registers used:
		wreg, status,2, status,0
 Tracked objects:
		On entry : 
		On exit  : 
		Unchanged: 
 Data sizes:     COMRAM   BANK0   BANK1   BANK2   BANK3   BANK4   BANK5
      Params:         2       0       0       0       0       0       0
      Locals:         2       0       0       0       0       0       0
      Temps:          2       0       0       0       0       0       0
      Totals:         6       0       0       0       0       0       0
Total ram usage:        6 bytes
 Hardware stack levels used:    1
 Hardware stack levels required when called:    3
 This function calls:
		Nothing
 This function is called by:
		_Thruster_Driver
 This function uses a non-reentrant model


 *************** function _SetDCEPWM2 *****************
 Defined at:
		line 16 in file "C:\Program Files (x86)\Microchip\xc8\v1.30\sources\pic18\plib\PWM\ew2setdc.c"
 Parameters:    Size  Location     Type
  dutycycle       2   17[COMRAM] unsigned int 
 Auto vars:     Size  Location     Type
  DCycle          2   21[COMRAM] struct PWMDC
 Return value:  Size  Location     Type
		None               void
 Registers used:
		wreg, status,2, status,0
 Tracked objects:
		On entry : 
		On exit  : 
		Unchanged: 
 Data sizes:     COMRAM   BANK0   BANK1   BANK2   BANK3   BANK4   BANK5
      Params:         2       0       0       0       0       0       0
      Locals:         2       0       0       0       0       0       0
      Temps:          2       0       0       0       0       0       0
      Totals:         6       0       0       0       0       0       0
Total ram usage:        6 bytes
 Hardware stack levels used:    1
 Hardware stack levels required when called:    3
 This function calls:
		Nothing
 This function is called by:
		_Thruster_Driver
 This function uses a non-reentrant model


 *************** function _SetDCEPWM1 *****************
 Defined at:
		line 32 in file "C:\Program Files (x86)\Microchip\xc8\v1.30\sources\pic18\plib\PWM\ew1setdc.c"
 Parameters:    Size  Location     Type
  dutycycle       2   17[COMRAM] unsigned int 
 Auto vars:     Size  Location     Type
  DCycle          2   21[COMRAM] struct PWMDC
 Return value:  Size  Location     Type
		None               void
 Registers used:
		wreg, status,2, status,0
 Tracked objects:
		On entry : 
		On exit  : 
		Unchanged: 
 Data sizes:     COMRAM   BANK0   BANK1   BANK2   BANK3   BANK4   BANK5
      Params:         2       0       0       0       0       0       0
      Locals:         2       0       0       0       0       0       0
      Temps:          2       0       0       0       0       0       0
      Totals:         6       0       0       0       0       0       0
Total ram usage:        6 bytes
 Hardware stack levels used:    1
 Hardware stack levels required when called:    3
 This function calls:
		Nothing
 This function is called by:
		_Thruster_Driver
 This function uses a non-reentrant model


 *************** function ___awtoft *****************
 Defined at:
		line 32 in file "C:\Program Files (x86)\Microchip\xc8\v1.30\sources\common\awtoft.c"
 Parameters:    Size  Location     Type
  c               2   25[COMRAM] int 
 Auto vars:     Size  Location     Type
  sign            1   30[COMRAM] unsigned char 
 Return value:  Size  Location     Type
                  3   25[COMRAM] float 
 Registers used:
		wreg, status,2, status,0, prodl, cstack
 Tracked objects:
		On entry : 
		On exit  : 
		Unchanged: 
 Data sizes:     COMRAM   BANK0   BANK1   BANK2   BANK3   BANK4   BANK5
      Params:         3       0       0       0       0       0       0
      Locals:         2       0       0       0       0       0       0
      Temps:          1       0       0       0       0       0       0
      Totals:         6       0       0       0       0       0       0
Total ram usage:        6 bytes
 Hardware stack levels used:    1
 Hardware stack levels required when called:    4
 This function calls:
		___ftpack
 This function is called by:
		_Thruster_Driver
		_log
		_Tomcat_Heading
		_Tomcat_Pitch
		_Tomcat_Roll
 This function uses a non-reentrant model


 *************** function ___lwdiv *****************
 Defined at:
		line 8 in file "C:\Program Files (x86)\Microchip\xc8\v1.30\sources\common\lwdiv.c"
 Parameters:    Size  Location     Type
  dividend        2   26[COMRAM] unsigned int 
  divisor         2   28[COMRAM] unsigned int 
 Auto vars:     Size  Location     Type
  quotient        2   34[COMRAM] unsigned int 
  counter         1   36[COMRAM] unsigned char 
 Return value:  Size  Location     Type
                  2   26[COMRAM] unsigned int 
 Registers used:
		wreg, status,2, status,0
 Tracked objects:
		On entry : 
		On exit  : 
		Unchanged: 
 Data sizes:     COMRAM   BANK0   BANK1   BANK2   BANK3   BANK4   BANK5
      Params:         4       0       0       0       0       0       0
      Locals:         6       0       0       0       0       0       0
      Temps:          1       0       0       0       0       0       0
      Totals:        11       0       0       0       0       0       0
Total ram usage:       11 bytes
 Hardware stack levels used:    1
 Hardware stack levels required when called:    3
 This function calls:
		Nothing
 This function is called by:
		_Tomcat_Press_Int
		_sprintf
 This function uses a non-reentrant model


 *************** function ___ftpack *****************
 Defined at:
		line 62 in file "C:\Program Files (x86)\Microchip\xc8\v1.30\sources\common\float.c"
 Parameters:    Size  Location     Type
  arg             3   17[COMRAM] unsigned um
  exp             1   20[COMRAM] unsigned char 
  sign            1   21[COMRAM] unsigned char 
 Auto vars:     Size  Location     Type
		None
 Return value:  Size  Location     Type
                  3   17[COMRAM] float 
 Registers used:
		wreg, status,2, status,0
 Tracked objects:
		On entry : 
		On exit  : 
		Unchanged: 
 Data sizes:     COMRAM   BANK0   BANK1   BANK2   BANK3   BANK4   BANK5
      Params:         5       0       0       0       0       0       0
      Locals:         0       0       0       0       0       0       0
      Temps:          3       0       0       0       0       0       0
      Totals:         8       0       0       0       0       0       0
Total ram usage:        8 bytes
 Hardware stack levels used:    1
 Hardware stack levels required when called:    3
 This function calls:
		Nothing
 This function is called by:
		___awtoft
		___ftadd
		___ftdiv
		___ftmul
		___lwtoft
 This function uses a non-reentrant model


 *************** function ___ftdiv *****************
 Defined at:
		line 49 in file "C:\Program Files (x86)\Microchip\xc8\v1.30\sources\common\ftdiv.c"
 Parameters:    Size  Location     Type
  f1              3   31[COMRAM] float 
  f2              3   34[COMRAM] float 
 Auto vars:     Size  Location     Type
  f3              3   48[COMRAM] float 
  sign            1   51[COMRAM] unsigned char 
  exp             1   47[COMRAM] unsigned char 
  cntr            1   46[COMRAM] unsigned char 
 Return value:  Size  Location     Type
                  3   31[COMRAM] float 
 Registers used:
		wreg, status,2, status,0, cstack
 Tracked objects:
		On entry : 
		On exit  : 
		Unchanged: 
 Data sizes:     COMRAM   BANK0   BANK1   BANK2   BANK3   BANK4   BANK5
      Params:         6       0       0       0       0       0       0
      Locals:        12       0       0       0       0       0       0
      Temps:          3       0       0       0       0       0       0
      Totals:        21       0       0       0       0       0       0
Total ram usage:       21 bytes
 Hardware stack levels used:    1
 Hardware stack levels required when called:    4
 This function calls:
		___ftpack
 This function is called by:
		_Thruster_Driver
		_Tomcat_Depth
		_Tomcat_Temp
		_Tomcat_Temp_Ex
		_Tomcat_Heading
		_Tomcat_Pitch
		_Tomcat_Roll
		_atan
 This function uses a non-reentrant model


 *************** function _isr *****************
 Defined at:
		line 3 in file "Tom_V_Main.c"
 Parameters:    Size  Location     Type
		None
 Auto vars:     Size  Location     Type
		None
 Return value:  Size  Location     Type
		None               void
 Registers used:
		wreg, fsr2l, fsr2h, status,2, status,0, prodl, prodh, cstack
 Tracked objects:
		On entry : 
		On exit  : 
		Unchanged: 
 Data sizes:     COMRAM   BANK0   BANK1   BANK2   BANK3   BANK4   BANK5
      Params:         0       0       0       0       0       0       0
      Locals:         0       0       0       0       0       0       0
      Temps:         15       0       0       0       0       0       0
      Totals:        15       0       0       0       0       0       0
Total ram usage:       15 bytes
 Hardware stack levels used:    1
 Hardware stack levels required when called:    2
 This function calls:
		i2_Tomcat_TX_error
 This function is called by:
		Interrupt level 2
 This function uses a non-reentrant model


 *************** function i2_Tomcat_TX_error *****************
 Defined at:
		line 289 in file "Tomcat_V_driver.c"
 Parameters:    Size  Location     Type
  code            1    wreg     unsigned char 
 Auto vars:     Size  Location     Type
  code            1    1[COMRAM] unsigned char 
 Return value:  Size  Location     Type
		None               void
 Registers used:
		wreg, status,2, cstack
 Tracked objects:
		On entry : 
		On exit  : 
		Unchanged: 
 Data sizes:     COMRAM   BANK0   BANK1   BANK2   BANK3   BANK4   BANK5
      Params:         0       0       0       0       0       0       0
      Locals:         1       0       0       0       0       0       0
      Temps:          0       0       0       0       0       0       0
      Totals:         1       0       0       0       0       0       0
Total ram usage:        1 bytes
 Hardware stack levels used:    1
 Hardware stack levels required when called:    1
 This function calls:
		i2_Write1USART
 This function is called by:
		_isr
 This function uses a non-reentrant model


 *************** function i2_Write1USART *****************
 Defined at:
		line 14 in file "C:\Program Files (x86)\Microchip\xc8\v1.30\sources\pic18\plib\USART\u1write.c"
 Parameters:    Size  Location     Type
  data            1    wreg     unsigned char 
 Auto vars:     Size  Location     Type
  data            1    0[COMRAM] unsigned char 
 Return value:  Size  Location     Type
		None               void
 Registers used:
		wreg
 Tracked objects:
		On entry : 
		On exit  : 
		Unchanged: 
 Data sizes:     COMRAM   BANK0   BANK1   BANK2   BANK3   BANK4   BANK5
      Params:         0       0       0       0       0       0       0
      Locals:         1       0       0       0       0       0       0
      Temps:          0       0       0       0       0       0       0
      Totals:         1       0       0       0       0       0       0
Total ram usage:        1 bytes
 Hardware stack levels used:    1
 This function calls:
		Nothing
 This function is called by:
		i2_Tomcat_TX_error
 This function uses a non-reentrant model



MODULE INFORMATION

Module		Function		Class		Link	Load	Size
C:\Program Files (x86)\Microchip\xc8\v1.30\sources\common\ftadd.c
		___ftadd       		CODE           	0BCC	0000	812

C:\Program Files (x86)\Microchip\xc8\v1.30\sources\common\ftadd.c estimated size: 812

C:\Program Files (x86)\Microchip\xc8\v1.30\sources\common\strchr.c
		_strchr        		CODE           	26A0	0000	52

C:\Program Files (x86)\Microchip\xc8\v1.30\sources\common\strchr.c estimated size: 52

C:\Program Files (x86)\Microchip\xc8\v1.30\sources\common\lwdiv.c
		___lwdiv       		CODE           	229E	0000	86

C:\Program Files (x86)\Microchip\xc8\v1.30\sources\common\lwdiv.c estimated size: 86

C:\Program Files (x86)\Microchip\xc8\v1.30\sources\common\float.c
		___ftpack      		CODE           	1F5C	0000	168

C:\Program Files (x86)\Microchip\xc8\v1.30\sources\common\float.c estimated size: 168

C:\Program Files (x86)\Microchip\xc8\v1.30\sources\pic18\plib\USART\u1open.c
		_Open1USART    		CODE           	2244	0000	90

C:\Program Files (x86)\Microchip\xc8\v1.30\sources\pic18\plib\USART\u1open.c estimated size: 90

C:\Program Files (x86)\Microchip\xc8\v1.30\sources\common\wmul.c
		___wmul        		CODE           	2582	0000	58

C:\Program Files (x86)\Microchip\xc8\v1.30\sources\common\wmul.c estimated size: 58

C:\Program Files (x86)\Microchip\xc8\v1.30\sources\pic18\plib\i2c\i2c1open.c
		_OpenI2C1      		CODE           	27C8	0000	28

C:\Program Files (x86)\Microchip\xc8\v1.30\sources\pic18\plib\i2c\i2c1open.c estimated size: 28

C:\Program Files (x86)\Microchip\xc8\v1.30\sources\common\frexp.c
		_frexp         		CODE           	20A0	0000	148

C:\Program Files (x86)\Microchip\xc8\v1.30\sources\common\frexp.c estimated size: 148

shared
		__stringdata   		SMALLCONST     	0649	0000	27
		_dpowers       		SMALLCONST     	0601	0000	10
		atan@coeff_a   		SMALLCONST     	0628	0000	18
		atan@coeff_b   		SMALLCONST     	063A	0000	15
		__initializatio		CODE           	21C6	0000	116
		main@F8438     		SMALLCONST     	060B	0000	2
		i2_Write1USART 		CODE           	27F8	0000	20
		i2_Tomcat_TX_er		CODE           	2702	0000	46
		log@coeff      		SMALLCONST     	060D	0000	27

shared estimated size: 281

C:\Program Files (x86)\Microchip\xc8\v1.30\sources\common\log.c
		_log           		CODE           	14A0	0000	412

C:\Program Files (x86)\Microchip\xc8\v1.30\sources\common\log.c estimated size: 412

C:\Program Files (x86)\Microchip\xc8\v1.30\sources\common\doprnt.c
		_sprintf       		CODE           	17C4	0000	390

C:\Program Files (x86)\Microchip\xc8\v1.30\sources\common\doprnt.c estimated size: 390

Tom_V_Main.c
		_main          		CODE           	0666	0000	1382
		_isr           		CODE           	0008	0000	316

Tom_V_Main.c estimated size: 1698

C:\Program Files (x86)\Microchip\xc8\v1.30\sources\common\ftdiv.c
		___ftdiv       		CODE           	1C26	0000	230

C:\Program Files (x86)\Microchip\xc8\v1.30\sources\common\ftdiv.c estimated size: 230

C:\Program Files (x86)\Microchip\xc8\v1.30\sources\pic18\plib\USART\u1write.c
		_Write1USART   		CODE           	27E4	0000	20

C:\Program Files (x86)\Microchip\xc8\v1.30\sources\pic18\plib\USART\u1write.c estimated size: 20

C:\Program Files (x86)\Microchip\xc8\v1.30\sources\common\strcspn.c
		_strcspn       		CODE           	2398	0000	80

C:\Program Files (x86)\Microchip\xc8\v1.30\sources\common\strcspn.c estimated size: 80

C:\Program Files (x86)\Microchip\xc8\v1.30\sources\common\ftneg.c
		___ftneg       		CODE           	25BC	0000	58

C:\Program Files (x86)\Microchip\xc8\v1.30\sources\common\ftneg.c estimated size: 58

C:\Program Files (x86)\Microchip\xc8\v1.30\sources\common\isdigit.c
		_isdigit       		CODE           	275C	0000	42

C:\Program Files (x86)\Microchip\xc8\v1.30\sources\common\isdigit.c estimated size: 42

C:\Program Files (x86)\Microchip\xc8\v1.30\sources\common\ftmul.c
		___ftmul       		CODE           	1120	0000	472

C:\Program Files (x86)\Microchip\xc8\v1.30\sources\common\ftmul.c estimated size: 472

C:\Program Files (x86)\Microchip\xc8\v1.30\sources\common\fttol.c
		___fttol       		CODE           	12F8	0000	424

C:\Program Files (x86)\Microchip\xc8\v1.30\sources\common\fttol.c estimated size: 424

C:\Program Files (x86)\Microchip\xc8\v1.30\sources\pic18\plib\PWM\pw4setdc.c
		_SetDCPWM4     		CODE           	24C4	0000	66

C:\Program Files (x86)\Microchip\xc8\v1.30\sources\pic18\plib\PWM\pw4setdc.c estimated size: 66

C:\Program Files (x86)\Microchip\xc8\v1.30\sources\common\strlen.c
		_strlen        		CODE           	2548	0000	58

C:\Program Files (x86)\Microchip\xc8\v1.30\sources\common\strlen.c estimated size: 58

C:\Program Files (x86)\Microchip\xc8\v1.30\sources\common\awtoft.c
		___awtoft      		CODE           	22F4	0000	84

C:\Program Files (x86)\Microchip\xc8\v1.30\sources\common\awtoft.c estimated size: 84

C:\Program Files (x86)\Microchip\xc8\v1.30\sources\common\evalpoly.c
		_eval_poly     		CODE           	1A46	0000	246

C:\Program Files (x86)\Microchip\xc8\v1.30\sources\common\evalpoly.c estimated size: 246

C:\Program Files (x86)\Microchip\xc8\v1.30\sources\common\strtok.c
		_strtok        		CODE           	1D0C	0000	210

C:\Program Files (x86)\Microchip\xc8\v1.30\sources\common\strtok.c estimated size: 210

Tomcat_V_driver.c
		_Tomcat_TX_erro		CODE           	26D4	0000	46
		_Tomcat_Temp   		CODE           	1EAC	0000	176
		_Tomcat_Claw   		CODE           	23E8	0000	78
		_Tomcat_Depth  		CODE           	194A	0000	252
		_Tomcat_Setup  		CODE           	1B3C	0000	234
		_Tomcat_Camera 		CODE           	27AA	0000	30
		_Tomcat_Press_I		CODE           	2134	0000	146
		_Tomcat_TX_data		CODE           	2436	0000	72
		_Tomcat_Temp_Ex		CODE           	163C	0000	392
		_Tomcat_TX_warn		CODE           	2786	0000	36
		_analogRead    		CODE           	266A	0000	54
		_Thruster_Drive		CODE           	0EF8	0000	552

Tomcat_V_driver.c estimated size: 2068

C:\Program Files (x86)\Microchip\xc8\v1.30\sources\common\strspn.c
		_strspn        		CODE           	2348	0000	80

C:\Program Files (x86)\Microchip\xc8\v1.30\sources\common\strspn.c estimated size: 80

C:\Program Files (x86)\Microchip\xc8\v1.30\sources\common\awmod.c
		___awmod       		CODE           	2004	0000	156

C:\Program Files (x86)\Microchip\xc8\v1.30\sources\common\awmod.c estimated size: 156

C:\Program Files (x86)\Microchip\xc8\v1.30\sources\common\lwtoft.c
		___lwtoft      		CODE           	2730	0000	44

C:\Program Files (x86)\Microchip\xc8\v1.30\sources\common\lwtoft.c estimated size: 44

C:\Program Files (x86)\Microchip\xc8\v1.30\sources\pic18\plib\PWM\ew1setdc.c
		_SetDCEPWM1    		CODE           	2630	0000	58

C:\Program Files (x86)\Microchip\xc8\v1.30\sources\pic18\plib\PWM\ew1setdc.c estimated size: 58

C:\Program Files (x86)\Microchip\xc8\v1.30\sources\common\lwmod.c
		___lwmod       		CODE           	247E	0000	70

C:\Program Files (x86)\Microchip\xc8\v1.30\sources\common\lwmod.c estimated size: 70

C:\Program Files (x86)\Microchip\xc8\v1.30\sources\pic18\plib\PWM\ew2setdc.c
		_SetDCEPWM2    		CODE           	25F6	0000	58

C:\Program Files (x86)\Microchip\xc8\v1.30\sources\pic18\plib\PWM\ew2setdc.c estimated size: 58

C:\Program Files (x86)\Microchip\xc8\v1.30\sources\common\atoi.c
		_atoi          		CODE           	1DDE	0000	206

C:\Program Files (x86)\Microchip\xc8\v1.30\sources\common\atoi.c estimated size: 206

C:\Program Files (x86)\Microchip\xc8\v1.30\sources\pic18\plib\PWM\ew3setdc.c
		_SetDCEPWM3    		CODE           	2506	0000	66

C:\Program Files (x86)\Microchip\xc8\v1.30\sources\pic18\plib\PWM\ew3setdc.c estimated size: 66

