Microchip MPLAB XC8 Compiler V1.30 ()

Linker command line:

--edf=C:\Program Files (x86)\Microchip\xc8\v1.30\dat\en_msgs.txt -cs \
  -h+dist/default/production\Tomcat_Vehicle.X.production.sym \
  --cmf=dist/default/production\Tomcat_Vehicle.X.production.cmf -z \
  -Q18F45K22 -oC:\Users\Mike\AppData\Local\Temp\s6dg.6 \
  -Mdist/default/production/Tomcat_Vehicle.X.production.map -E1 -ver=XC8 \
  -ASTACK=01BEh-05ffh -pstack=STACK -ACODE=00h-07FFFh -ACONST=00h-07FFFh \
  -ASMALLCONST=0600h-06FFhx122 -AMEDIUMCONST=0600h-07FFFh -ACOMRAM=01h-05Fh \
  -AABS1=00h-05FFh -ABIGRAM=01h-05FFh -ARAM=060h-0FFh,0100h-01FFhx5 \
  -ABANK0=060h-0FFh -ABANK1=0100h-01FFh -ABANK2=0200h-02FFh \
  -ABANK3=0300h-03FFh -ABANK4=0400h-04FFh -ABANK5=0500h-05FFh \
  -ASFR=0F38h-0F5Fh,0F60h-0FFFh \
  -preset_vec=00h,intcode=08h,intcodelo,powerup,init,end_init \
  -pramtop=0600h -psmallconst=SMALLCONST -pmediumconst=MEDIUMCONST \
  -pconst=CONST -AFARRAM=00h-00h -ACONFIG=0300000h-030000Dh -pconfig=CONFIG \
  -AIDLOC=0200000h-0200007h -pidloc=IDLOC -AEEDATA=0F00000h-0F000FFh \
  -peeprom_data=EEDATA \
  -prdata=COMRAM,nvrram=COMRAM,nvbit=COMRAM,rbss=COMRAM,rbit=COMRAM \
  -pfarbss=FARRAM,fardata=FARRAM,nvFARRAM=FARRAM \
  -pintsave_regs=BIGRAM,bigbss=BIGRAM,bigdata=BIGRAM -pbss=RAM \
  -pidata=CODE,irdata=CODE,ibigdata=CODE,ifardata=CODE \
  C:\Users\Mike\AppData\Local\Temp\s6dg.obj \
  dist/default/production\Tomcat_Vehicle.X.production.obj 

Object code version is 3.11

Machine type is 18F45K22

Call graph: (short form)




                Name                               Link     Load   Length Selector   Space Scale
C:\Users\Mike\AppData\Local\Temp\s6dg.obj
                end_init                            1BA      1BA        4        4       0
                reset_vec                             0        0        4        0       0
                idloc                            200000   200000        8   200000       0
                config                           300000   300000        E   300000       0
dist/default/production\Tomcat_Vehicle.X.production.obj
                intcode                               8        8      1B2        4       0
                smallconst                          600      600       72      300       0
                text47                             28A4     28A4       2E      339       0
                text46                             29C0     29C0       14      339       0
                text45                             2876     2876       2E      339       0
                text43                             19C6     19C6      162      339       0
                text42                             2152     2152       A8      339       0
                text41                             245C     245C       54      339       0
                text40                             27D8     27D8       3A      339       0
                text39                             279E     279E       3A      339       0
                text38                             2672     2672       42      339       0
                text37                             2630     2630       42      339       0
                text36                             135C     135C      1A8      339       0
                text35                              F44      F44      240      339       0
                text34                             2972     2972       1E      339       0
                text33                             2550     2550       4E      339       0
                text32                              C18      C18      32C      339       0
                text31                             1184     1184      1D8      339       0
                text30                             28D2     28D2       2C      339       0
                text29                             2812     2812       36      339       0
                text28                             1B28     1B28      108      339       0
                text27                             1C30     1C30      106      339       0
                text26                             23AC     23AC       5A      339       0
                text25                             2990     2990       1C      339       0
                text24                             1E2C     1E2C       EC      339       0
                text23                             29AC     29AC       14      339       0
                text22                             259E     259E       4C      339       0
                text21                             2848     2848       2E      339       0
                text20                             294E     294E       24      339       0
                text19                             1FE6     1FE6       BC      339       0
                text18                             2764     2764       3A      339       0
                text17                             272A     272A       3A      339       0
                text16                             1D36     1D36       F6      339       0
                text15                             2296     2296       94      339       0
                text14                             16A4     16A4      19C      339       0
                text13                             1504     1504      1A0      339       0
                text12                             21FA     21FA       9C      339       0
                text11                             28FE     28FE       2A      339       0
                text10                             1F18     1F18       CE      339       0
                text9                              2928     2928       26      339       0
                text8                              2406     2406       56      339       0
                text7                              25EA     25EA       46      339       0
                text6                              1840     1840      186      339       0
                text5                              26F0     26F0       3A      339       0
                text4                              26B4     26B4       3C      339       0
                text3                              2500     2500       50      339       0
                text2                              24B0     24B0       50      339       0
                text1                              20A2     20A2       B0      339       0
                text0                               672      672      5A6      339       0
                cstackCOMRAM                          1        1       32        1       1
                cstackBANK0                          60       60       51       60       1
                cstackBANK1                         100      100       70      100       1
                dataBANK1                           1BD      1BD        1      100       1
                bssBANK1                            170      170       4D      100       1
                dataBANK0                            F2       F2        C       60       1
                bssBANK0                             B1       B1       41       60       1
                dataCOMRAM                           33       33        C        1       1
                bssCOMRAM                            40       40        7        1       1
                bitbssCOMRAM                        1F8       3F        8        1       1     8
                cinit                              232A     232A       82      339       0
                idataBANK1                         29EC     29EC        1      339       0
                idataBANK0                         29E0     29E0        C      339       0
                idataCOMRAM                        29D4     29D4        C      339       0

TOTAL           Name                               Link     Load   Length     Space
        CLASS   STACK          

        CLASS   CODE           
                end_init                            1BA      1BA        4         0
                intcode                               8        8      1B2         0
                reset_vec                             0        0        4         0
                text47                             28A4     28A4       2E         0
                text46                             29C0     29C0       14         0
                text45                             2876     2876       2E         0
                text43                             19C6     19C6      162         0
                text42                             2152     2152       A8         0
                text41                             245C     245C       54         0
                text40                             27D8     27D8       3A         0
                text39                             279E     279E       3A         0
                text38                             2672     2672       42         0
                text37                             2630     2630       42         0
                text36                             135C     135C      1A8         0
                text35                              F44      F44      240         0
                text34                             2972     2972       1E         0
                text33                             2550     2550       4E         0
                text32                              C18      C18      32C         0
                text31                             1184     1184      1D8         0
                text30                             28D2     28D2       2C         0
                text29                             2812     2812       36         0
                text28                             1B28     1B28      108         0
                text27                             1C30     1C30      106         0
                text26                             23AC     23AC       5A         0
                text25                             2990     2990       1C         0
                text24                             1E2C     1E2C       EC         0
                text23                             29AC     29AC       14         0
                text22                             259E     259E       4C         0
                text21                             2848     2848       2E         0
                text20                             294E     294E       24         0
                text19                             1FE6     1FE6       BC         0
                text18                             2764     2764       3A         0
                text17                             272A     272A       3A         0
                text16                             1D36     1D36       F6         0
                text15                             2296     2296       94         0
                text14                             16A4     16A4      19C         0
                text13                             1504     1504      1A0         0
                text12                             21FA     21FA       9C         0
                text11                             28FE     28FE       2A         0
                text10                             1F18     1F18       CE         0
                text9                              2928     2928       26         0
                text8                              2406     2406       56         0
                text7                              25EA     25EA       46         0
                text6                              1840     1840      186         0
                text5                              26F0     26F0       3A         0
                text4                              26B4     26B4       3C         0
                text3                              2500     2500       50         0
                text2                              24B0     24B0       50         0
                text1                              20A2     20A2       B0         0
                text0                               672      672      5A6         0
                cinit                              232A     232A       82         0
                idataBANK1                         29EC     29EC        1         0
                idataBANK0                         29E0     29E0        C         0
                idataCOMRAM                        29D4     29D4        C         0

        CLASS   CONST          

        CLASS   SMALLCONST     
                smallconst                          600      600       72         0

        CLASS   MEDIUMCONST    

        CLASS   COMRAM         
                cstackCOMRAM                          1        1       32         1
                dataCOMRAM                           33       33        C         1
                bssCOMRAM                            40       40        7         1
                bitbssCOMRAM                        1F8       3F        8         1

        CLASS   ABS1           

        CLASS   BIGRAM         

        CLASS   RAM            

        CLASS   BANK0          
                cstackBANK0                          60       60       51         1
                dataBANK0                            F2       F2        C         1
                bssBANK0                             B1       B1       41         1

        CLASS   BANK1          
                cstackBANK1                         100      100       70         1
                dataBANK1                           1BD      1BD        1         1
                bssBANK1                            170      170       4D         1

        CLASS   BANK2          

        CLASS   BANK3          

        CLASS   BANK4          

        CLASS   BANK5          

        CLASS   SFR            

        CLASS   FARRAM         

        CLASS   CONFIG         
                config                           300000   300000        E         0

        CLASS   IDLOC          
                idloc                            200000   200000        8         0

        CLASS   EEDATA         



SEGMENTS        Name                           Load    Length   Top    Selector   Space  Class

                reset_vec                      000000  000004  000004         0       0  CODE    
                cstackCOMRAM                   000001  000046  000047         1       1  COMRAM  
                intcode                        000008  0001B6  0001BE         4       0  CODE    
                cstackBANK0                    000060  00009E  0000FE        60       1  BANK0   
                cstackBANK1                    000100  0000BE  0001BE       100       1  BANK1   
                smallconst                     000600  000072  000672       300       0  SMALLCON
                text0                          000672  00237B  0029ED       339       0  CODE    
                idloc                          200000  000008  200008    200000       0  IDLOC   
                config                         300000  00000E  30000E    300000       0  CONFIG  


UNUSED ADDRESS RANGES

        Name                Unused          Largest block    Delta
        BANK0            0000FE-0000FF                2
        BANK1            0001BE-0001FF               42
        BANK2            000200-0002FF              100
        BANK3            000300-0003FF              100
        BANK4            000400-0004FF              100
        BANK5            000500-0005FF              100
        BIGRAM           000047-00005F               19
                         0000FE-0000FF                2
                         0001BE-0005FF              442
        CODE             000004-000007                4
                         0001BE-0005FF              442
                         0029ED-007FFF             5613
        COMRAM           000047-00005F               19
        CONST            000004-000007                4
                         0001BE-0005FF              442
                         0029ED-007FFF             5613
        EEDATA           F00000-F000FF              100
        MEDIUMCONST      0029ED-007FFF             5613
        RAM              0000FE-0000FF                2
                         0001BE-0005FF              100
        SFR              000F38-000FFF               28
        SMALLCONST       0029ED-007FFF              100
        STACK            0001BE-0005FF              442

                                  Symbol Table

?_Tomcat_Depth              cstackBANK0  00008A
?_Tomcat_Press_Int          cstackBANK0  00008A
?_Tomcat_Temp               cstackBANK0  00008A
?_Tomcat_Temp_Ex            cstackBANK0  0000A3
?___awmod                   cstackCOMRAM 000016
?___awtoft                  cstackCOMRAM 00001E
?___ftadd                   cstackBANK0  00007B
?___ftdiv                   cstackBANK0  000060
?___ftmul                   cstackBANK0  000066
?___ftneg                   cstackBANK0  0000A0
?___ftpack                  cstackCOMRAM 000016
?___fttol                   cstackBANK0  00007B
?___lwdiv                   cstackCOMRAM 000016
?___lwmod                   cstackCOMRAM 00001E
?___lwtoft                  cstackCOMRAM 00001F
?___wmul                    cstackCOMRAM 00001F
?_analogRead                cstackCOMRAM 000016
?_atoi                      cstackCOMRAM 000027
?_eval_poly                 cstackBANK0  00008A
?_frexp                     cstackCOMRAM 000016
?_log                       cstackBANK0  000099
?_sprintf                   cstackBANK0  000060
?_strchr                    cstackCOMRAM 000016
?_strcspn                   cstackCOMRAM 00001A
?_strlen                    cstackCOMRAM 000016
?_strspn                    cstackCOMRAM 00001A
?_strtok                    cstackCOMRAM 000021
Open1USART@config           cstackCOMRAM 00001B
Open1USART@spbrg            cstackCOMRAM 000016
OpenI2C1@slew               cstackCOMRAM 000016
OpenI2C1@sync_mode          cstackCOMRAM 000017
SetDCEPWM1@DCycle           cstackCOMRAM 00001A
SetDCEPWM1@dutycycle        cstackCOMRAM 000016
SetDCEPWM2@DCycle           cstackCOMRAM 00001A
SetDCEPWM2@dutycycle        cstackCOMRAM 000016
SetDCEPWM3@DCycle           cstackCOMRAM 00001A
SetDCEPWM3@dutycycle        cstackCOMRAM 000016
SetDCPWM4@DCycle            cstackCOMRAM 00001A
SetDCPWM4@dutycycle         cstackCOMRAM 000016
Thruster_Driver@dc          cstackBANK0  000094
Thruster_Driver@dir         cstackBANK0  000093
Thruster_Driver@input       cstackBANK0  00008A
Thruster_Driver@thruster    cstackBANK0  00008C
Tomcat_Camera@pan           cstackCOMRAM 00001F
Tomcat_Camera@pan_pos       cstackCOMRAM 000023
Tomcat_Camera@tilt          cstackCOMRAM 000021
Tomcat_Camera@tilt_pos      cstackCOMRAM 000025
Tomcat_Claw@grip            cstackCOMRAM 000016
Tomcat_Claw@wrist           cstackCOMRAM 000018
Tomcat_Depth@depth          cstackBANK0  000090
Tomcat_Depth@tempPress      cstackBANK0  000092
Tomcat_Press_Int@press      cstackBANK0  000090
Tomcat_Press_Int@temp       cstackBANK0  000092
Tomcat_TX_data@k            cstackCOMRAM 000020
Tomcat_TX_data@num_bytes    cstackCOMRAM 00001E
Tomcat_TX_data@tx_buff      cstackCOMRAM 00001C
Tomcat_TX_error@code        cstackCOMRAM 000017
Tomcat_TX_warn@code         cstackCOMRAM 000017
Tomcat_Temp@temp            cstackBANK0  000090
Tomcat_Temp_Ex@temp         cstackBANK0  0000AC
Write1USART@data            cstackCOMRAM 000016
_ADCON0                     (abs)        000FC2
_ADCON0bits                 (abs)        000FC2
_ADCON1                     (abs)        000FC1
_ADCON2                     (abs)        000FC0
_ADRES                      (abs)        000FC3
_ANSELA                     (abs)        000F38
_ANSELB                     (abs)        000F39
_ANSELC                     (abs)        000F3A
_ANSELD                     (abs)        000F3B
_ANSELE                     (abs)        000F3C
_CCP1CON                    (abs)        000FBD
_CCP2CON                    (abs)        000F66
_CCP3CON                    (abs)        000F5D
_CCP4CON                    (abs)        000F57
_CCPR1L                     (abs)        000FBE
_CCPR2L                     (abs)        000F67
_CCPR3L                     (abs)        000F5E
_CCPR4L                     (abs)        000F58
_CCPTMRS0                   (abs)        000F49
_CCPTMRS1                   (abs)        000F48
_ECCP1AS                    (abs)        000FB6
_ECCP2AS                    (abs)        000F64
_ECCP3AS                    (abs)        000F5B
_INTCON                     (abs)        000FF2
_INTCONbits                 (abs)        000FF2
_LATAbits                   (abs)        000F89
_LATBbits                   (abs)        000F8A
_LATCbits                   (abs)        000F8B
_LATDbits                   (abs)        000F8C
_LATEbits                   (abs)        000F8D
_OSCFIF                     (abs)        007D0F
_Open1USART                 text26       0023AC
_OpenI2C1                   text25       002990
_PIE1                       (abs)        000F9D
_PIE1bits                   (abs)        000F9D
_PIE2bits                   (abs)        000FA0
_PIR1bits                   (abs)        000F9E
_PIR2bits                   (abs)        000FA1
_PIR3bits                   (abs)        000FA4
_PORTA                      (abs)        000F80
_PORTB                      (abs)        000F81
_PORTBbits                  (abs)        000F81
_PORTC                      (abs)        000F82
_PORTD                      (abs)        000F83
_PORTE                      (abs)        000F84
_PSTR1CON                   (abs)        000FB9
_PSTR2CON                   (abs)        000F63
_PSTR3CON                   (abs)        000F5A
_RCON                       (abs)        000FD0
_RCREG                      (abs)        000FAE
_RCSTA1                     (abs)        000FAB
_RCSTA1bits                 (abs)        000FAB
_SPBRG1                     (abs)        000FAF
_SPBRGH1                    (abs)        000FB0
_SSP1ADD                    (abs)        000FC8
_SSP1BUF                    (abs)        000FC9
_SSP1CON1                   (abs)        000FC6
_SSP1CON1bits               (abs)        000FC6
_SSP1CON2                   (abs)        000FC5
_SSP1CON2bits               (abs)        000FC5
_SSP1STAT                   (abs)        000FC7
_SSP1STATbits               (abs)        000FC7
_SetDCEPWM1                 text40       0027D8
_SetDCEPWM2                 text39       00279E
_SetDCEPWM3                 text38       002672
_SetDCPWM4                  text37       002630
_T0CON                      (abs)        000FD5
_T1CON                      (abs)        000FCD
_T2CON                      (abs)        000FBA
_T4CON                      (abs)        000F51
_TMR0                       (abs)        000FD6
_TMR1                       (abs)        000FCE
_TRISA                      (abs)        000F92
_TRISB                      (abs)        000F93
_TRISC                      (abs)        000F94
_TRISD                      (abs)        000F95
_TRISE                      (abs)        000F96
_TXREG1                     (abs)        000FAD
_TXSTA1                     (abs)        000FAC
_TXSTA1bits                 (abs)        000FAC
_Thruster_Driver            text35       000F44
_Tomcat_Camera              text34       002972
_Tomcat_Claw                text33       002550
_Tomcat_Depth               text28       001B28
_Tomcat_Press_Int           text27       001C30
_Tomcat_Setup               text24       001E2C
_Tomcat_TX_data             text22       00259E
_Tomcat_TX_error            text21       002848
_Tomcat_TX_warn             text20       00294E
_Tomcat_Temp                text19       001FE6
_Tomcat_Temp_Ex             text13       001504
_Tomcat_Temp_Ex$3487        cstackBANK0  0000A9
_USART1_Status              bssCOMRAM    000042
_Write1USART                text23       0029AC
__CFG_BOREN$SBORDIS         (abs)        000000
__CFG_BORV$285              (abs)        000000
__CFG_CCP2MX$PORTC1         (abs)        000000
__CFG_CCP3MX$PORTB5         (abs)        000000
__CFG_CP0$OFF               (abs)        000000
__CFG_CP1$OFF               (abs)        000000
__CFG_CP2$OFF               (abs)        000000
__CFG_CP3$OFF               (abs)        000000
__CFG_CPB$OFF               (abs)        000000
__CFG_CPD$OFF               (abs)        000000
__CFG_EBTR0$OFF             (abs)        000000
__CFG_EBTR1$OFF             (abs)        000000
__CFG_EBTR2$OFF             (abs)        000000
__CFG_EBTR3$OFF             (abs)        000000
__CFG_EBTRB$OFF             (abs)        000000
__CFG_FCMEN$OFF             (abs)        000000
__CFG_FOSC$HSHP             (abs)        000000
__CFG_HFOFST$OFF            (abs)        000000
__CFG_IESO$OFF              (abs)        000000
__CFG_LVP$OFF               (abs)        000000
__CFG_MCLRE$EXTMCLR         (abs)        000000
__CFG_P2BMX$PORTD2          (abs)        000000
__CFG_PBADEN$ON             (abs)        000000
__CFG_PLLCFG$OFF            (abs)        000000
__CFG_PRICLKEN$ON           (abs)        000000
__CFG_PWRTEN$ON             (abs)        000000
__CFG_STVREN$OFF            (abs)        000000
__CFG_T3CMX$PORTC0          (abs)        000000
__CFG_WDTEN$ON              (abs)        000000
__CFG_WDTPS$16              (abs)        000000
__CFG_WRT0$OFF              (abs)        000000
__CFG_WRT1$OFF              (abs)        000000
__CFG_WRT2$OFF              (abs)        000000
__CFG_WRT3$OFF              (abs)        000000
__CFG_WRTB$OFF              (abs)        000000
__CFG_WRTC$OFF              (abs)        000000
__CFG_WRTD$OFF              (abs)        000000
__CFG_XINST$OFF             (abs)        000000
__HRAM                      (abs)        000000
__Habs1                     abs1         000000
__Hbank0                    bank0        000000
__Hbank1                    bank1        000000
__Hbank2                    bank2        000000
__Hbank3                    bank3        000000
__Hbank4                    bank4        000000
__Hbank5                    bank5        000000
__Hbigbss                   bigbss       000000
__Hbigdata                  bigdata      000000
__Hbigram                   bigram       000000
__HbitbssCOMRAM             bitbssCOMRAM 000000
__Hbss                      bss          000000
__HbssBANK0                 bssBANK0     000000
__HbssBANK1                 bssBANK1     000000
__HbssCOMRAM                bssCOMRAM    000000
__Hcinit                    cinit        000000
__Hclrtext                  clrtext      000000
__Hcomram                   comram       000000
__Hconfig                   config       30000E
__Hconst                    const        000000
__HcstackBANK0              cstackBANK0  000000
__HcstackBANK1              cstackBANK1  000000
__HcstackCOMRAM             cstackCOMRAM 000000
__Hdata                     data         000000
__HdataBANK0                dataBANK0    000000
__HdataBANK1                dataBANK1    000000
__HdataCOMRAM               dataCOMRAM   000000
__Heeprom_data              eeprom_data  000000
__Hend_init                 end_init     0001BE
__Hfarbss                   farbss       000000
__Hfardata                  fardata      000000
__Hibigdata                 ibigdata     000000
__Hidata                    idata        000000
__HidataBANK0               idataBANK0   000000
__HidataBANK1               idataBANK1   000000
__HidataCOMRAM              idataCOMRAM  000000
__Hidloc                    idloc        200008
__Hifardata                 ifardata     000000
__Hinit                     init         0001BA
__Hintcode                  intcode      0001BA
__Hintcode_body             intcode_body 000000
__Hintcodelo                intcodelo    0001BA
__Hintentry                 intentry     000000
__Hintret                   intret       000000
__Hintsave_regs             intsave_regs 000000
__Hirdata                   irdata       000000
__Hmediumconst              mediumconst  000000
__HnvFARRAM                 nvFARRAM     000000
__Hnvbit                    nvbit        000000
__Hnvrram                   nvrram       000000
__Hparam                    rparam       000000
__Hpowerup                  powerup      0001BA
__Hram                      ram          000000
__Hramtop                   ramtop       000600
__Hrbit                     rbit         000000
__Hrbss                     rbss         000000
__Hrdata                    rdata        000000
__Hreset_vec                reset_vec    000004
__Hrparam                   rparam       000000
__Hsfr                      sfr          000000
__Hsmallconst               smallconst   000672
__Hstack                    stack        000000
__Hstruct                   struct       000000
__Htemp                     temp         000000
__Htext                     text         000000
__Htext0                    text0        000000
__Htext1                    text1        000000
__Htext10                   text10       000000
__Htext11                   text11       000000
__Htext12                   text12       000000
__Htext13                   text13       000000
__Htext14                   text14       000000
__Htext15                   text15       000000
__Htext16                   text16       000000
__Htext17                   text17       000000
__Htext18                   text18       000000
__Htext19                   text19       000000
__Htext2                    text2        000000
__Htext20                   text20       000000
__Htext21                   text21       000000
__Htext22                   text22       000000
__Htext23                   text23       000000
__Htext24                   text24       000000
__Htext25                   text25       000000
__Htext26                   text26       000000
__Htext27                   text27       000000
__Htext28                   text28       000000
__Htext29                   text29       000000
__Htext3                    text3        000000
__Htext30                   text30       000000
__Htext31                   text31       000000
__Htext32                   text32       000000
__Htext33                   text33       000000
__Htext34                   text34       000000
__Htext35                   text35       000000
__Htext36                   text36       000000
__Htext37                   text37       000000
__Htext38                   text38       000000
__Htext39                   text39       000000
__Htext4                    text4        000000
__Htext40                   text40       000000
__Htext41                   text41       000000
__Htext42                   text42       000000
__Htext43                   text43       000000
__Htext45                   text45       000000
__Htext46                   text46       000000
__Htext47                   text47       000000
__Htext48                   text48       000000
__Htext5                    text5        000000
__Htext6                    text6        000000
__Htext7                    text7        000000
__Htext8                    text8        000000
__Htext9                    text9        000000
__LRAM                      (abs)        000001
__Labs1                     abs1         000000
__Lbank0                    bank0        000000
__Lbank1                    bank1        000000
__Lbank2                    bank2        000000
__Lbank3                    bank3        000000
__Lbank4                    bank4        000000
__Lbank5                    bank5        000000
__Lbigbss                   bigbss       000000
__Lbigdata                  bigdata      000000
__Lbigram                   bigram       000000
__LbitbssCOMRAM             bitbssCOMRAM 000000
__Lbss                      bss          000000
__LbssBANK0                 bssBANK0     000000
__LbssBANK1                 bssBANK1     000000
__LbssCOMRAM                bssCOMRAM    000000
__Lcinit                    cinit        000000
__Lclrtext                  clrtext      000000
__Lcomram                   comram       000000
__Lconfig                   config       300000
__Lconst                    const        000000
__LcstackBANK0              cstackBANK0  000000
__LcstackBANK1              cstackBANK1  000000
__LcstackCOMRAM             cstackCOMRAM 000000
__Ldata                     data         000000
__LdataBANK0                dataBANK0    000000
__LdataBANK1                dataBANK1    000000
__LdataCOMRAM               dataCOMRAM   000000
__Leeprom_data              eeprom_data  000000
__Lend_init                 end_init     0001BA
__Lfarbss                   farbss       000000
__Lfardata                  fardata      000000
__Libigdata                 ibigdata     000000
__Lidata                    idata        000000
__LidataBANK0               idataBANK0   000000
__LidataBANK1               idataBANK1   000000
__LidataCOMRAM              idataCOMRAM  000000
__Lidloc                    idloc        200000
__Lifardata                 ifardata     000000
__Linit                     init         0001BA
__Lintcode                  intcode      000008
__Lintcode_body             intcode_body 000000
__Lintcodelo                intcodelo    0001BA
__Lintentry                 intentry     000000
__Lintret                   intret       000000
__Lintsave_regs             intsave_regs 000000
__Lirdata                   irdata       000000
__Lmediumconst              mediumconst  000000
__LnvFARRAM                 nvFARRAM     000000
__Lnvbit                    nvbit        000000
__Lnvrram                   nvrram       000000
__Lparam                    rparam       000000
__Lpowerup                  powerup      0001BA
__Lram                      ram          000000
__Lramtop                   ramtop       000600
__Lrbit                     rbit         000000
__Lrbss                     rbss         000000
__Lrdata                    rdata        000000
__Lreset_vec                reset_vec    000000
__Lrparam                   rparam       000000
__Lsfr                      sfr          000000
__Lsmallconst               smallconst   000600
__Lstack                    stack        000000
__Lstruct                   struct       000000
__Ltemp                     temp         000000
__Ltext                     text         000000
__Ltext0                    text0        000000
__Ltext1                    text1        000000
__Ltext10                   text10       000000
__Ltext11                   text11       000000
__Ltext12                   text12       000000
__Ltext13                   text13       000000
__Ltext14                   text14       000000
__Ltext15                   text15       000000
__Ltext16                   text16       000000
__Ltext17                   text17       000000
__Ltext18                   text18       000000
__Ltext19                   text19       000000
__Ltext2                    text2        000000
__Ltext20                   text20       000000
__Ltext21                   text21       000000
__Ltext22                   text22       000000
__Ltext23                   text23       000000
__Ltext24                   text24       000000
__Ltext25                   text25       000000
__Ltext26                   text26       000000
__Ltext27                   text27       000000
__Ltext28                   text28       000000
__Ltext29                   text29       000000
__Ltext3                    text3        000000
__Ltext30                   text30       000000
__Ltext31                   text31       000000
__Ltext32                   text32       000000
__Ltext33                   text33       000000
__Ltext34                   text34       000000
__Ltext35                   text35       000000
__Ltext36                   text36       000000
__Ltext37                   text37       000000
__Ltext38                   text38       000000
__Ltext39                   text39       000000
__Ltext4                    text4        000000
__Ltext40                   text40       000000
__Ltext41                   text41       000000
__Ltext42                   text42       000000
__Ltext43                   text43       000000
__Ltext45                   text45       000000
__Ltext46                   text46       000000
__Ltext47                   text47       000000
__Ltext48                   text48       000000
__Ltext5                    text5        000000
__Ltext6                    text6        000000
__Ltext7                    text7        000000
__Ltext8                    text8        000000
__Ltext9                    text9        000000
__S0                        (abs)        30000E
__S1                        (abs)        0001BE
__S2                        (abs)        000000
___awmod                    text12       0021FA
___awmod@counter            cstackCOMRAM 00001B
___awmod@dividend           cstackCOMRAM 000016
___awmod@divisor            cstackCOMRAM 000018
___awmod@sign               cstackCOMRAM 00001C
___awtoft                   text41       00245C
___awtoft@c                 cstackCOMRAM 00001E
___awtoft@sign              cstackCOMRAM 000023
___ftadd                    text32       000C18
___ftadd@exp1               cstackBANK0  000089
___ftadd@exp2               cstackBANK0  000088
___ftadd@f1                 cstackBANK0  00007B
___ftadd@f2                 cstackBANK0  00007E
___ftadd@sign               cstackBANK0  000087
___ftdiv                    text43       0019C6
___ftdiv@cntr               cstackCOMRAM 00002D
___ftdiv@exp                cstackCOMRAM 000031
___ftdiv@f1                 cstackBANK0  000060
___ftdiv@f2                 cstackBANK0  000063
___ftdiv@f3                 cstackCOMRAM 00002E
___ftdiv@sign               cstackCOMRAM 000032
___ftmul                    text31       001184
___ftmul@cntr               cstackBANK0  000079
___ftmul@exp                cstackBANK0  000075
___ftmul@f1                 cstackBANK0  000066
___ftmul@f2                 cstackBANK0  000069
___ftmul@f3_as_product      cstackBANK0  000076
___ftmul@sign               cstackBANK0  00007A
___ftneg                    text18       002764
___ftneg@f1                 cstackBANK0  0000A0
___ftpack                   text42       002152
___ftpack@arg               cstackCOMRAM 000016
___ftpack@exp               cstackCOMRAM 000019
___ftpack@sign              cstackCOMRAM 00001A
___fttol                    text36       00135C
___fttol@exp1               cstackBANK0  000089
___fttol@f1                 cstackBANK0  00007B
___fttol@lval               cstackBANK0  000085
___fttol@sign1              cstackBANK0  000084
___inthi_sp                 stack        000000
___intlo_sp                 stack        000000
___lwdiv                    text8        002406
___lwdiv@counter            cstackCOMRAM 00001B
___lwdiv@dividend           cstackCOMRAM 000016
___lwdiv@divisor            cstackCOMRAM 000018
___lwdiv@quotient           cstackCOMRAM 00001C
___lwmod                    text7        0025EA
___lwmod@counter            cstackCOMRAM 000023
___lwmod@dividend           cstackCOMRAM 00001E
___lwmod@divisor            cstackCOMRAM 000020
___lwtoft                   text30       0028D2
___lwtoft@c                 cstackCOMRAM 00001F
___sp                       stack        000000
___wmul                     text17       00272A
___wmul@multiplicand        cstackCOMRAM 000021
___wmul@multiplier          cstackCOMRAM 00001F
___wmul@product             cstackCOMRAM 000025
__accesstop                 (abs)        000060
__activetblptr              (abs)        000002
__end_of_Open1USART         text26       002406
__end_of_OpenI2C1           text25       0029AC
__end_of_SetDCEPWM1         text40       002812
__end_of_SetDCEPWM2         text39       0027D8
__end_of_SetDCEPWM3         text38       0026B4
__end_of_SetDCPWM4          text37       002672
__end_of_Thruster_Driver    text35       001184
__end_of_Tomcat_Camera      text34       002990
__end_of_Tomcat_Claw        text33       00259E
__end_of_Tomcat_Depth       text28       001C30
__end_of_Tomcat_Press_Int   text27       001D36
__end_of_Tomcat_Setup       text24       001F18
__end_of_Tomcat_TX_data     text22       0025EA
__end_of_Tomcat_TX_error    text21       002876
__end_of_Tomcat_TX_warn     text20       002972
__end_of_Tomcat_Temp        text19       0020A2
__end_of_Tomcat_Temp_Ex     text13       0016A4
__end_of_Write1USART        text23       0029C0
__end_of___awmod            text12       002296
__end_of___awtoft           text41       0024B0
__end_of___ftadd            text32       000F44
__end_of___ftdiv            text43       001B28
__end_of___ftmul            text31       00135C
__end_of___ftneg            text18       00279E
__end_of___ftpack           text42       0021FA
__end_of___fttol            text36       001504
__end_of___lwdiv            text8        00245C
__end_of___lwmod            text7        002630
__end_of___lwtoft           text30       0028FE
__end_of___wmul             text17       002764
__end_of__initialization    cinit        0023A2
__end_of__stringdata        smallconst   000670
__end_of_analogRead         text29       002848
__end_of_atoi               text10       001FE6
__end_of_dpowers            smallconst   00060B
__end_of_eval_poly          text16       001E2C
__end_of_frexp              text15       00232A
__end_of_isdigit            text11       002928
__end_of_isr                intcode      0001BA
__end_of_log                text14       001840
__end_of_main               text0        000C18
__end_of_puts1USART         text9        00294E
__end_of_sprintf            text6        0019C6
__end_of_strchr             text4        0026F0
__end_of_strcpy             text47       0028D2
__end_of_strcspn            text3        002550
__end_of_strlen             text5        00272A
__end_of_strspn             text2        002500
__end_of_strtok             text1        002152
__end_ofatan@coeff_a        smallconst   00063A
__end_ofatan@coeff_b        smallconst   000649
__end_ofi2_Tomcat_TX_error  text45       0028A4
__end_ofi2_Write1USART      text46       0029D4
__end_oflog@coeff           smallconst   000628
__end_ofmain@F8439          smallconst   00060D
__gaddress                  bssCOMRAM    000043
__initialization            cinit        00232A
__mediumconst               mediumconst  000000
__pbitbssCOMRAM             bitbssCOMRAM 0001F8
__pbssBANK0                 bssBANK0     0000B1
__pbssBANK1                 bssBANK1     000170
__pbssCOMRAM                bssCOMRAM    000040
__pcinit                    cinit        00232A
__pcstackBANK0              cstackBANK0  000060
__pcstackBANK1              cstackBANK1  000100
__pcstackCOMRAM             cstackCOMRAM 000001
__pdataBANK0                dataBANK0    0000F2
__pdataBANK1                dataBANK1    0001BD
__pdataCOMRAM               dataCOMRAM   000033
__pidataBANK0               idataBANK0   0029E0
__pidataBANK1               idataBANK1   0029EC
__pidataCOMRAM              idataCOMRAM  0029D4
__pintcode                  intcode      000008
__psmallconst               smallconst   000600
__ptext0                    text0        000672
__ptext1                    text1        0020A2
__ptext10                   text10       001F18
__ptext11                   text11       0028FE
__ptext12                   text12       0021FA
__ptext13                   text13       001504
__ptext14                   text14       0016A4
__ptext15                   text15       002296
__ptext16                   text16       001D36
__ptext17                   text17       00272A
__ptext18                   text18       002764
__ptext19                   text19       001FE6
__ptext2                    text2        0024B0
__ptext20                   text20       00294E
__ptext21                   text21       002848
__ptext22                   text22       00259E
__ptext23                   text23       0029AC
__ptext24                   text24       001E2C
__ptext25                   text25       002990
__ptext26                   text26       0023AC
__ptext27                   text27       001C30
__ptext28                   text28       001B28
__ptext29                   text29       002812
__ptext3                    text3        002500
__ptext30                   text30       0028D2
__ptext31                   text31       001184
__ptext32                   text32       000C18
__ptext33                   text33       002550
__ptext34                   text34       002972
__ptext35                   text35       000F44
__ptext36                   text36       00135C
__ptext37                   text37       002630
__ptext38                   text38       002672
__ptext39                   text39       00279E
__ptext4                    text4        0026B4
__ptext40                   text40       0027D8
__ptext41                   text41       00245C
__ptext42                   text42       002152
__ptext43                   text43       0019C6
__ptext45                   text45       002876
__ptext46                   text46       0029C0
__ptext47                   text47       0028A4
__ptext48                   text48       000000
__ptext5                    text5        0026F0
__ptext6                    text6        001840
__ptext7                    text7        0025EA
__ptext8                    text8        002406
__ptext9                    text9        002928
__ramtop                    ramtop       000600
__size_of_Open1USART        (abs)        000000
__size_of_OpenI2C1          (abs)        000000
__size_of_SetDCEPWM1        (abs)        000000
__size_of_SetDCEPWM2        (abs)        000000
__size_of_SetDCEPWM3        (abs)        000000
__size_of_SetDCPWM4         (abs)        000000
__size_of_Thruster_Driver   (abs)        000000
__size_of_Tomcat_Camera     (abs)        000000
__size_of_Tomcat_Claw       (abs)        000000
__size_of_Tomcat_Depth      (abs)        000000
__size_of_Tomcat_Press_Int  (abs)        000000
__size_of_Tomcat_Setup      (abs)        000000
__size_of_Tomcat_TX_data    (abs)        000000
__size_of_Tomcat_TX_error   (abs)        000000
__size_of_Tomcat_TX_warn    (abs)        000000
__size_of_Tomcat_Temp       (abs)        000000
__size_of_Tomcat_Temp_Ex    (abs)        000000
__size_of_Write1USART       (abs)        000000
__size_of___awmod           (abs)        000000
__size_of___awtoft          (abs)        000000
__size_of___ftadd           (abs)        000000
__size_of___ftdiv           (abs)        000000
__size_of___ftmul           (abs)        000000
__size_of___ftneg           (abs)        000000
__size_of___ftpack          (abs)        000000
__size_of___fttol           (abs)        000000
__size_of___lwdiv           (abs)        000000
__size_of___lwmod           (abs)        000000
__size_of___lwtoft          (abs)        000000
__size_of___wmul            (abs)        000000
__size_of_analogRead        (abs)        000000
__size_of_atoi              (abs)        000000
__size_of_eval_poly         (abs)        000000
__size_of_frexp             (abs)        000000
__size_of_isdigit           (abs)        000000
__size_of_isr               (abs)        000000
__size_of_log               (abs)        000000
__size_of_main              (abs)        000000
__size_of_puts1USART        (abs)        000000
__size_of_sprintf           (abs)        000000
__size_of_strchr            (abs)        000000
__size_of_strcpy            (abs)        000000
__size_of_strcspn           (abs)        000000
__size_of_strlen            (abs)        000000
__size_of_strspn            (abs)        000000
__size_of_strtok            (abs)        000000
__size_ofi2_Tomcat_TX_error (abs)        000000
__size_ofi2_Write1USART     (abs)        000000
__smallconst                smallconst   000600
__stringdata                smallconst   000649
__xmaddress                 bssCOMRAM    000044
_accel                      bssBANK0     0000E6
_analogRead                 text29       002812
_atoi                       text10       001F18
_comms_time                 bssBANK1     00018E
_dpowers                    smallconst   000601
_errno                      bssBANK0     0000B7
_eval_poly                  text16       001D36
_freg_acc_x                 dataCOMRAM   000033
_freg_acc_y                 dataCOMRAM   000037
_freg_acc_z                 dataCOMRAM   00003B
_freg_mag_x                 dataBANK0    0000F2
_freg_mag_y                 dataBANK0    0000F6
_freg_mag_z                 dataBANK0    0000FA
_frexp                      text15       002296
_gyro                       bssBANK0     0000B1
_isdigit                    text11       0028FE
_isdigit$3035               cstackCOMRAM 000017
_isr                        intcode      000008
_leak1_flag                 bitbssCOMRAM 0001F8
_leak2_flag                 bitbssCOMRAM 0001F9
_log                        text14       0016A4
_mag                        bssBANK0     0000EC
_main                       text0        000672
_puts1USART                 text9        002928
_rx1_255_flag               bssCOMRAM    000045
_rx1_buff                   bssBANK0     0000B9
_rx1_count                  bssCOMRAM    000046
_rx1_flag                   bitbssCOMRAM 0001FA
_rx2_flag                   bitbssCOMRAM 0001FB
_rx_temp_buff               bssBANK1     000190
_sprintf                    text6        001840
_strchr                     text4        0026B4
_strcpy                     text47       0028A4
_strcspn                    text3        002500
_strlen                     text5        0026F0
_strspn                     text2        0024B0
_strtok                     text1        0020A2
_time                       dataBANK1    0001BD
_tmr0_flag                  bitbssCOMRAM 0001FC
_tmr1_flag                  bitbssCOMRAM 0001FD
_tmr2_flag                  bitbssCOMRAM 0001FE
_tmr3_flag                  bitbssCOMRAM 0001FF
analogRead@channel          cstackCOMRAM 00001C
analogRead@num              cstackCOMRAM 00001D
atan@coeff_a                smallconst   000628
atan@coeff_b                smallconst   00063A
atoi@a                      cstackCOMRAM 00002C
atoi@s                      cstackCOMRAM 000027
atoi@sign                   cstackCOMRAM 00002B
end_of_initialization       cinit        0023A2
eval_poly@d                 cstackBANK0  00008D
eval_poly@n                 cstackBANK0  00008F
eval_poly@res               cstackBANK0  000096
eval_poly@x                 cstackBANK0  00008A
frexp@eptr                  cstackCOMRAM 000019
frexp@value                 cstackCOMRAM 000016
i2Tomcat_TX_error@code      cstackCOMRAM 000002
i2Write1USART@data          cstackCOMRAM 000001
i2_Tomcat_TX_error          text45       002876
i2_Write1USART              text46       0029C0
intlevel0                   text         000000
intlevel1                   text         000000
intlevel2                   text         000000
intlevel3                   text         000000
isdigit@c                   cstackCOMRAM 000018
log@coeff                   smallconst   00060D
log@exponent                cstackBANK0  00009E
log@x                       cstackBANK0  000099
main@F8436                  bssBANK1     000170
main@F8439                  smallconst   00060B
main@check                  cstackBANK1  00016D
main@check_recv             cstackBANK1  000169
main@comms_timed_out        cstackBANK1  000162
main@delimit                cstackBANK1  00013C
main@depth                  cstackBANK1  00013E
main@ex_temp                cstackBANK1  000140
main@in_count               cstackBANK1  00016F
main@input                  cstackBANK1  000144
main@int_press              cstackBANK1  00016B
main@int_temp               cstackBANK1  000163
main@main_current           cstackBANK1  000142
main@surf_buff              cstackBANK1  000100
main@token                  cstackBANK1  000167
main@v_current              cstackBANK1  000165
puts1USART@data             cstackCOMRAM 000017
sprintf@_val                cstackCOMRAM 00002A
sprintf@ap                  cstackCOMRAM 000026
sprintf@c                   cstackCOMRAM 00002F
sprintf@f                   cstackBANK0  000062
sprintf@flag                cstackCOMRAM 000028
sprintf@prec                cstackCOMRAM 000029
sprintf@sp                  cstackBANK0  000060
stackhi                     (abs)        0005FF
stacklo                     (abs)        0001BE
start                       init         0001BA
start_initialization        cinit        00232A
strchr@chr                  cstackCOMRAM 000018
strchr@ptr                  cstackCOMRAM 000016
strcpy@cp                   cstackCOMRAM 000005
strcpy@from                 cstackCOMRAM 000003
strcpy@to                   cstackCOMRAM 000001
strcspn@i                   cstackCOMRAM 00001F
strcspn@s1                  cstackCOMRAM 00001A
strcspn@s2                  cstackCOMRAM 00001C
strlen@cp                   cstackCOMRAM 00001A
strlen@s                    cstackCOMRAM 000016
strspn@i                    cstackCOMRAM 00001F
strspn@s1                   cstackCOMRAM 00001A
strspn@s2                   cstackCOMRAM 00001C
strtok@s1                   cstackCOMRAM 000021
strtok@s2                   cstackCOMRAM 000023
strtok@sp                   bssCOMRAM    000040


FUNCTION INFORMATION:

 *************** function _main *****************
 Defined at:
		line 65 in file "Tom_V_Main.c"
 Parameters:    Size  Location     Type
		None
 Auto vars:     Size  Location     Type
  surf_buff      60    0[BANK1 ] unsigned char [60]
  input          30   68[BANK1 ] int [15]
  check           2  109[BANK1 ] unsigned int 
  int_press       2  107[BANK1 ] int 
  check_recv      2  105[BANK1 ] unsigned int 
  token           2  103[BANK1 ] PTR unsigned char 
		 -> NULL(0), rx_temp_buff(45), 
  v_current       2  101[BANK1 ] int 
  int_temp        2   99[BANK1 ] int 
  main_current    2   66[BANK1 ] int 
  delimit         2   60[BANK1 ] const unsigned char [2]
  ex_temp         2   64[BANK1 ] int 
  depth           2   62[BANK1 ] int 
  roll            2    0        int 
  pitch           2    0        int 
  heading         2    0        int 
  in_count        1  111[BANK1 ] unsigned char 
  comms_timed_    1   98[BANK1 ] unsigned char 
 Return value:  Size  Location     Type
		None               void
 Registers used:
		wreg, fsr0l, fsr0h, fsr1l, fsr1h, fsr1l, fsr1h, fsr2l, fsr2h, status,2, status,0, pclat, btemp, btemp+1, btemp+2, btemp+3, btemp+4, btemp+5, btemp+6, btemp+7, btemp+8, btemp+9, btemp+10, btemp+11, tosl, structret, tblptrl, tblptrh, tblptru, prodl, prodh, bsr, cstack
 Tracked objects:
		On entry : 
		On exit  : 
		Unchanged: 
 Data sizes:     COMRAM   BANK0   BANK1   BANK2   BANK3   BANK4   BANK5
      Params:         0       0       0       0       0       0       0
      Locals:         0       0     112       0       0       0       0
      Temps:          0       2       0       0       0       0       0
      Totals:         0       2     112       0       0       0       0
Total ram usage:      114 bytes
 Hardware stack levels required when called:    8
 This function calls:
		_Thruster_Driver
		_Tomcat_Camera
		_Tomcat_Claw
		_Tomcat_Depth
		_Tomcat_Press_Int
		_Tomcat_Setup
		_Tomcat_TX_data
		_Tomcat_TX_error
		_Tomcat_TX_warn
		_Tomcat_Temp
		_Tomcat_Temp_Ex
		___awmod
		___wmul
		_analogRead
		_atoi
		_puts1USART
		_sprintf
		_strlen
		_strtok
 This function is called by:
		Startup code after reset
 This function uses a non-reentrant model


 *************** function _strtok *****************
 Defined at:
		line 8 in file "C:\Program Files (x86)\Microchip\xc8\v1.30\sources\common\strtok.c"
 Parameters:    Size  Location     Type
  s1              2   32[COMRAM] PTR unsigned char 
		 -> NULL(0), rx_temp_buff(45), 
  s2              2   34[COMRAM] PTR const unsigned char 
		 -> STR_4(2), STR_3(2), STR_2(2), 
 Auto vars:     Size  Location     Type
		None
 Return value:  Size  Location     Type
                  2   32[COMRAM] PTR unsigned char 
 Registers used:
		wreg, fsr0l, fsr0h, fsr1l, fsr1h, fsr1l, fsr1h, fsr2l, fsr2h, status,2, status,0, pclat, btemp, btemp+1, btemp+2, btemp+3, btemp+4, btemp+5, btemp+6, btemp+7, btemp+8, btemp+9, btemp+10, btemp+11, tosl, structret, tblptrl, tblptrh, tblptru, prodl, prodh, bsr, cstack
 Tracked objects:
		On entry : 
		On exit  : 
		Unchanged: 
 Data sizes:     COMRAM   BANK0   BANK1   BANK2   BANK3   BANK4   BANK5
      Params:         4       0       0       0       0       0       0
      Locals:         0       0       0       0       0       0       0
      Temps:          0       0       0       0       0       0       0
      Totals:         4       0       0       0       0       0       0
Total ram usage:        4 bytes
 Hardware stack levels used:    1
 Hardware stack levels required when called:    5
 This function calls:
		_strcspn
		_strspn
 This function is called by:
		_main
 This function uses a non-reentrant model


 *************** function _strspn *****************
 Defined at:
		line 4 in file "C:\Program Files (x86)\Microchip\xc8\v1.30\sources\common\strspn.c"
 Parameters:    Size  Location     Type
  s1              2   25[COMRAM] PTR const unsigned char 
		 -> NULL(0), rx_temp_buff(45), 
  s2              2   27[COMRAM] PTR const unsigned char 
		 -> STR_4(2), STR_3(2), STR_2(2), 
 Auto vars:     Size  Location     Type
  i               2   30[COMRAM] unsigned int 
 Return value:  Size  Location     Type
                  2   25[COMRAM] unsigned int 
 Registers used:
		wreg, fsr2l, fsr2h, status,2, status,0, tblptrl, tblptrh, tblptru, cstack
 Tracked objects:
		On entry : 
		On exit  : 
		Unchanged: 
 Data sizes:     COMRAM   BANK0   BANK1   BANK2   BANK3   BANK4   BANK5
      Params:         4       0       0       0       0       0       0
      Locals:         2       0       0       0       0       0       0
      Temps:          1       0       0       0       0       0       0
      Totals:         7       0       0       0       0       0       0
Total ram usage:        7 bytes
 Hardware stack levels used:    1
 Hardware stack levels required when called:    4
 This function calls:
		_strchr
 This function is called by:
		_strtok
 This function uses a non-reentrant model


 *************** function _strcspn *****************
 Defined at:
		line 4 in file "C:\Program Files (x86)\Microchip\xc8\v1.30\sources\common\strcspn.c"
 Parameters:    Size  Location     Type
  s1              2   25[COMRAM] PTR const unsigned char 
		 -> NULL(0), rx_temp_buff(45), 
  s2              2   27[COMRAM] PTR const unsigned char 
		 -> STR_4(2), STR_3(2), STR_2(2), 
 Auto vars:     Size  Location     Type
  i               2   30[COMRAM] unsigned int 
 Return value:  Size  Location     Type
                  2   25[COMRAM] unsigned int 
 Registers used:
		wreg, fsr2l, fsr2h, status,2, status,0, tblptrl, tblptrh, tblptru, cstack
 Tracked objects:
		On entry : 
		On exit  : 
		Unchanged: 
 Data sizes:     COMRAM   BANK0   BANK1   BANK2   BANK3   BANK4   BANK5
      Params:         4       0       0       0       0       0       0
      Locals:         2       0       0       0       0       0       0
      Temps:          1       0       0       0       0       0       0
      Totals:         7       0       0       0       0       0       0
Total ram usage:        7 bytes
 Hardware stack levels used:    1
 Hardware stack levels required when called:    4
 This function calls:
		_strchr
 This function is called by:
		_strtok
 This function uses a non-reentrant model


 *************** function _strchr *****************
 Defined at:
		line 4 in file "C:\Program Files (x86)\Microchip\xc8\v1.30\sources\common\strchr.c"
 Parameters:    Size  Location     Type
  ptr             2   21[COMRAM] PTR const unsigned char 
		 -> STR_4(2), STR_3(2), STR_2(2), 
  chr             2   23[COMRAM] int 
 Auto vars:     Size  Location     Type
		None
 Return value:  Size  Location     Type
                  2   21[COMRAM] PTR unsigned char 
 Registers used:
		wreg, status,2, status,0, tblptrl, tblptrh, tblptru
 Tracked objects:
		On entry : 
		On exit  : 
		Unchanged: 
 Data sizes:     COMRAM   BANK0   BANK1   BANK2   BANK3   BANK4   BANK5
      Params:         4       0       0       0       0       0       0
      Locals:         0       0       0       0       0       0       0
      Temps:          0       0       0       0       0       0       0
      Totals:         4       0       0       0       0       0       0
Total ram usage:        4 bytes
 Hardware stack levels used:    1
 Hardware stack levels required when called:    3
 This function calls:
		Nothing
 This function is called by:
		_strcspn
		_strspn
 This function uses a non-reentrant model


 *************** function _strlen *****************
 Defined at:
		line 4 in file "C:\Program Files (x86)\Microchip\xc8\v1.30\sources\common\strlen.c"
 Parameters:    Size  Location     Type
  s               2   21[COMRAM] PTR const unsigned char 
		 -> main@surf_buff(60), 
 Auto vars:     Size  Location     Type
  cp              2   25[COMRAM] PTR const unsigned char 
		 -> main@surf_buff(60), 
 Return value:  Size  Location     Type
                  2   21[COMRAM] unsigned int 
 Registers used:
		wreg, fsr2l, fsr2h, status,2, status,0
 Tracked objects:
		On entry : 
		On exit  : 
		Unchanged: 
 Data sizes:     COMRAM   BANK0   BANK1   BANK2   BANK3   BANK4   BANK5
      Params:         2       0       0       0       0       0       0
      Locals:         2       0       0       0       0       0       0
      Temps:          2       0       0       0       0       0       0
      Totals:         6       0       0       0       0       0       0
Total ram usage:        6 bytes
 Hardware stack levels used:    1
 Hardware stack levels required when called:    3
 This function calls:
		Nothing
 This function is called by:
		_main
 This function uses a non-reentrant model


 *************** function _sprintf *****************
 Defined at:
		line 492 in file "C:\Program Files (x86)\Microchip\xc8\v1.30\sources\common\doprnt.c"
 Parameters:    Size  Location     Type
  sp              2    0[BANK0 ] PTR unsigned char 
		 -> main@surf_buff(60), 
  f               2    2[BANK0 ] PTR const unsigned char 
		 -> STR_1(37), 
 Auto vars:     Size  Location     Type
  _val            5   41[COMRAM] struct .
  ap              2   37[COMRAM] PTR void [1]
		 -> ?_sprintf(2), 
  c               1   46[COMRAM] char 
  prec            1   40[COMRAM] char 
  flag            1   39[COMRAM] unsigned char 
 Return value:  Size  Location     Type
                  2    0[BANK0 ] int 
 Registers used:
		wreg, fsr2l, fsr2h, status,2, status,0, tblptrl, tblptrh, tblptru, prodl, prodh, cstack
 Tracked objects:
		On entry : 
		On exit  : 
		Unchanged: 
 Data sizes:     COMRAM   BANK0   BANK1   BANK2   BANK3   BANK4   BANK5
      Params:         0      28       0       0       0       0       0
      Locals:        10       0       0       0       0       0       0
      Temps:          2       0       0       0       0       0       0
      Totals:        12      28       0       0       0       0       0
Total ram usage:       40 bytes
 Hardware stack levels used:    1
 Hardware stack levels required when called:    4
 This function calls:
		___lwdiv
		___lwmod
 This function is called by:
		_main
 This function uses a non-reentrant model


 *************** function ___lwmod *****************
 Defined at:
		line 8 in file "C:\Program Files (x86)\Microchip\xc8\v1.30\sources\common\lwmod.c"
 Parameters:    Size  Location     Type
  dividend        2   29[COMRAM] unsigned int 
  divisor         2   31[COMRAM] unsigned int 
 Auto vars:     Size  Location     Type
  counter         1   34[COMRAM] unsigned char 
 Return value:  Size  Location     Type
                  2   29[COMRAM] unsigned int 
 Registers used:
		wreg, status,2, status,0
 Tracked objects:
		On entry : 
		On exit  : 
		Unchanged: 
 Data sizes:     COMRAM   BANK0   BANK1   BANK2   BANK3   BANK4   BANK5
      Params:         4       0       0       0       0       0       0
      Locals:         1       0       0       0       0       0       0
      Temps:          1       0       0       0       0       0       0
      Totals:         6       0       0       0       0       0       0
Total ram usage:        6 bytes
 Hardware stack levels used:    1
 Hardware stack levels required when called:    3
 This function calls:
		Nothing
 This function is called by:
		_sprintf
 This function uses a non-reentrant model


 *************** function ___lwdiv *****************
 Defined at:
		line 8 in file "C:\Program Files (x86)\Microchip\xc8\v1.30\sources\common\lwdiv.c"
 Parameters:    Size  Location     Type
  dividend        2   21[COMRAM] unsigned int 
  divisor         2   23[COMRAM] unsigned int 
 Auto vars:     Size  Location     Type
  quotient        2   27[COMRAM] unsigned int 
  counter         1   26[COMRAM] unsigned char 
 Return value:  Size  Location     Type
                  2   21[COMRAM] unsigned int 
 Registers used:
		wreg, status,2, status,0
 Tracked objects:
		On entry : 
		On exit  : 
		Unchanged: 
 Data sizes:     COMRAM   BANK0   BANK1   BANK2   BANK3   BANK4   BANK5
      Params:         4       0       0       0       0       0       0
      Locals:         3       0       0       0       0       0       0
      Temps:          1       0       0       0       0       0       0
      Totals:         8       0       0       0       0       0       0
Total ram usage:        8 bytes
 Hardware stack levels used:    1
 Hardware stack levels required when called:    3
 This function calls:
		Nothing
 This function is called by:
		_sprintf
 This function uses a non-reentrant model


 *************** function _puts1USART *****************
 Defined at:
		line 14 in file "C:\Program Files (x86)\Microchip\xc8\v1.30\sources\pic18\plib\USART\u1puts.c"
 Parameters:    Size  Location     Type
  data            2   22[COMRAM] PTR unsigned char 
		 -> rx_temp_buff(45), 
 Auto vars:     Size  Location     Type
		None
 Return value:  Size  Location     Type
		None               void
 Registers used:
		wreg, fsr2l, fsr2h, status,2, status,0, cstack
 Tracked objects:
		On entry : 
		On exit  : 
		Unchanged: 
 Data sizes:     COMRAM   BANK0   BANK1   BANK2   BANK3   BANK4   BANK5
      Params:         2       0       0       0       0       0       0
      Locals:         0       0       0       0       0       0       0
      Temps:          0       0       0       0       0       0       0
      Totals:         2       0       0       0       0       0       0
Total ram usage:        2 bytes
 Hardware stack levels used:    1
 Hardware stack levels required when called:    4
 This function calls:
		_Write1USART
 This function is called by:
		_main
 This function uses a non-reentrant model


 *************** function _atoi *****************
 Defined at:
		line 5 in file "C:\Program Files (x86)\Microchip\xc8\v1.30\sources\common\atoi.c"
 Parameters:    Size  Location     Type
  s               2   38[COMRAM] PTR const unsigned char 
		 -> NULL(0), rx_temp_buff(45), 
 Auto vars:     Size  Location     Type
  a               2   43[COMRAM] int 
  sign            1   42[COMRAM] unsigned char 
 Return value:  Size  Location     Type
                  2   38[COMRAM] int 
 Registers used:
		wreg, fsr2l, fsr2h, status,2, status,0, prodl, prodh, cstack
 Tracked objects:
		On entry : 
		On exit  : 
		Unchanged: 
 Data sizes:     COMRAM   BANK0   BANK1   BANK2   BANK3   BANK4   BANK5
      Params:         2       0       0       0       0       0       0
      Locals:         3       0       0       0       0       0       0
      Temps:          2       0       0       0       0       0       0
      Totals:         7       0       0       0       0       0       0
Total ram usage:        7 bytes
 Hardware stack levels used:    1
 Hardware stack levels required when called:    4
 This function calls:
		___wmul
		_isdigit
 This function is called by:
		_main
 This function uses a non-reentrant model


 *************** function _isdigit *****************
 Defined at:
		line 8 in file "C:\Program Files (x86)\Microchip\xc8\v1.30\sources\common\isdigit.c"
 Parameters:    Size  Location     Type
  c               1    wreg     unsigned char 
 Auto vars:     Size  Location     Type
  c               1   23[COMRAM] unsigned char 
 Return value:  Size  Location     Type
		None               void
 Registers used:
		wreg, status,2, status,0
 Tracked objects:
		On entry : 
		On exit  : 
		Unchanged: 
 Data sizes:     COMRAM   BANK0   BANK1   BANK2   BANK3   BANK4   BANK5
      Params:         0       0       0       0       0       0       0
      Locals:         2       0       0       0       0       0       0
      Temps:          1       0       0       0       0       0       0
      Totals:         3       0       0       0       0       0       0
Total ram usage:        3 bytes
 Hardware stack levels used:    1
 Hardware stack levels required when called:    3
 This function calls:
		Nothing
 This function is called by:
		_atoi
 This function uses a non-reentrant model


 *************** function ___awmod *****************
 Defined at:
		line 8 in file "C:\Program Files (x86)\Microchip\xc8\v1.30\sources\common\awmod.c"
 Parameters:    Size  Location     Type
  dividend        2   21[COMRAM] int 
  divisor         2   23[COMRAM] int 
 Auto vars:     Size  Location     Type
  sign            1   27[COMRAM] unsigned char 
  counter         1   26[COMRAM] unsigned char 
 Return value:  Size  Location     Type
                  2   21[COMRAM] int 
 Registers used:
		wreg, status,2, status,0, prodl
 Tracked objects:
		On entry : 
		On exit  : 
		Unchanged: 
 Data sizes:     COMRAM   BANK0   BANK1   BANK2   BANK3   BANK4   BANK5
      Params:         4       0       0       0       0       0       0
      Locals:         2       0       0       0       0       0       0
      Temps:          1       0       0       0       0       0       0
      Totals:         7       0       0       0       0       0       0
Total ram usage:        7 bytes
 Hardware stack levels used:    1
 Hardware stack levels required when called:    3
 This function calls:
		Nothing
 This function is called by:
		_main
 This function uses a non-reentrant model


 *************** function _Tomcat_Temp_Ex *****************
 Defined at:
		line 236 in file "Tomcat_V_driver.c"
 Parameters:    Size  Location     Type
		None
 Auto vars:     Size  Location     Type
  temp            3   76[BANK0 ] float 
 Return value:  Size  Location     Type
                  2   67[BANK0 ] int 
 Registers used:
		wreg, fsr2l, fsr2h, status,2, status,0, tblptrl, tblptrh, tblptru, prodl, prodh, cstack
 Tracked objects:
		On entry : 
		On exit  : 
		Unchanged: 
 Data sizes:     COMRAM   BANK0   BANK1   BANK2   BANK3   BANK4   BANK5
      Params:         0       2       0       0       0       0       0
      Locals:         0       6       0       0       0       0       0
      Temps:          0       4       0       0       0       0       0
      Totals:         0      12       0       0       0       0       0
Total ram usage:       12 bytes
 Hardware stack levels used:    1
 Hardware stack levels required when called:    7
 This function calls:
		___ftadd
		___ftdiv
		___ftmul
		___ftneg
		___fttol
		___lwtoft
		_analogRead
		_log
 This function is called by:
		_main
 This function uses a non-reentrant model


 *************** function _log *****************
 Defined at:
		line 5 in file "C:\Program Files (x86)\Microchip\xc8\v1.30\sources\common\log.c"
 Parameters:    Size  Location     Type
  x               3   57[BANK0 ] int 
 Auto vars:     Size  Location     Type
  exponent        2   62[BANK0 ] int 
 Return value:  Size  Location     Type
                  3   57[BANK0 ] int 
 Registers used:
		wreg, fsr2l, fsr2h, status,2, status,0, tblptrl, tblptrh, tblptru, prodl, prodh, cstack
 Tracked objects:
		On entry : 
		On exit  : 
		Unchanged: 
 Data sizes:     COMRAM   BANK0   BANK1   BANK2   BANK3   BANK4   BANK5
      Params:         0       3       0       0       0       0       0
      Locals:         0       4       0       0       0       0       0
      Temps:          0       0       0       0       0       0       0
      Totals:         0       7       0       0       0       0       0
Total ram usage:        7 bytes
 Hardware stack levels used:    1
 Hardware stack levels required when called:    6
 This function calls:
		___awtoft
		___ftadd
		___ftmul
		_eval_poly
		_frexp
 This function is called by:
		_Tomcat_Temp_Ex
 This function uses a non-reentrant model


 *************** function _frexp *****************
 Defined at:
		line 254 in file "C:\Program Files (x86)\Microchip\xc8\v1.30\sources\common\frexp.c"
 Parameters:    Size  Location     Type
  value           3   21[COMRAM] int 
  eptr            2   24[COMRAM] PTR int 
		 -> log@exponent(2), 
 Auto vars:     Size  Location     Type
		None
 Return value:  Size  Location     Type
                  3   21[COMRAM] PTR int 
 Registers used:
		wreg, fsr2l, fsr2h, status,2, status,0
 Tracked objects:
		On entry : 
		On exit  : 
		Unchanged: 
 Data sizes:     COMRAM   BANK0   BANK1   BANK2   BANK3   BANK4   BANK5
      Params:         5       0       0       0       0       0       0
      Locals:         0       0       0       0       0       0       0
      Temps:          3       0       0       0       0       0       0
      Totals:         8       0       0       0       0       0       0
Total ram usage:        8 bytes
 Hardware stack levels used:    1
 Hardware stack levels required when called:    3
 This function calls:
		Nothing
 This function is called by:
		_log
 This function uses a non-reentrant model


 *************** function _eval_poly *****************
 Defined at:
		line 4 in file "C:\Program Files (x86)\Microchip\xc8\v1.30\sources\common\evalpoly.c"
 Parameters:    Size  Location     Type
  x               3   42[BANK0 ] PTR int 
  d               2   45[BANK0 ] PTR const 
		 -> log@coeff(27), atan@coeff_a(18), atan@coeff_b(15), 
  n               2   47[BANK0 ] int 
 Auto vars:     Size  Location     Type
  res             3   54[BANK0 ] int 
 Return value:  Size  Location     Type
                  3   42[BANK0 ] int 
 Registers used:
		wreg, status,2, status,0, tblptrl, tblptrh, tblptru, prodl, prodh, cstack
 Tracked objects:
		On entry : 
		On exit  : 
		Unchanged: 
 Data sizes:     COMRAM   BANK0   BANK1   BANK2   BANK3   BANK4   BANK5
      Params:         0       7       0       0       0       0       0
      Locals:         0       6       0       0       0       0       0
      Temps:          0       2       0       0       0       0       0
      Totals:         0      15       0       0       0       0       0
Total ram usage:       15 bytes
 Hardware stack levels used:    1
 Hardware stack levels required when called:    5
 This function calls:
		___ftadd
		___ftmul
		___wmul
 This function is called by:
		_log
		_atan
 This function uses a non-reentrant model


 *************** function ___wmul *****************
 Defined at:
		line 4 in file "C:\Program Files (x86)\Microchip\xc8\v1.30\sources\common\wmul.c"
 Parameters:    Size  Location     Type
  multiplier      2   30[COMRAM] unsigned int 
  multiplicand    2   32[COMRAM] unsigned int 
 Auto vars:     Size  Location     Type
  product         2   36[COMRAM] unsigned int 
 Return value:  Size  Location     Type
                  2   30[COMRAM] unsigned int 
 Registers used:
		wreg, status,2, status,0, prodl, prodh
 Tracked objects:
		On entry : 
		On exit  : 
		Unchanged: 
 Data sizes:     COMRAM   BANK0   BANK1   BANK2   BANK3   BANK4   BANK5
      Params:         4       0       0       0       0       0       0
      Locals:         4       0       0       0       0       0       0
      Temps:          0       0       0       0       0       0       0
      Totals:         8       0       0       0       0       0       0
Total ram usage:        8 bytes
 Hardware stack levels used:    1
 Hardware stack levels required when called:    3
 This function calls:
		Nothing
 This function is called by:
		_main
		_atoi
		_eval_poly
 This function uses a non-reentrant model


 *************** function ___ftneg *****************
 Defined at:
		line 15 in file "C:\Program Files (x86)\Microchip\xc8\v1.30\sources\common\ftneg.c"
 Parameters:    Size  Location     Type
  f1              3   64[BANK0 ] float 
 Auto vars:     Size  Location     Type
		None
 Return value:  Size  Location     Type
                  3   64[BANK0 ] float 
 Registers used:
		wreg, status,2, status,0
 Tracked objects:
		On entry : 
		On exit  : 
		Unchanged: 
 Data sizes:     COMRAM   BANK0   BANK1   BANK2   BANK3   BANK4   BANK5
      Params:         0       3       0       0       0       0       0
      Locals:         0       0       0       0       0       0       0
      Temps:          0       0       0       0       0       0       0
      Totals:         0       3       0       0       0       0       0
Total ram usage:        3 bytes
 Hardware stack levels used:    1
 Hardware stack levels required when called:    3
 This function calls:
		Nothing
 This function is called by:
		_Tomcat_Temp_Ex
		_Tomcat_Heading
		_atan
		_fabs
 This function uses a non-reentrant model


 *************** function _Tomcat_Temp *****************
 Defined at:
		line 229 in file "Tomcat_V_driver.c"
 Parameters:    Size  Location     Type
		None
 Auto vars:     Size  Location     Type
  temp            3   48[BANK0 ] float 
 Return value:  Size  Location     Type
                  2   42[BANK0 ] int 
 Registers used:
		wreg, status,2, status,0, cstack
 Tracked objects:
		On entry : 
		On exit  : 
		Unchanged: 
 Data sizes:     COMRAM   BANK0   BANK1   BANK2   BANK3   BANK4   BANK5
      Params:         0       2       0       0       0       0       0
[...]


 *************** function _SetDCEPWM3 *****************
 Defined at:
		line 16 in file "C:\Program Files (x86)\Microchip\xc8\v1.30\sources\pic18\plib\PWM\ew3setdc.c"
 Parameters:    Size  Location     Type
  dutycycle       2   21[COMRAM] unsigned int 
 Auto vars:     Size  Location     Type
  DCycle          2   25[COMRAM] struct PWMDC
 Return value:  Size  Location     Type
		None               void
 Registers used:
		wreg, status,2, status,0
 Tracked objects:
		On entry : 
		On exit  : 
		Unchanged: 
 Data sizes:     COMRAM   BANK0   BANK1   BANK2   BANK3   BANK4   BANK5
      Params:         2       0       0       0       0       0       0
      Locals:         2       0       0       0       0       0       0
      Temps:          2       0       0       0       0       0       0
      Totals:         6       0       0       0       0       0       0
Total ram usage:        6 bytes
 Hardware stack levels used:    1
 Hardware stack levels required when called:    3
 This function calls:
		Nothing
 This function is called by:
		_Thruster_Driver
 This function uses a non-reentrant model


 *************** function _SetDCEPWM2 *****************
 Defined at:
		line 16 in file "C:\Program Files (x86)\Microchip\xc8\v1.30\sources\pic18\plib\PWM\ew2setdc.c"
 Parameters:    Size  Location     Type
  dutycycle       2   21[COMRAM] unsigned int 
 Auto vars:     Size  Location     Type
  DCycle          2   25[COMRAM] struct PWMDC
 Return value:  Size  Location     Type
		None               void
 Registers used:
		wreg, status,2, status,0
 Tracked objects:
		On entry : 
		On exit  : 
		Unchanged: 
 Data sizes:     COMRAM   BANK0   BANK1   BANK2   BANK3   BANK4   BANK5
      Params:         2       0       0       0       0       0       0
      Locals:         2       0       0       0       0       0       0
      Temps:          2       0       0       0       0       0       0
      Totals:         6       0       0       0       0       0       0
Total ram usage:        6 bytes
 Hardware stack levels used:    1
 Hardware stack levels required when called:    3
 This function calls:
		Nothing
 This function is called by:
		_Thruster_Driver
 This function uses a non-reentrant model


 *************** function _SetDCEPWM1 *****************
 Defined at:
		line 32 in file "C:\Program Files (x86)\Microchip\xc8\v1.30\sources\pic18\plib\PWM\ew1setdc.c"
 Parameters:    Size  Location     Type
  dutycycle       2   21[COMRAM] unsigned int 
 Auto vars:     Size  Location     Type
  DCycle          2   25[COMRAM] struct PWMDC
 Return value:  Size  Location     Type
		None               void
 Registers used:
		wreg, status,2, status,0
 Tracked objects:
		On entry : 
		On exit  : 
		Unchanged: 
 Data sizes:     COMRAM   BANK0   BANK1   BANK2   BANK3   BANK4   BANK5
      Params:         2       0       0       0       0       0       0
      Locals:         2       0       0       0       0       0       0
      Temps:          2       0       0       0       0       0       0
      Totals:         6       0       0       0       0       0       0
Total ram usage:        6 bytes
 Hardware stack levels used:    1
 Hardware stack levels required when called:    3
 This function calls:
		Nothing
 This function is called by:
		_Thruster_Driver
 This function uses a non-reentrant model


 *************** function ___awtoft *****************
 Defined at:
		line 32 in file "C:\Program Files (x86)\Microchip\xc8\v1.30\sources\common\awtoft.c"
 Parameters:    Size  Location     Type
  c               2   29[COMRAM] int 
 Auto vars:     Size  Location     Type
  sign            1   34[COMRAM] unsigned char 
 Return value:  Size  Location     Type
                  3   29[COMRAM] float 
 Registers used:
		wreg, status,2, status,0, prodl, cstack
 Tracked objects:
		On entry : 
		On exit  : 
		Unchanged: 
 Data sizes:     COMRAM   BANK0   BANK1   BANK2   BANK3   BANK4   BANK5
      Params:         3       0       0       0       0       0       0
      Locals:         2       0       0       0       0       0       0
      Temps:          1       0       0       0       0       0       0
      Totals:         6       0       0       0       0       0       0
Total ram usage:        6 bytes
 Hardware stack levels used:    1
 Hardware stack levels required when called:    4
 This function calls:
		___ftpack
 This function is called by:
		_Thruster_Driver
		_log
		_Tomcat_Heading
		_Tomcat_Pitch
		_Tomcat_Roll
 This function uses a non-reentrant model


 *************** function ___ftpack *****************
 Defined at:
		line 62 in file "C:\Program Files (x86)\Microchip\xc8\v1.30\sources\common\float.c"
 Parameters:    Size  Location     Type
  arg             3   21[COMRAM] unsigned um
  exp             1   24[COMRAM] unsigned char 
  sign            1   25[COMRAM] unsigned char 
 Auto vars:     Size  Location     Type
		None
 Return value:  Size  Location     Type
                  3   21[COMRAM] float 
 Registers used:
		wreg, status,2, status,0
 Tracked objects:
		On entry : 
		On exit  : 
		Unchanged: 
 Data sizes:     COMRAM   BANK0   BANK1   BANK2   BANK3   BANK4   BANK5
      Params:         5       0       0       0       0       0       0
      Locals:         0       0       0       0       0       0       0
      Temps:          3       0       0       0       0       0       0
      Totals:         8       0       0       0       0       0       0
Total ram usage:        8 bytes
 Hardware stack levels used:    1
 Hardware stack levels required when called:    3
 This function calls:
		Nothing
 This function is called by:
		___awtoft
		___ftadd
		___ftdiv
		___ftmul
		___lwtoft
 This function uses a non-reentrant model


 *************** function ___ftdiv *****************
 Defined at:
		line 49 in file "C:\Program Files (x86)\Microchip\xc8\v1.30\sources\common\ftdiv.c"
 Parameters:    Size  Location     Type
  f1              3    0[BANK0 ] float 
  f2              3    3[BANK0 ] float 
 Auto vars:     Size  Location     Type
  f3              3   45[COMRAM] float 
  sign            1   49[COMRAM] unsigned char 
  exp             1   48[COMRAM] unsigned char 
  cntr            1   44[COMRAM] unsigned char 
 Return value:  Size  Location     Type
                  3    0[BANK0 ] float 
 Registers used:
		wreg, status,2, status,0, cstack
 Tracked objects:
		On entry : 
		On exit  : 
		Unchanged: 
 Data sizes:     COMRAM   BANK0   BANK1   BANK2   BANK3   BANK4   BANK5
      Params:         0       6       0       0       0       0       0
      Locals:        12       0       0       0       0       0       0
      Temps:          3       0       0       0       0       0       0
      Totals:        15       6       0       0       0       0       0
Total ram usage:       21 bytes
 Hardware stack levels used:    1
 Hardware stack levels required when called:    4
 This function calls:
		___ftpack
 This function is called by:
		_Thruster_Driver
		_Tomcat_Depth
		_Tomcat_Temp
		_Tomcat_Temp_Ex
		_Tomcat_Heading
		_Tomcat_Pitch
		_Tomcat_Roll
		_atan
 This function uses a non-reentrant model


 *************** function _isr *****************
 Defined at:
		line 3 in file "Tom_V_Main.c"
 Parameters:    Size  Location     Type
		None
 Auto vars:     Size  Location     Type
		None
 Return value:  Size  Location     Type
		None               void
 Registers used:
		wreg, fsr1l, fsr1h, fsr2l, fsr2h, status,2, status,0, prodl, prodh, cstack
 Tracked objects:
		On entry : 
		On exit  : 
		Unchanged: 
 Data sizes:     COMRAM   BANK0   BANK1   BANK2   BANK3   BANK4   BANK5
      Params:         0       0       0       0       0       0       0
      Locals:         0       0       0       0       0       0       0
      Temps:         15       0       0       0       0       0       0
      Totals:        15       0       0       0       0       0       0
Total ram usage:       15 bytes
 Hardware stack levels used:    1
 Hardware stack levels required when called:    2
 This function calls:
		_strcpy
		i2_Tomcat_TX_error
 This function is called by:
		Interrupt level 2
 This function uses a non-reentrant model


 *************** function i2_Tomcat_TX_error *****************
 Defined at:
		line 295 in file "Tomcat_V_driver.c"
 Parameters:    Size  Location     Type
  code            1    wreg     unsigned char 
 Auto vars:     Size  Location     Type
  code            1    1[COMRAM] unsigned char 
 Return value:  Size  Location     Type
		None               void
 Registers used:
		wreg, status,2, cstack
 Tracked objects:
		On entry : 
		On exit  : 
		Unchanged: 
 Data sizes:     COMRAM   BANK0   BANK1   BANK2   BANK3   BANK4   BANK5
      Params:         0       0       0       0       0       0       0
      Locals:         1       0       0       0       0       0       0
      Temps:          0       0       0       0       0       0       0
      Totals:         1       0       0       0       0       0       0
Total ram usage:        1 bytes
 Hardware stack levels used:    1
 Hardware stack levels required when called:    1
 This function calls:
		i2_Write1USART
 This function is called by:
		_isr
 This function uses a non-reentrant model


 *************** function i2_Write1USART *****************
 Defined at:
		line 14 in file "C:\Program Files (x86)\Microchip\xc8\v1.30\sources\pic18\plib\USART\u1write.c"
 Parameters:    Size  Location     Type
  data            1    wreg     unsigned char 
 Auto vars:     Size  Location     Type
  data            1    0[COMRAM] unsigned char 
 Return value:  Size  Location     Type
		None               void
 Registers used:
		wreg
 Tracked objects:
		On entry : 
		On exit  : 
		Unchanged: 
 Data sizes:     COMRAM   BANK0   BANK1   BANK2   BANK3   BANK4   BANK5
      Params:         0       0       0       0       0       0       0
      Locals:         1       0       0       0       0       0       0
      Temps:          0       0       0       0       0       0       0
      Totals:         1       0       0       0       0       0       0
Total ram usage:        1 bytes
 Hardware stack levels used:    1
 This function calls:
		Nothing
 This function is called by:
		i2_Tomcat_TX_error
 This function uses a non-reentrant model


 *************** function _strcpy *****************
 Defined at:
		line 8 in file "C:\Program Files (x86)\Microchip\xc8\v1.30\sources\common\strcpy.c"
 Parameters:    Size  Location     Type
  to              2    0[COMRAM] PTR unsigned char 
		 -> rx_temp_buff(45), 
  from            2    2[COMRAM] PTR const unsigned char 
		 -> rx1_buff(45), 
 Auto vars:     Size  Location     Type
  cp              2    4[COMRAM] PTR unsigned char 
		 -> rx_temp_buff(45), 
 Return value:  Size  Location     Type
                  2    0[COMRAM] PTR unsigned char 
 Registers used:
		wreg, fsr1l, fsr1h, fsr2l, fsr2h, status,2, status,0
 Tracked objects:
		On entry : 
		On exit  : 
		Unchanged: 
 Data sizes:     COMRAM   BANK0   BANK1   BANK2   BANK3   BANK4   BANK5
      Params:         4       0       0       0       0       0       0
      Locals:         2       0       0       0       0       0       0
      Temps:          0       0       0       0       0       0       0
      Totals:         6       0       0       0       0       0       0
Total ram usage:        6 bytes
 Hardware stack levels used:    1
 This function calls:
		Nothing
 This function is called by:
		_isr
 This function uses a non-reentrant model



MODULE INFORMATION

Module		Function		Class		Link	Load	Size
C:\Program Files (x86)\Microchip\xc8\v1.30\sources\common\ftadd.c
		___ftadd       		CODE           	0C18	0000	812

C:\Program Files (x86)\Microchip\xc8\v1.30\sources\common\ftadd.c estimated size: 812

C:\Program Files (x86)\Microchip\xc8\v1.30\sources\common\strchr.c
		_strchr        		CODE           	26B4	0000	60

C:\Program Files (x86)\Microchip\xc8\v1.30\sources\common\strchr.c estimated size: 60

C:\Program Files (x86)\Microchip\xc8\v1.30\sources\common\lwdiv.c
		___lwdiv       		CODE           	2406	0000	86

C:\Program Files (x86)\Microchip\xc8\v1.30\sources\common\lwdiv.c estimated size: 86

C:\Program Files (x86)\Microchip\xc8\v1.30\sources\common\float.c
		___ftpack      		CODE           	2152	0000	168

C:\Program Files (x86)\Microchip\xc8\v1.30\sources\common\float.c estimated size: 168

C:\Program Files (x86)\Microchip\xc8\v1.30\sources\pic18\plib\USART\u1puts.c
		_puts1USART    		CODE           	2928	0000	38

C:\Program Files (x86)\Microchip\xc8\v1.30\sources\pic18\plib\USART\u1puts.c estimated size: 38

C:\Program Files (x86)\Microchip\xc8\v1.30\sources\pic18\plib\USART\u1open.c
		_Open1USART    		CODE           	23AC	0000	90

C:\Program Files (x86)\Microchip\xc8\v1.30\sources\pic18\plib\USART\u1open.c estimated size: 90

C:\Program Files (x86)\Microchip\xc8\v1.30\sources\common\wmul.c
		___wmul        		CODE           	272A	0000	58

C:\Program Files (x86)\Microchip\xc8\v1.30\sources\common\wmul.c estimated size: 58

C:\Program Files (x86)\Microchip\xc8\v1.30\sources\pic18\plib\i2c\i2c1open.c
		_OpenI2C1      		CODE           	2990	0000	28

C:\Program Files (x86)\Microchip\xc8\v1.30\sources\pic18\plib\i2c\i2c1open.c estimated size: 28

C:\Program Files (x86)\Microchip\xc8\v1.30\sources\common\frexp.c
		_frexp         		CODE           	2296	0000	148

C:\Program Files (x86)\Microchip\xc8\v1.30\sources\common\frexp.c estimated size: 148

shared
		__stringdata   		SMALLCONST     	0649	0000	39
		_dpowers       		SMALLCONST     	0601	0000	10
		atan@coeff_a   		SMALLCONST     	0628	0000	18
		atan@coeff_b   		SMALLCONST     	063A	0000	15
		__initializatio		CODE           	232A	0000	120
		main@F8439     		SMALLCONST     	060B	0000	2
		i2_Write1USART 		CODE           	29C0	0000	20
		i2_Tomcat_TX_er		CODE           	2876	0000	46
		log@coeff      		SMALLCONST     	060D	0000	27

shared estimated size: 297

C:\Program Files (x86)\Microchip\xc8\v1.30\sources\common\log.c
		_log           		CODE           	16A4	0000	412

C:\Program Files (x86)\Microchip\xc8\v1.30\sources\common\log.c estimated size: 412

C:\Program Files (x86)\Microchip\xc8\v1.30\sources\common\doprnt.c
		_sprintf       		CODE           	1840	0000	390

C:\Program Files (x86)\Microchip\xc8\v1.30\sources\common\doprnt.c estimated size: 390

Tom_V_Main.c
		_main          		CODE           	0672	0000	1446
		_isr           		CODE           	0008	0000	434

Tom_V_Main.c estimated size: 1880

C:\Program Files (x86)\Microchip\xc8\v1.30\sources\common\ftdiv.c
		___ftdiv       		CODE           	19C6	0000	354

C:\Program Files (x86)\Microchip\xc8\v1.30\sources\common\ftdiv.c estimated size: 354

C:\Program Files (x86)\Microchip\xc8\v1.30\sources\common\strcpy.c
		_strcpy        		CODE           	28A4	0000	46

C:\Program Files (x86)\Microchip\xc8\v1.30\sources\common\strcpy.c estimated size: 46

C:\Program Files (x86)\Microchip\xc8\v1.30\sources\pic18\plib\USART\u1write.c
		_Write1USART   		CODE           	29AC	0000	20

C:\Program Files (x86)\Microchip\xc8\v1.30\sources\pic18\plib\USART\u1write.c estimated size: 20

C:\Program Files (x86)\Microchip\xc8\v1.30\sources\common\strcspn.c
		_strcspn       		CODE           	2500	0000	80

C:\Program Files (x86)\Microchip\xc8\v1.30\sources\common\strcspn.c estimated size: 80

C:\Program Files (x86)\Microchip\xc8\v1.30\sources\common\ftneg.c
		___ftneg       		CODE           	2764	0000	58

C:\Program Files (x86)\Microchip\xc8\v1.30\sources\common\ftneg.c estimated size: 58

C:\Program Files (x86)\Microchip\xc8\v1.30\sources\common\isdigit.c
		_isdigit       		CODE           	28FE	0000	42

C:\Program Files (x86)\Microchip\xc8\v1.30\sources\common\isdigit.c estimated size: 42

C:\Program Files (x86)\Microchip\xc8\v1.30\sources\common\ftmul.c
		___ftmul       		CODE           	1184	0000	472

C:\Program Files (x86)\Microchip\xc8\v1.30\sources\common\ftmul.c estimated size: 472

C:\Program Files (x86)\Microchip\xc8\v1.30\sources\common\fttol.c
		___fttol       		CODE           	135C	0000	424

C:\Program Files (x86)\Microchip\xc8\v1.30\sources\common\fttol.c estimated size: 424

C:\Program Files (x86)\Microchip\xc8\v1.30\sources\pic18\plib\PWM\pw4setdc.c
		_SetDCPWM4     		CODE           	2630	0000	66

C:\Program Files (x86)\Microchip\xc8\v1.30\sources\pic18\plib\PWM\pw4setdc.c estimated size: 66

C:\Program Files (x86)\Microchip\xc8\v1.30\sources\common\strlen.c
		_strlen        		CODE           	26F0	0000	58

C:\Program Files (x86)\Microchip\xc8\v1.30\sources\common\strlen.c estimated size: 58

C:\Program Files (x86)\Microchip\xc8\v1.30\sources\common\awtoft.c
		___awtoft      		CODE           	245C	0000	84

C:\Program Files (x86)\Microchip\xc8\v1.30\sources\common\awtoft.c estimated size: 84

C:\Program Files (x86)\Microchip\xc8\v1.30\sources\common\evalpoly.c
		_eval_poly     		CODE           	1D36	0000	246

C:\Program Files (x86)\Microchip\xc8\v1.30\sources\common\evalpoly.c estimated size: 246

C:\Program Files (x86)\Microchip\xc8\v1.30\sources\common\strtok.c
		_strtok        		CODE           	20A2	0000	176

C:\Program Files (x86)\Microchip\xc8\v1.30\sources\common\strtok.c estimated size: 176

Tomcat_V_driver.c
		_Tomcat_TX_erro		CODE           	2848	0000	46
		_Tomcat_Temp   		CODE           	1FE6	0000	188
		_Tomcat_Claw   		CODE           	2550	0000	78
		_Tomcat_Depth  		CODE           	1B28	0000	264
		_Tomcat_Setup  		CODE           	1E2C	0000	236
		_Tomcat_Camera 		CODE           	2972	0000	30
		_Tomcat_Press_I		CODE           	1C30	0000	262
		_Tomcat_TX_data		CODE           	259E	0000	76
		_Tomcat_Temp_Ex		CODE           	1504	0000	416
		_Tomcat_TX_warn		CODE           	294E	0000	36
		_analogRead    		CODE           	2812	0000	54
		_Thruster_Drive		CODE           	0F44	0000	576

Tomcat_V_driver.c estimated size: 2262

C:\Program Files (x86)\Microchip\xc8\v1.30\sources\common\strspn.c
		_strspn        		CODE           	24B0	0000	80

C:\Program Files (x86)\Microchip\xc8\v1.30\sources\common\strspn.c estimated size: 80

C:\Program Files (x86)\Microchip\xc8\v1.30\sources\common\awmod.c
		___awmod       		CODE           	21FA	0000	156

C:\Program Files (x86)\Microchip\xc8\v1.30\sources\common\awmod.c estimated size: 156

C:\Program Files (x86)\Microchip\xc8\v1.30\sources\common\lwtoft.c
		___lwtoft      		CODE           	28D2	0000	44

C:\Program Files (x86)\Microchip\xc8\v1.30\sources\common\lwtoft.c estimated size: 44

C:\Program Files (x86)\Microchip\xc8\v1.30\sources\pic18\plib\PWM\ew1setdc.c
		_SetDCEPWM1    		CODE           	27D8	0000	58

C:\Program Files (x86)\Microchip\xc8\v1.30\sources\pic18\plib\PWM\ew1setdc.c estimated size: 58

C:\Program Files (x86)\Microchip\xc8\v1.30\sources\common\lwmod.c
		___lwmod       		CODE           	25EA	0000	70

C:\Program Files (x86)\Microchip\xc8\v1.30\sources\common\lwmod.c estimated size: 70

C:\Program Files (x86)\Microchip\xc8\v1.30\sources\pic18\plib\PWM\ew2setdc.c
		_SetDCEPWM2    		CODE           	279E	0000	58

C:\Program Files (x86)\Microchip\xc8\v1.30\sources\pic18\plib\PWM\ew2setdc.c estimated size: 58

C:\Program Files (x86)\Microchip\xc8\v1.30\sources\common\atoi.c
		_atoi          		CODE           	1F18	0000	206

C:\Program Files (x86)\Microchip\xc8\v1.30\sources\common\atoi.c estimated size: 206

C:\Program Files (x86)\Microchip\xc8\v1.30\sources\pic18\plib\PWM\ew3setdc.c
		_SetDCEPWM3    		CODE           	2672	0000	66

C:\Program Files (x86)\Microchip\xc8\v1.30\sources\pic18\plib\PWM\ew3setdc.c estimated size: 66

